[2026-01-03T15:33:27.115+0000] {local_task_job_runner.py:120} INFO - ::group::Pre task execution logs
[2026-01-03T15:33:27.231+0000] {taskinstance.py:2076} INFO - Dependencies all met for dep_context=non-requeueable deps ti=<TaskInstance: train_model_sample.train_model manual__2026-01-03T15:33:25.170685+00:00 [queued]>
[2026-01-03T15:33:27.270+0000] {taskinstance.py:2076} INFO - Dependencies all met for dep_context=requeueable deps ti=<TaskInstance: train_model_sample.train_model manual__2026-01-03T15:33:25.170685+00:00 [queued]>
[2026-01-03T15:33:27.273+0000] {taskinstance.py:2306} INFO - Starting attempt 1 of 1
[2026-01-03T15:33:27.331+0000] {taskinstance.py:2330} INFO - Executing <Task(PythonOperator): train_model> on 2026-01-03 15:33:25.170685+00:00
[2026-01-03T15:33:27.349+0000] {standard_task_runner.py:64} INFO - Started process 198 to run task
[2026-01-03T15:33:27.365+0000] {standard_task_runner.py:90} INFO - Running: ['***', 'tasks', 'run', 'train_model_sample', 'train_model', 'manual__2026-01-03T15:33:25.170685+00:00', '--job-id', '2', '--raw', '--subdir', 'DAGS_FOLDER/model_sample_dags.py', '--cfg-path', '/tmp/tmp4fxt2581']
[2026-01-03T15:33:27.376+0000] {standard_task_runner.py:91} INFO - Job 2: Subtask train_model
[2026-01-03T15:33:27.594+0000] {task_command.py:426} INFO - Running <TaskInstance: train_model_sample.train_model manual__2026-01-03T15:33:25.170685+00:00 [running]> on host 6d1d391a4431
[2026-01-03T15:33:27.939+0000] {taskinstance.py:2648} INFO - Exporting env vars: AIRFLOW_CTX_DAG_OWNER='***' AIRFLOW_CTX_DAG_ID='train_model_sample' AIRFLOW_CTX_TASK_ID='train_model' AIRFLOW_CTX_EXECUTION_DATE='2026-01-03T15:33:25.170685+00:00' AIRFLOW_CTX_TRY_NUMBER='1' AIRFLOW_CTX_DAG_RUN_ID='manual__2026-01-03T15:33:25.170685+00:00'
[2026-01-03T15:33:27.942+0000] {taskinstance.py:430} INFO - ::endgroup::
[2026-01-03T15:33:28.075+0000] {taskinstance.py:441} INFO - ::group::Post task execution logs
[2026-01-03T15:33:28.077+0000] {taskinstance.py:2905} ERROR - Task failed with exception
Traceback (most recent call last):
  File "/home/airflow/.local/lib/python3.10/site-packages/airflow/models/taskinstance.py", line 465, in _execute_task
    result = _execute_callable(context=context, **execute_callable_kwargs)
  File "/home/airflow/.local/lib/python3.10/site-packages/airflow/models/taskinstance.py", line 432, in _execute_callable
    return execute_callable(context=context, **execute_callable_kwargs)
  File "/home/airflow/.local/lib/python3.10/site-packages/airflow/models/baseoperator.py", line 401, in wrapper
    return func(self, *args, **kwargs)
  File "/home/airflow/.local/lib/python3.10/site-packages/airflow/operators/python.py", line 235, in execute
    return_value = self.execute_callable()
  File "/home/airflow/.local/lib/python3.10/site-packages/airflow/operators/python.py", line 252, in execute_callable
    return self.python_callable(*self.op_args, **self.op_kwargs)
  File "/opt/airflow/dags/model_sample_dags.py", line 14, in train_wrapper
    from mlflow_models.model_sample.model_sample_train import train
ModuleNotFoundError: No module named 'mlflow_models'
[2026-01-03T15:33:28.116+0000] {taskinstance.py:1206} INFO - Marking task as FAILED. dag_id=train_model_sample, task_id=train_model, run_id=manual__2026-01-03T15:33:25.170685+00:00, execution_date=20260103T153325, start_date=20260103T153327, end_date=20260103T153328
[2026-01-03T15:33:28.162+0000] {standard_task_runner.py:110} ERROR - Failed to execute job 2 for task train_model (No module named 'mlflow_models'; 198)
[2026-01-03T15:33:28.186+0000] {local_task_job_runner.py:243} INFO - Task exited with return code 1
[2026-01-03T15:33:28.242+0000] {taskinstance.py:3503} INFO - 0 downstream tasks scheduled from follow-on schedule check
[2026-01-03T15:33:28.250+0000] {local_task_job_runner.py:222} INFO - ::endgroup::
