[2026-01-01T19:14:51.521+0000] {local_task_job_runner.py:120} INFO - ::group::Pre task execution logs
[2026-01-01T19:14:51.883+0000] {taskinstance.py:2076} INFO - Dependencies all met for dep_context=non-requeueable deps ti=<TaskInstance: train_model_sample.train_model manual__2026-01-01T19:14:49.063576+00:00 [queued]>
[2026-01-01T19:14:51.961+0000] {taskinstance.py:2076} INFO - Dependencies all met for dep_context=requeueable deps ti=<TaskInstance: train_model_sample.train_model manual__2026-01-01T19:14:49.063576+00:00 [queued]>
[2026-01-01T19:14:51.966+0000] {taskinstance.py:2306} INFO - Starting attempt 1 of 1
[2026-01-01T19:14:52.057+0000] {taskinstance.py:2330} INFO - Executing <Task(PythonVirtualenvOperator): train_model> on 2026-01-01 19:14:49.063576+00:00
[2026-01-01T19:14:52.080+0000] {standard_task_runner.py:64} INFO - Started process 1007 to run task
[2026-01-01T19:14:52.104+0000] {standard_task_runner.py:90} INFO - Running: ['***', 'tasks', 'run', 'train_model_sample', 'train_model', 'manual__2026-01-01T19:14:49.063576+00:00', '--job-id', '9', '--raw', '--subdir', 'DAGS_FOLDER/model_sample_dags.py', '--cfg-path', '/tmp/tmposg7uv4w']
[2026-01-01T19:14:52.123+0000] {standard_task_runner.py:91} INFO - Job 9: Subtask train_model
[2026-01-01T19:14:52.426+0000] {task_command.py:426} INFO - Running <TaskInstance: train_model_sample.train_model manual__2026-01-01T19:14:49.063576+00:00 [running]> on host ea46e2a228ee
[2026-01-01T19:14:52.747+0000] {taskinstance.py:2648} INFO - Exporting env vars: AIRFLOW_CTX_DAG_OWNER='***' AIRFLOW_CTX_DAG_ID='train_model_sample' AIRFLOW_CTX_TASK_ID='train_model' AIRFLOW_CTX_EXECUTION_DATE='2026-01-01T19:14:49.063576+00:00' AIRFLOW_CTX_TRY_NUMBER='1' AIRFLOW_CTX_DAG_RUN_ID='manual__2026-01-01T19:14:49.063576+00:00'
[2026-01-01T19:14:52.752+0000] {taskinstance.py:430} INFO - ::endgroup::
[2026-01-01T19:14:52.836+0000] {baseoperator.py:400} WARNING - PythonVirtualenvOperator.execute cannot be called outside TaskInstance!
[2026-01-01T19:14:52.843+0000] {process_utils.py:183} INFO - Executing cmd: /home/***/.local/bin/python -m virtualenv /tmp/venvqponqtah --python=python
[2026-01-01T19:14:52.851+0000] {process_utils.py:187} INFO - Output:
[2026-01-01T19:14:58.755+0000] {process_utils.py:191} INFO - created virtual environment CPython3.10.14.final.0-64 in 1974ms
[2026-01-01T19:14:58.758+0000] {process_utils.py:191} INFO -   creator CPython3Posix(dest=/tmp/venvqponqtah, clear=False, no_vcs_ignore=False, global=False)
[2026-01-01T19:14:58.760+0000] {process_utils.py:191} INFO -   seeder FromAppData(download=False, pip=bundle, setuptools=bundle, wheel=bundle, via=copy, app_data_dir=/home/***/.local/share/virtualenv)
[2026-01-01T19:14:58.763+0000] {process_utils.py:191} INFO -     added seed packages: pip==25.3, setuptools==80.9.0, wheel==0.45.1
[2026-01-01T19:14:58.768+0000] {process_utils.py:191} INFO -   activators BashActivator,CShellActivator,FishActivator,NushellActivator,PowerShellActivator,PythonActivator
[2026-01-01T19:14:59.072+0000] {process_utils.py:183} INFO - Executing cmd: /tmp/venvqponqtah/bin/pip install -r /tmp/venvqponqtah/requirements.txt
[2026-01-01T19:14:59.079+0000] {process_utils.py:187} INFO - Output:
[2026-01-01T19:15:04.250+0000] {process_utils.py:191} INFO - Collecting mlflow==2.10.2 (from -r /tmp/venvqponqtah/requirements.txt (line 1))
[2026-01-01T19:15:04.268+0000] {process_utils.py:191} INFO -   Using cached mlflow-2.10.2-py3-none-any.whl.metadata (13 kB)
[2026-01-01T19:15:04.876+0000] {process_utils.py:191} INFO - Collecting pandas (from -r /tmp/venvqponqtah/requirements.txt (line 2))
[2026-01-01T19:15:04.886+0000] {process_utils.py:191} INFO -   Using cached pandas-2.3.3-cp310-cp310-manylinux_2_24_x86_64.manylinux_2_28_x86_64.whl.metadata (91 kB)
[2026-01-01T19:15:05.390+0000] {process_utils.py:191} INFO - Collecting scikit-learn (from -r /tmp/venvqponqtah/requirements.txt (line 3))
[2026-01-01T19:15:05.398+0000] {process_utils.py:191} INFO -   Using cached scikit_learn-1.7.2-cp310-cp310-manylinux2014_x86_64.manylinux_2_17_x86_64.whl.metadata (11 kB)
[2026-01-01T19:15:05.521+0000] {process_utils.py:191} INFO - Collecting click<9,>=7.0 (from mlflow==2.10.2->-r /tmp/venvqponqtah/requirements.txt (line 1))
[2026-01-01T19:15:05.526+0000] {process_utils.py:191} INFO -   Using cached click-8.3.1-py3-none-any.whl.metadata (2.6 kB)
[2026-01-01T19:15:05.614+0000] {process_utils.py:191} INFO - Collecting cloudpickle<4 (from mlflow==2.10.2->-r /tmp/venvqponqtah/requirements.txt (line 1))
[2026-01-01T19:15:05.622+0000] {process_utils.py:191} INFO -   Using cached cloudpickle-3.1.2-py3-none-any.whl.metadata (7.1 kB)
[2026-01-01T19:15:05.690+0000] {process_utils.py:191} INFO - Collecting entrypoints<1 (from mlflow==2.10.2->-r /tmp/venvqponqtah/requirements.txt (line 1))
[2026-01-01T19:15:05.696+0000] {process_utils.py:191} INFO -   Using cached entrypoints-0.4-py3-none-any.whl.metadata (2.6 kB)
[2026-01-01T19:15:05.827+0000] {process_utils.py:191} INFO - Collecting gitpython<4,>=2.1.0 (from mlflow==2.10.2->-r /tmp/venvqponqtah/requirements.txt (line 1))
[2026-01-01T19:15:05.835+0000] {process_utils.py:191} INFO -   Using cached gitpython-3.1.46-py3-none-any.whl.metadata (13 kB)
[2026-01-01T19:15:06.006+0000] {process_utils.py:191} INFO - Collecting pyyaml<7,>=5.1 (from mlflow==2.10.2->-r /tmp/venvqponqtah/requirements.txt (line 1))
[2026-01-01T19:15:06.015+0000] {process_utils.py:191} INFO -   Using cached pyyaml-6.0.3-cp310-cp310-manylinux2014_x86_64.manylinux_2_17_x86_64.manylinux_2_28_x86_64.whl.metadata (2.4 kB)
[2026-01-01T19:15:06.863+0000] {process_utils.py:191} INFO - Collecting protobuf<5,>=3.12.0 (from mlflow==2.10.2->-r /tmp/venvqponqtah/requirements.txt (line 1))
[2026-01-01T19:15:06.871+0000] {process_utils.py:191} INFO -   Using cached protobuf-4.25.8-cp37-abi3-manylinux2014_x86_64.whl.metadata (541 bytes)
[2026-01-01T19:15:07.016+0000] {process_utils.py:191} INFO - Collecting pytz<2024 (from mlflow==2.10.2->-r /tmp/venvqponqtah/requirements.txt (line 1))
[2026-01-01T19:15:07.022+0000] {process_utils.py:191} INFO -   Using cached pytz-2023.4-py2.py3-none-any.whl.metadata (22 kB)
[2026-01-01T19:15:07.138+0000] {process_utils.py:191} INFO - Collecting requests<3,>=2.17.3 (from mlflow==2.10.2->-r /tmp/venvqponqtah/requirements.txt (line 1))
[2026-01-01T19:15:07.146+0000] {process_utils.py:191} INFO -   Using cached requests-2.32.5-py3-none-any.whl.metadata (4.9 kB)
[2026-01-01T19:15:07.236+0000] {process_utils.py:191} INFO - Collecting packaging<24 (from mlflow==2.10.2->-r /tmp/venvqponqtah/requirements.txt (line 1))
[2026-01-01T19:15:07.246+0000] {process_utils.py:191} INFO -   Using cached packaging-23.2-py3-none-any.whl.metadata (3.2 kB)
[2026-01-01T19:15:07.417+0000] {process_utils.py:191} INFO - Collecting importlib-metadata!=4.7.0,<8,>=3.7.0 (from mlflow==2.10.2->-r /tmp/venvqponqtah/requirements.txt (line 1))
[2026-01-01T19:15:07.425+0000] {process_utils.py:191} INFO -   Using cached importlib_metadata-7.2.1-py3-none-any.whl.metadata (4.6 kB)
[2026-01-01T19:15:07.496+0000] {process_utils.py:191} INFO - Collecting sqlparse<1,>=0.4.0 (from mlflow==2.10.2->-r /tmp/venvqponqtah/requirements.txt (line 1))
[2026-01-01T19:15:07.505+0000] {process_utils.py:191} INFO -   Using cached sqlparse-0.5.5-py3-none-any.whl.metadata (4.7 kB)
[2026-01-01T19:15:07.698+0000] {process_utils.py:191} INFO - Collecting alembic!=1.10.0,<2 (from mlflow==2.10.2->-r /tmp/venvqponqtah/requirements.txt (line 1))
[2026-01-01T19:15:07.705+0000] {process_utils.py:191} INFO -   Using cached alembic-1.17.2-py3-none-any.whl.metadata (7.2 kB)
[2026-01-01T19:15:07.818+0000] {process_utils.py:191} INFO - Collecting docker<8,>=4.0.0 (from mlflow==2.10.2->-r /tmp/venvqponqtah/requirements.txt (line 1))
[2026-01-01T19:15:07.824+0000] {process_utils.py:191} INFO -   Using cached docker-7.1.0-py3-none-any.whl.metadata (3.8 kB)
[2026-01-01T19:15:07.913+0000] {process_utils.py:191} INFO - Collecting Flask<4 (from mlflow==2.10.2->-r /tmp/venvqponqtah/requirements.txt (line 1))
[2026-01-01T19:15:07.919+0000] {process_utils.py:191} INFO -   Using cached flask-3.1.2-py3-none-any.whl.metadata (3.2 kB)
[2026-01-01T19:15:08.663+0000] {process_utils.py:191} INFO - Collecting numpy<2 (from mlflow==2.10.2->-r /tmp/venvqponqtah/requirements.txt (line 1))
[2026-01-01T19:15:08.670+0000] {process_utils.py:191} INFO -   Using cached numpy-1.26.4-cp310-cp310-manylinux_2_17_x86_64.manylinux2014_x86_64.whl.metadata (61 kB)
[2026-01-01T19:15:09.250+0000] {process_utils.py:191} INFO - Collecting scipy<2 (from mlflow==2.10.2->-r /tmp/venvqponqtah/requirements.txt (line 1))
[2026-01-01T19:15:09.257+0000] {process_utils.py:191} INFO -   Using cached scipy-1.15.3-cp310-cp310-manylinux_2_17_x86_64.manylinux2014_x86_64.whl.metadata (61 kB)
[2026-01-01T19:15:09.434+0000] {process_utils.py:191} INFO - Collecting querystring-parser<2 (from mlflow==2.10.2->-r /tmp/venvqponqtah/requirements.txt (line 1))
[2026-01-01T19:15:09.441+0000] {process_utils.py:191} INFO -   Using cached querystring_parser-1.2.4-py2.py3-none-any.whl.metadata (559 bytes)
[2026-01-01T19:15:10.560+0000] {process_utils.py:191} INFO - Collecting sqlalchemy<3,>=1.4.0 (from mlflow==2.10.2->-r /tmp/venvqponqtah/requirements.txt (line 1))
[2026-01-01T19:15:10.570+0000] {process_utils.py:191} INFO -   Using cached sqlalchemy-2.0.45-cp310-cp310-manylinux2014_x86_64.manylinux_2_17_x86_64.manylinux_2_28_x86_64.whl.metadata (9.5 kB)
[2026-01-01T19:15:11.068+0000] {process_utils.py:191} INFO - Collecting pyarrow<16,>=4.0.0 (from mlflow==2.10.2->-r /tmp/venvqponqtah/requirements.txt (line 1))
[2026-01-01T19:15:11.080+0000] {process_utils.py:191} INFO -   Using cached pyarrow-15.0.2-cp310-cp310-manylinux_2_28_x86_64.whl.metadata (3.0 kB)
[2026-01-01T19:15:11.183+0000] {process_utils.py:191} INFO - Collecting markdown<4,>=3.3 (from mlflow==2.10.2->-r /tmp/venvqponqtah/requirements.txt (line 1))
[2026-01-01T19:15:11.190+0000] {process_utils.py:191} INFO -   Using cached markdown-3.10-py3-none-any.whl.metadata (5.1 kB)
[2026-01-01T19:15:11.724+0000] {process_utils.py:191} INFO - Collecting matplotlib<4 (from mlflow==2.10.2->-r /tmp/venvqponqtah/requirements.txt (line 1))
[2026-01-01T19:15:11.730+0000] {process_utils.py:191} INFO -   Using cached matplotlib-3.10.8-cp310-cp310-manylinux2014_x86_64.manylinux_2_17_x86_64.whl.metadata (52 kB)
[2026-01-01T19:15:11.826+0000] {process_utils.py:191} INFO - Collecting gunicorn<22 (from mlflow==2.10.2->-r /tmp/venvqponqtah/requirements.txt (line 1))
[2026-01-01T19:15:11.835+0000] {process_utils.py:191} INFO -   Using cached gunicorn-21.2.0-py3-none-any.whl.metadata (4.1 kB)
[2026-01-01T19:15:11.923+0000] {process_utils.py:191} INFO - Collecting Jinja2<4,>=2.11 (from mlflow==2.10.2->-r /tmp/venvqponqtah/requirements.txt (line 1))
[2026-01-01T19:15:11.930+0000] {process_utils.py:191} INFO -   Using cached jinja2-3.1.6-py3-none-any.whl.metadata (2.9 kB)
[2026-01-01T19:15:12.023+0000] {process_utils.py:191} INFO - Collecting python-dateutil>=2.8.2 (from pandas->-r /tmp/venvqponqtah/requirements.txt (line 2))
[2026-01-01T19:15:12.030+0000] {process_utils.py:191} INFO -   Using cached python_dateutil-2.9.0.post0-py2.py3-none-any.whl.metadata (8.4 kB)
[2026-01-01T19:15:12.122+0000] {process_utils.py:191} INFO - Collecting tzdata>=2022.7 (from pandas->-r /tmp/venvqponqtah/requirements.txt (line 2))
[2026-01-01T19:15:12.128+0000] {process_utils.py:191} INFO -   Using cached tzdata-2025.3-py2.py3-none-any.whl.metadata (1.4 kB)
[2026-01-01T19:15:12.288+0000] {process_utils.py:191} INFO - Collecting joblib>=1.2.0 (from scikit-learn->-r /tmp/venvqponqtah/requirements.txt (line 3))
[2026-01-01T19:15:12.294+0000] {process_utils.py:191} INFO -   Using cached joblib-1.5.3-py3-none-any.whl.metadata (5.5 kB)
[2026-01-01T19:15:12.358+0000] {process_utils.py:191} INFO - Collecting threadpoolctl>=3.1.0 (from scikit-learn->-r /tmp/venvqponqtah/requirements.txt (line 3))
[2026-01-01T19:15:12.364+0000] {process_utils.py:191} INFO -   Using cached threadpoolctl-3.6.0-py3-none-any.whl.metadata (13 kB)
[2026-01-01T19:15:12.452+0000] {process_utils.py:191} INFO - Collecting Mako (from alembic!=1.10.0,<2->mlflow==2.10.2->-r /tmp/venvqponqtah/requirements.txt (line 1))
[2026-01-01T19:15:12.458+0000] {process_utils.py:191} INFO -   Using cached mako-1.3.10-py3-none-any.whl.metadata (2.9 kB)
[2026-01-01T19:15:12.543+0000] {process_utils.py:191} INFO - Collecting typing-extensions>=4.12 (from alembic!=1.10.0,<2->mlflow==2.10.2->-r /tmp/venvqponqtah/requirements.txt (line 1))
[2026-01-01T19:15:12.549+0000] {process_utils.py:191} INFO -   Using cached typing_extensions-4.15.0-py3-none-any.whl.metadata (3.3 kB)
[2026-01-01T19:15:12.641+0000] {process_utils.py:191} INFO - Collecting tomli (from alembic!=1.10.0,<2->mlflow==2.10.2->-r /tmp/venvqponqtah/requirements.txt (line 1))
[2026-01-01T19:15:12.648+0000] {process_utils.py:191} INFO -   Using cached tomli-2.3.0-py3-none-any.whl.metadata (10 kB)
[2026-01-01T19:15:12.843+0000] {process_utils.py:191} INFO - Collecting urllib3>=1.26.0 (from docker<8,>=4.0.0->mlflow==2.10.2->-r /tmp/venvqponqtah/requirements.txt (line 1))
[2026-01-01T19:15:12.852+0000] {process_utils.py:191} INFO -   Using cached urllib3-2.6.2-py3-none-any.whl.metadata (6.6 kB)
[2026-01-01T19:15:12.917+0000] {process_utils.py:191} INFO - Collecting blinker>=1.9.0 (from Flask<4->mlflow==2.10.2->-r /tmp/venvqponqtah/requirements.txt (line 1))
[2026-01-01T19:15:12.926+0000] {process_utils.py:191} INFO -   Using cached blinker-1.9.0-py3-none-any.whl.metadata (1.6 kB)
[2026-01-01T19:15:13.004+0000] {process_utils.py:191} INFO - Collecting itsdangerous>=2.2.0 (from Flask<4->mlflow==2.10.2->-r /tmp/venvqponqtah/requirements.txt (line 1))
[2026-01-01T19:15:13.012+0000] {process_utils.py:191} INFO -   Using cached itsdangerous-2.2.0-py3-none-any.whl.metadata (1.9 kB)
[2026-01-01T19:15:13.219+0000] {process_utils.py:191} INFO - Collecting markupsafe>=2.1.1 (from Flask<4->mlflow==2.10.2->-r /tmp/venvqponqtah/requirements.txt (line 1))
[2026-01-01T19:15:13.227+0000] {process_utils.py:191} INFO -   Using cached markupsafe-3.0.3-cp310-cp310-manylinux2014_x86_64.manylinux_2_17_x86_64.manylinux_2_28_x86_64.whl.metadata (2.7 kB)
[2026-01-01T19:15:13.326+0000] {process_utils.py:191} INFO - Collecting werkzeug>=3.1.0 (from Flask<4->mlflow==2.10.2->-r /tmp/venvqponqtah/requirements.txt (line 1))
[2026-01-01T19:15:13.332+0000] {process_utils.py:191} INFO -   Using cached werkzeug-3.1.4-py3-none-any.whl.metadata (4.0 kB)
[2026-01-01T19:15:13.408+0000] {process_utils.py:191} INFO - Collecting gitdb<5,>=4.0.1 (from gitpython<4,>=2.1.0->mlflow==2.10.2->-r /tmp/venvqponqtah/requirements.txt (line 1))
[2026-01-01T19:15:13.417+0000] {process_utils.py:191} INFO -   Using cached gitdb-4.0.12-py3-none-any.whl.metadata (1.2 kB)
[2026-01-01T19:15:13.493+0000] {process_utils.py:191} INFO - Collecting smmap<6,>=3.0.1 (from gitdb<5,>=4.0.1->gitpython<4,>=2.1.0->mlflow==2.10.2->-r /tmp/venvqponqtah/requirements.txt (line 1))
[2026-01-01T19:15:13.509+0000] {process_utils.py:191} INFO -   Using cached smmap-5.0.2-py3-none-any.whl.metadata (4.3 kB)
[2026-01-01T19:15:13.677+0000] {process_utils.py:191} INFO - Collecting zipp>=0.5 (from importlib-metadata!=4.7.0,<8,>=3.7.0->mlflow==2.10.2->-r /tmp/venvqponqtah/requirements.txt (line 1))
[2026-01-01T19:15:13.692+0000] {process_utils.py:191} INFO -   Using cached zipp-3.23.0-py3-none-any.whl.metadata (3.6 kB)
[2026-01-01T19:15:14.322+0000] {process_utils.py:191} INFO - Collecting contourpy>=1.0.1 (from matplotlib<4->mlflow==2.10.2->-r /tmp/venvqponqtah/requirements.txt (line 1))
[2026-01-01T19:15:14.328+0000] {process_utils.py:191} INFO -   Using cached contourpy-1.3.2-cp310-cp310-manylinux_2_17_x86_64.manylinux2014_x86_64.whl.metadata (5.5 kB)
[2026-01-01T19:15:14.392+0000] {process_utils.py:191} INFO - Collecting cycler>=0.10 (from matplotlib<4->mlflow==2.10.2->-r /tmp/venvqponqtah/requirements.txt (line 1))
[2026-01-01T19:15:14.398+0000] {process_utils.py:191} INFO -   Using cached cycler-0.12.1-py3-none-any.whl.metadata (3.8 kB)
[2026-01-01T19:15:15.056+0000] {process_utils.py:191} INFO - Collecting fonttools>=4.22.0 (from matplotlib<4->mlflow==2.10.2->-r /tmp/venvqponqtah/requirements.txt (line 1))
[2026-01-01T19:15:15.075+0000] {process_utils.py:191} INFO -   Using cached fonttools-4.61.1-cp310-cp310-manylinux2014_x86_64.manylinux_2_17_x86_64.whl.metadata (114 kB)
[2026-01-01T19:15:15.371+0000] {process_utils.py:191} INFO - Collecting kiwisolver>=1.3.1 (from matplotlib<4->mlflow==2.10.2->-r /tmp/venvqponqtah/requirements.txt (line 1))
[2026-01-01T19:15:15.383+0000] {process_utils.py:191} INFO -   Using cached kiwisolver-1.4.9-cp310-cp310-manylinux_2_12_x86_64.manylinux2010_x86_64.whl.metadata (6.3 kB)
[2026-01-01T19:15:16.503+0000] {process_utils.py:191} INFO - Collecting pillow>=8 (from matplotlib<4->mlflow==2.10.2->-r /tmp/venvqponqtah/requirements.txt (line 1))
[2026-01-01T19:15:16.510+0000] {process_utils.py:191} INFO -   Using cached pillow-12.0.0-cp310-cp310-manylinux_2_27_x86_64.manylinux_2_28_x86_64.whl.metadata (8.8 kB)
[2026-01-01T19:15:16.677+0000] {process_utils.py:191} INFO - Collecting pyparsing>=3 (from matplotlib<4->mlflow==2.10.2->-r /tmp/venvqponqtah/requirements.txt (line 1))
[2026-01-01T19:15:16.683+0000] {process_utils.py:191} INFO -   Using cached pyparsing-3.3.1-py3-none-any.whl.metadata (5.6 kB)
[2026-01-01T19:15:16.835+0000] {process_utils.py:191} INFO - Collecting six (from querystring-parser<2->mlflow==2.10.2->-r /tmp/venvqponqtah/requirements.txt (line 1))
[2026-01-01T19:15:16.842+0000] {process_utils.py:191} INFO -   Using cached six-1.17.0-py2.py3-none-any.whl.metadata (1.7 kB)
[2026-01-01T19:15:17.358+0000] {process_utils.py:191} INFO - Collecting charset_normalizer<4,>=2 (from requests<3,>=2.17.3->mlflow==2.10.2->-r /tmp/venvqponqtah/requirements.txt (line 1))
[2026-01-01T19:15:17.365+0000] {process_utils.py:191} INFO -   Using cached charset_normalizer-3.4.4-cp310-cp310-manylinux2014_x86_64.manylinux_2_17_x86_64.manylinux_2_28_x86_64.whl.metadata (37 kB)
[2026-01-01T19:15:17.447+0000] {process_utils.py:191} INFO - Collecting idna<4,>=2.5 (from requests<3,>=2.17.3->mlflow==2.10.2->-r /tmp/venvqponqtah/requirements.txt (line 1))
[2026-01-01T19:15:17.453+0000] {process_utils.py:191} INFO -   Using cached idna-3.11-py3-none-any.whl.metadata (8.4 kB)
[2026-01-01T19:15:17.603+0000] {process_utils.py:191} INFO - Collecting certifi>=2017.4.17 (from requests<3,>=2.17.3->mlflow==2.10.2->-r /tmp/venvqponqtah/requirements.txt (line 1))
[2026-01-01T19:15:17.610+0000] {process_utils.py:191} INFO -   Using cached certifi-2025.11.12-py3-none-any.whl.metadata (2.5 kB)
[2026-01-01T19:15:18.194+0000] {process_utils.py:191} INFO - Collecting greenlet>=1 (from sqlalchemy<3,>=1.4.0->mlflow==2.10.2->-r /tmp/venvqponqtah/requirements.txt (line 1))
[2026-01-01T19:15:18.202+0000] {process_utils.py:191} INFO -   Using cached greenlet-3.3.0-cp310-cp310-manylinux_2_24_x86_64.manylinux_2_28_x86_64.whl.metadata (4.1 kB)
[2026-01-01T19:15:18.367+0000] {process_utils.py:191} INFO - Using cached mlflow-2.10.2-py3-none-any.whl (19.5 MB)
[2026-01-01T19:15:18.614+0000] {process_utils.py:191} INFO - Using cached pandas-2.3.3-cp310-cp310-manylinux_2_24_x86_64.manylinux_2_28_x86_64.whl (12.8 MB)
[2026-01-01T19:15:18.804+0000] {process_utils.py:191} INFO - Using cached scikit_learn-1.7.2-cp310-cp310-manylinux2014_x86_64.manylinux_2_17_x86_64.whl (9.7 MB)
[2026-01-01T19:15:18.928+0000] {process_utils.py:191} INFO - Using cached alembic-1.17.2-py3-none-any.whl (248 kB)
[2026-01-01T19:15:18.936+0000] {process_utils.py:191} INFO - Using cached click-8.3.1-py3-none-any.whl (108 kB)
[2026-01-01T19:15:18.943+0000] {process_utils.py:191} INFO - Using cached cloudpickle-3.1.2-py3-none-any.whl (22 kB)
[2026-01-01T19:15:18.956+0000] {process_utils.py:191} INFO - Using cached docker-7.1.0-py3-none-any.whl (147 kB)
[2026-01-01T19:15:18.967+0000] {process_utils.py:191} INFO - Using cached entrypoints-0.4-py3-none-any.whl (5.3 kB)
[2026-01-01T19:15:18.972+0000] {process_utils.py:191} INFO - Using cached flask-3.1.2-py3-none-any.whl (103 kB)
[2026-01-01T19:15:18.981+0000] {process_utils.py:191} INFO - Using cached gitpython-3.1.46-py3-none-any.whl (208 kB)
[2026-01-01T19:15:18.994+0000] {process_utils.py:191} INFO - Using cached gitdb-4.0.12-py3-none-any.whl (62 kB)
[2026-01-01T19:15:19.002+0000] {process_utils.py:191} INFO - Using cached gunicorn-21.2.0-py3-none-any.whl (80 kB)
[2026-01-01T19:15:19.008+0000] {process_utils.py:191} INFO - Using cached importlib_metadata-7.2.1-py3-none-any.whl (25 kB)
[2026-01-01T19:15:19.015+0000] {process_utils.py:191} INFO - Using cached jinja2-3.1.6-py3-none-any.whl (134 kB)
[2026-01-01T19:15:19.022+0000] {process_utils.py:191} INFO - Using cached markdown-3.10-py3-none-any.whl (107 kB)
[2026-01-01T19:15:19.033+0000] {process_utils.py:191} INFO - Using cached matplotlib-3.10.8-cp310-cp310-manylinux2014_x86_64.manylinux_2_17_x86_64.whl (8.7 MB)
[2026-01-01T19:15:19.155+0000] {process_utils.py:191} INFO - Using cached numpy-1.26.4-cp310-cp310-manylinux_2_17_x86_64.manylinux2014_x86_64.whl (18.2 MB)
[2026-01-01T19:15:19.454+0000] {process_utils.py:191} INFO - Using cached packaging-23.2-py3-none-any.whl (53 kB)
[2026-01-01T19:15:19.463+0000] {process_utils.py:191} INFO - Using cached protobuf-4.25.8-cp37-abi3-manylinux2014_x86_64.whl (294 kB)
[2026-01-01T19:15:19.474+0000] {process_utils.py:191} INFO - Using cached pyarrow-15.0.2-cp310-cp310-manylinux_2_28_x86_64.whl (38.3 MB)
[2026-01-01T19:15:20.277+0000] {process_utils.py:191} INFO - Using cached pytz-2023.4-py2.py3-none-any.whl (506 kB)
[2026-01-01T19:15:20.291+0000] {process_utils.py:191} INFO - Using cached pyyaml-6.0.3-cp310-cp310-manylinux2014_x86_64.manylinux_2_17_x86_64.manylinux_2_28_x86_64.whl (770 kB)
[2026-01-01T19:15:20.312+0000] {process_utils.py:191} INFO - Using cached querystring_parser-1.2.4-py2.py3-none-any.whl (7.9 kB)
[2026-01-01T19:15:20.317+0000] {process_utils.py:191} INFO - Using cached requests-2.32.5-py3-none-any.whl (64 kB)
[2026-01-01T19:15:20.325+0000] {process_utils.py:191} INFO - Using cached charset_normalizer-3.4.4-cp310-cp310-manylinux2014_x86_64.manylinux_2_17_x86_64.manylinux_2_28_x86_64.whl (153 kB)
[2026-01-01T19:15:20.330+0000] {process_utils.py:191} INFO - Using cached idna-3.11-py3-none-any.whl (71 kB)
[2026-01-01T19:15:20.336+0000] {process_utils.py:191} INFO - Using cached scipy-1.15.3-cp310-cp310-manylinux_2_17_x86_64.manylinux2014_x86_64.whl (37.7 MB)
[2026-01-01T19:15:20.858+0000] {process_utils.py:191} INFO - Using cached smmap-5.0.2-py3-none-any.whl (24 kB)
[2026-01-01T19:15:20.864+0000] {process_utils.py:191} INFO - Using cached sqlalchemy-2.0.45-cp310-cp310-manylinux2014_x86_64.manylinux_2_17_x86_64.manylinux_2_28_x86_64.whl (3.2 MB)
[2026-01-01T19:15:20.917+0000] {process_utils.py:191} INFO - Using cached sqlparse-0.5.5-py3-none-any.whl (46 kB)
[2026-01-01T19:15:20.926+0000] {process_utils.py:191} INFO - Using cached urllib3-2.6.2-py3-none-any.whl (131 kB)
[2026-01-01T19:15:20.934+0000] {process_utils.py:191} INFO - Using cached blinker-1.9.0-py3-none-any.whl (8.5 kB)
[2026-01-01T19:15:20.941+0000] {process_utils.py:191} INFO - Using cached certifi-2025.11.12-py3-none-any.whl (159 kB)
[2026-01-01T19:15:20.950+0000] {process_utils.py:191} INFO - Using cached contourpy-1.3.2-cp310-cp310-manylinux_2_17_x86_64.manylinux2014_x86_64.whl (325 kB)
[2026-01-01T19:15:20.964+0000] {process_utils.py:191} INFO - Using cached cycler-0.12.1-py3-none-any.whl (8.3 kB)
[2026-01-01T19:15:20.973+0000] {process_utils.py:191} INFO - Using cached fonttools-4.61.1-cp310-cp310-manylinux2014_x86_64.manylinux_2_17_x86_64.whl (4.9 MB)
[2026-01-01T19:15:21.043+0000] {process_utils.py:191} INFO - Using cached greenlet-3.3.0-cp310-cp310-manylinux_2_24_x86_64.manylinux_2_28_x86_64.whl (586 kB)
[2026-01-01T19:15:21.059+0000] {process_utils.py:191} INFO - Using cached itsdangerous-2.2.0-py3-none-any.whl (16 kB)
[2026-01-01T19:15:21.066+0000] {process_utils.py:191} INFO - Using cached joblib-1.5.3-py3-none-any.whl (309 kB)
[2026-01-01T19:15:21.077+0000] {process_utils.py:191} INFO - Using cached kiwisolver-1.4.9-cp310-cp310-manylinux_2_12_x86_64.manylinux2010_x86_64.whl (1.6 MB)
[2026-01-01T19:15:21.104+0000] {process_utils.py:191} INFO - Using cached markupsafe-3.0.3-cp310-cp310-manylinux2014_x86_64.manylinux_2_17_x86_64.manylinux_2_28_x86_64.whl (20 kB)
[2026-01-01T19:15:21.111+0000] {process_utils.py:191} INFO - Using cached pillow-12.0.0-cp310-cp310-manylinux_2_27_x86_64.manylinux_2_28_x86_64.whl (7.0 MB)
[2026-01-01T19:15:21.208+0000] {process_utils.py:191} INFO - Using cached pyparsing-3.3.1-py3-none-any.whl (121 kB)
[2026-01-01T19:15:21.216+0000] {process_utils.py:191} INFO - Using cached python_dateutil-2.9.0.post0-py2.py3-none-any.whl (229 kB)
[2026-01-01T19:15:21.226+0000] {process_utils.py:191} INFO - Using cached six-1.17.0-py2.py3-none-any.whl (11 kB)
[2026-01-01T19:15:21.232+0000] {process_utils.py:191} INFO - Using cached threadpoolctl-3.6.0-py3-none-any.whl (18 kB)
[2026-01-01T19:15:21.238+0000] {process_utils.py:191} INFO - Using cached typing_extensions-4.15.0-py3-none-any.whl (44 kB)
[2026-01-01T19:15:21.259+0000] {process_utils.py:191} INFO - Using cached tzdata-2025.3-py2.py3-none-any.whl (348 kB)
[2026-01-01T19:15:21.279+0000] {process_utils.py:191} INFO - Using cached werkzeug-3.1.4-py3-none-any.whl (224 kB)
[2026-01-01T19:15:21.294+0000] {process_utils.py:191} INFO - Using cached zipp-3.23.0-py3-none-any.whl (10 kB)
[2026-01-01T19:15:21.301+0000] {process_utils.py:191} INFO - Using cached mako-1.3.10-py3-none-any.whl (78 kB)
[2026-01-01T19:15:21.310+0000] {process_utils.py:191} INFO - Using cached tomli-2.3.0-py3-none-any.whl (14 kB)
[2026-01-01T19:15:22.963+0000] {process_utils.py:191} INFO - Installing collected packages: pytz, zipp, urllib3, tzdata, typing-extensions, tomli, threadpoolctl, sqlparse, smmap, six, pyyaml, pyparsing, protobuf, pillow, packaging, numpy, markupsafe, markdown, kiwisolver, joblib, itsdangerous, idna, greenlet, fonttools, entrypoints, cycler, cloudpickle, click, charset_normalizer, certifi, blinker, werkzeug, sqlalchemy, scipy, requests, querystring-parser, python-dateutil, pyarrow, Mako, Jinja2, importlib-metadata, gunicorn, gitdb, contourpy, scikit-learn, pandas, matplotlib, gitpython, Flask, docker, alembic, mlflow
[2026-01-01T19:16:34.878+0000] {process_utils.py:191} INFO - 
[2026-01-01T19:16:34.905+0000] {process_utils.py:191} INFO - Successfully installed Flask-3.1.2 Jinja2-3.1.6 Mako-1.3.10 alembic-1.17.2 blinker-1.9.0 certifi-2025.11.12 charset_normalizer-3.4.4 click-8.3.1 cloudpickle-3.1.2 contourpy-1.3.2 cycler-0.12.1 docker-7.1.0 entrypoints-0.4 fonttools-4.61.1 gitdb-4.0.12 gitpython-3.1.46 greenlet-3.3.0 gunicorn-21.2.0 idna-3.11 importlib-metadata-7.2.1 itsdangerous-2.2.0 joblib-1.5.3 kiwisolver-1.4.9 markdown-3.10 markupsafe-3.0.3 matplotlib-3.10.8 mlflow-2.10.2 numpy-1.26.4 packaging-23.2 pandas-2.3.3 pillow-12.0.0 protobuf-4.25.8 pyarrow-15.0.2 pyparsing-3.3.1 python-dateutil-2.9.0.post0 pytz-2023.4 pyyaml-6.0.3 querystring-parser-1.2.4 requests-2.32.5 scikit-learn-1.7.2 scipy-1.15.3 six-1.17.0 smmap-5.0.2 sqlalchemy-2.0.45 sqlparse-0.5.5 threadpoolctl-3.6.0 tomli-2.3.0 typing-extensions-4.15.0 tzdata-2025.3 urllib3-2.6.2 werkzeug-3.1.4 zipp-3.23.0
[2026-01-01T19:16:37.048+0000] {process_utils.py:183} INFO - Executing cmd: /tmp/venvqponqtah/bin/python /tmp/venv-cally_jpen13/script.py /tmp/venv-cally_jpen13/script.in /tmp/venv-cally_jpen13/script.out /tmp/venv-cally_jpen13/string_args.txt /tmp/venv-cally_jpen13/termination.log
[2026-01-01T19:16:37.052+0000] {process_utils.py:187} INFO - Output:
[2026-01-01T19:16:37.328+0000] {process_utils.py:191} INFO - Traceback (most recent call last):
[2026-01-01T19:16:37.330+0000] {process_utils.py:191} INFO -   File "/tmp/venv-cally_jpen13/script.py", line 51, in <module>
[2026-01-01T19:16:37.333+0000] {process_utils.py:191} INFO -     res = train_wrapper(*arg_dict["args"], **arg_dict["kwargs"])
[2026-01-01T19:16:37.335+0000] {process_utils.py:191} INFO -   File "/tmp/venv-cally_jpen13/script.py", line 23, in train_wrapper
[2026-01-01T19:16:37.338+0000] {process_utils.py:191} INFO -     from mlflow_models.model_sample.model_sample_train import train
[2026-01-01T19:16:37.341+0000] {process_utils.py:191} INFO - ModuleNotFoundError: No module named 'mlflow_models'
[2026-01-01T19:16:38.637+0000] {taskinstance.py:441} INFO - ::group::Post task execution logs
[2026-01-01T19:16:38.662+0000] {taskinstance.py:2905} ERROR - Task failed with exception
Traceback (most recent call last):
  File "/home/airflow/.local/lib/python3.10/site-packages/airflow/models/taskinstance.py", line 465, in _execute_task
    result = _execute_callable(context=context, **execute_callable_kwargs)
  File "/home/airflow/.local/lib/python3.10/site-packages/airflow/models/taskinstance.py", line 432, in _execute_callable
    return execute_callable(context=context, **execute_callable_kwargs)
  File "/home/airflow/.local/lib/python3.10/site-packages/airflow/models/baseoperator.py", line 401, in wrapper
    return func(self, *args, **kwargs)
  File "/home/airflow/.local/lib/python3.10/site-packages/airflow/operators/python.py", line 437, in execute
    return super().execute(context=serializable_context)
  File "/home/airflow/.local/lib/python3.10/site-packages/airflow/models/baseoperator.py", line 401, in wrapper
    return func(self, *args, **kwargs)
  File "/home/airflow/.local/lib/python3.10/site-packages/airflow/operators/python.py", line 235, in execute
    return_value = self.execute_callable()
  File "/home/airflow/.local/lib/python3.10/site-packages/airflow/operators/python.py", line 759, in execute_callable
    result = self._execute_python_callable_in_subprocess(python_path)
  File "/home/airflow/.local/lib/python3.10/site-packages/airflow/operators/python.py", line 514, in _execute_python_callable_in_subprocess
    raise AirflowException(error_msg) from None
airflow.exceptions.AirflowException: Process returned non-zero exit status 1.
No module named 'mlflow_models'
[2026-01-01T19:16:38.674+0000] {taskinstance.py:1206} INFO - Marking task as FAILED. dag_id=train_model_sample, task_id=train_model, run_id=manual__2026-01-01T19:14:49.063576+00:00, execution_date=20260101T191449, start_date=20260101T191451, end_date=20260101T191638
[2026-01-01T19:16:38.722+0000] {standard_task_runner.py:110} ERROR - Failed to execute job 9 for task train_model (Process returned non-zero exit status 1.
No module named 'mlflow_models'; 1007)
[2026-01-01T19:16:38.783+0000] {local_task_job_runner.py:243} INFO - Task exited with return code 1
[2026-01-01T19:16:38.836+0000] {taskinstance.py:3503} INFO - 0 downstream tasks scheduled from follow-on schedule check
[2026-01-01T19:16:38.849+0000] {local_task_job_runner.py:222} INFO - ::endgroup::
