[2025-12-30T11:20:43.034+0000] {taskinstance.py:1956} INFO - Dependencies all met for dep_context=non-requeueable deps ti=<TaskInstance: train_model_sample.train_model manual__2025-12-30T11:20:41.174094+00:00 [queued]>
[2025-12-30T11:20:43.062+0000] {taskinstance.py:1956} INFO - Dependencies all met for dep_context=requeueable deps ti=<TaskInstance: train_model_sample.train_model manual__2025-12-30T11:20:41.174094+00:00 [queued]>
[2025-12-30T11:20:43.064+0000] {taskinstance.py:2170} INFO - Starting attempt 1 of 1
[2025-12-30T11:20:43.111+0000] {taskinstance.py:2191} INFO - Executing <Task(PythonVirtualenvOperator): train_model> on 2025-12-30 11:20:41.174094+00:00
[2025-12-30T11:20:43.123+0000] {standard_task_runner.py:60} INFO - Started process 266 to run task
[2025-12-30T11:20:43.131+0000] {standard_task_runner.py:87} INFO - Running: ['***', 'tasks', 'run', 'train_model_sample', 'train_model', 'manual__2025-12-30T11:20:41.174094+00:00', '--job-id', '6', '--raw', '--subdir', 'DAGS_FOLDER/model_sample_dags.py', '--cfg-path', '/tmp/tmplx2ojbxa']
[2025-12-30T11:20:43.137+0000] {standard_task_runner.py:88} INFO - Job 6: Subtask train_model
[2025-12-30T11:20:43.305+0000] {task_command.py:423} INFO - Running <TaskInstance: train_model_sample.train_model manual__2025-12-30T11:20:41.174094+00:00 [running]> on host ef2562eaf205
[2025-12-30T11:20:43.598+0000] {taskinstance.py:2480} INFO - Exporting env vars: AIRFLOW_CTX_DAG_OWNER='***' AIRFLOW_CTX_DAG_ID='train_model_sample' AIRFLOW_CTX_TASK_ID='train_model' AIRFLOW_CTX_EXECUTION_DATE='2025-12-30T11:20:41.174094+00:00' AIRFLOW_CTX_TRY_NUMBER='1' AIRFLOW_CTX_DAG_RUN_ID='manual__2025-12-30T11:20:41.174094+00:00'
[2025-12-30T11:20:43.607+0000] {process_utils.py:182} INFO - Executing cmd: /usr/local/bin/python -m virtualenv /tmp/venvs9f9e7dc --python=python
[2025-12-30T11:20:43.634+0000] {process_utils.py:186} INFO - Output:
[2025-12-30T11:20:47.292+0000] {process_utils.py:190} INFO - created virtual environment CPython3.8.18.final.0-64 in 2248ms
[2025-12-30T11:20:47.294+0000] {process_utils.py:190} INFO -   creator CPython3Posix(dest=/tmp/venvs9f9e7dc, clear=False, no_vcs_ignore=False, global=False)
[2025-12-30T11:20:47.296+0000] {process_utils.py:190} INFO -   seeder FromAppData(download=False, pip=bundle, setuptools=bundle, wheel=bundle, via=copy, app_data_dir=/home/***/.local/share/virtualenv)
[2025-12-30T11:20:47.298+0000] {process_utils.py:190} INFO -     added seed packages: pip==23.3.1, setuptools==69.0.2, wheel==0.42.0
[2025-12-30T11:20:47.299+0000] {process_utils.py:190} INFO -   activators BashActivator,CShellActivator,FishActivator,NushellActivator,PowerShellActivator,PythonActivator
[2025-12-30T11:20:47.418+0000] {process_utils.py:182} INFO - Executing cmd: /tmp/venvs9f9e7dc/bin/pip install -r /tmp/venvs9f9e7dc/requirements.txt
[2025-12-30T11:20:47.436+0000] {process_utils.py:186} INFO - Output:
[2025-12-30T11:20:51.958+0000] {process_utils.py:190} INFO - Collecting mlflow==2.10.2 (from -r /tmp/venvs9f9e7dc/requirements.txt (line 1))
[2025-12-30T11:20:52.303+0000] {process_utils.py:190} INFO -   Downloading mlflow-2.10.2-py3-none-any.whl.metadata (13 kB)
[2025-12-30T11:20:53.365+0000] {process_utils.py:190} INFO - Collecting pandas (from -r /tmp/venvs9f9e7dc/requirements.txt (line 2))
[2025-12-30T11:20:53.415+0000] {process_utils.py:190} INFO -   Downloading pandas-2.0.3-cp38-cp38-manylinux_2_17_x86_64.manylinux2014_x86_64.whl.metadata (18 kB)
[2025-12-30T11:20:54.105+0000] {process_utils.py:190} INFO - Collecting scikit-learn (from -r /tmp/venvs9f9e7dc/requirements.txt (line 3))
[2025-12-30T11:20:54.209+0000] {process_utils.py:190} INFO -   Downloading scikit_learn-1.3.2-cp38-cp38-manylinux_2_17_x86_64.manylinux2014_x86_64.whl.metadata (11 kB)
[2025-12-30T11:20:54.677+0000] {process_utils.py:190} INFO - Collecting click<9,>=7.0 (from mlflow==2.10.2->-r /tmp/venvs9f9e7dc/requirements.txt (line 1))
[2025-12-30T11:20:54.751+0000] {process_utils.py:190} INFO -   Downloading click-8.1.8-py3-none-any.whl.metadata (2.3 kB)
[2025-12-30T11:20:54.965+0000] {process_utils.py:190} INFO - Collecting cloudpickle<4 (from mlflow==2.10.2->-r /tmp/venvs9f9e7dc/requirements.txt (line 1))
[2025-12-30T11:20:55.021+0000] {process_utils.py:190} INFO -   Downloading cloudpickle-3.1.2-py3-none-any.whl.metadata (7.1 kB)
[2025-12-30T11:20:55.183+0000] {process_utils.py:190} INFO - Collecting entrypoints<1 (from mlflow==2.10.2->-r /tmp/venvs9f9e7dc/requirements.txt (line 1))
[2025-12-30T11:20:55.253+0000] {process_utils.py:190} INFO -   Downloading entrypoints-0.4-py3-none-any.whl.metadata (2.6 kB)
[2025-12-30T11:20:55.499+0000] {process_utils.py:190} INFO - Collecting gitpython<4,>=2.1.0 (from mlflow==2.10.2->-r /tmp/venvs9f9e7dc/requirements.txt (line 1))
[2025-12-30T11:20:55.587+0000] {process_utils.py:190} INFO -   Downloading gitpython-3.1.45-py3-none-any.whl.metadata (13 kB)
[2025-12-30T11:20:55.942+0000] {process_utils.py:190} INFO - Collecting pyyaml<7,>=5.1 (from mlflow==2.10.2->-r /tmp/venvs9f9e7dc/requirements.txt (line 1))
[2025-12-30T11:20:56.018+0000] {process_utils.py:190} INFO -   Downloading PyYAML-6.0.3-cp38-cp38-manylinux2014_x86_64.manylinux_2_17_x86_64.manylinux_2_28_x86_64.whl.metadata (2.1 kB)
[2025-12-30T11:20:56.977+0000] {process_utils.py:190} INFO - Collecting protobuf<5,>=3.12.0 (from mlflow==2.10.2->-r /tmp/venvs9f9e7dc/requirements.txt (line 1))
[2025-12-30T11:20:57.034+0000] {process_utils.py:190} INFO -   Downloading protobuf-4.25.8-cp37-abi3-manylinux2014_x86_64.whl.metadata (541 bytes)
[2025-12-30T11:20:57.279+0000] {process_utils.py:190} INFO - Collecting pytz<2024 (from mlflow==2.10.2->-r /tmp/venvs9f9e7dc/requirements.txt (line 1))
[2025-12-30T11:20:57.430+0000] {process_utils.py:190} INFO -   Downloading pytz-2023.4-py2.py3-none-any.whl.metadata (22 kB)
[2025-12-30T11:20:57.753+0000] {process_utils.py:190} INFO - Collecting requests<3,>=2.17.3 (from mlflow==2.10.2->-r /tmp/venvs9f9e7dc/requirements.txt (line 1))
[2025-12-30T11:20:57.858+0000] {process_utils.py:190} INFO -   Downloading requests-2.32.4-py3-none-any.whl.metadata (4.9 kB)
[2025-12-30T11:20:58.040+0000] {process_utils.py:190} INFO - Collecting packaging<24 (from mlflow==2.10.2->-r /tmp/venvs9f9e7dc/requirements.txt (line 1))
[2025-12-30T11:20:58.204+0000] {process_utils.py:190} INFO -   Downloading packaging-23.2-py3-none-any.whl.metadata (3.2 kB)
[2025-12-30T11:20:58.513+0000] {process_utils.py:190} INFO - Collecting importlib-metadata!=4.7.0,<8,>=3.7.0 (from mlflow==2.10.2->-r /tmp/venvs9f9e7dc/requirements.txt (line 1))
[2025-12-30T11:20:58.604+0000] {process_utils.py:190} INFO -   Downloading importlib_metadata-7.2.1-py3-none-any.whl.metadata (4.6 kB)
[2025-12-30T11:20:58.735+0000] {process_utils.py:190} INFO - Collecting sqlparse<1,>=0.4.0 (from mlflow==2.10.2->-r /tmp/venvs9f9e7dc/requirements.txt (line 1))
[2025-12-30T11:20:58.784+0000] {process_utils.py:190} INFO -   Downloading sqlparse-0.5.5-py3-none-any.whl.metadata (4.7 kB)
[2025-12-30T11:20:59.007+0000] {process_utils.py:190} INFO - Collecting alembic!=1.10.0,<2 (from mlflow==2.10.2->-r /tmp/venvs9f9e7dc/requirements.txt (line 1))
[2025-12-30T11:20:59.049+0000] {process_utils.py:190} INFO -   Downloading alembic-1.14.1-py3-none-any.whl.metadata (7.4 kB)
[2025-12-30T11:20:59.303+0000] {process_utils.py:190} INFO - Collecting docker<8,>=4.0.0 (from mlflow==2.10.2->-r /tmp/venvs9f9e7dc/requirements.txt (line 1))
[2025-12-30T11:20:59.353+0000] {process_utils.py:190} INFO -   Downloading docker-7.1.0-py3-none-any.whl.metadata (3.8 kB)
[2025-12-30T11:20:59.498+0000] {process_utils.py:190} INFO - Collecting Flask<4 (from mlflow==2.10.2->-r /tmp/venvs9f9e7dc/requirements.txt (line 1))
[2025-12-30T11:20:59.542+0000] {process_utils.py:190} INFO -   Downloading flask-3.0.3-py3-none-any.whl.metadata (3.2 kB)
[2025-12-30T11:21:00.404+0000] {process_utils.py:190} INFO - Collecting numpy<2 (from mlflow==2.10.2->-r /tmp/venvs9f9e7dc/requirements.txt (line 1))
[2025-12-30T11:21:00.469+0000] {process_utils.py:190} INFO -   Downloading numpy-1.24.4-cp38-cp38-manylinux_2_17_x86_64.manylinux2014_x86_64.whl.metadata (5.6 kB)
[2025-12-30T11:21:02.491+0000] {process_utils.py:190} INFO - Collecting scipy<2 (from mlflow==2.10.2->-r /tmp/venvs9f9e7dc/requirements.txt (line 1))
[2025-12-30T11:21:02.558+0000] {process_utils.py:190} INFO -   Downloading scipy-1.10.1-cp38-cp38-manylinux_2_17_x86_64.manylinux2014_x86_64.whl.metadata (58 kB)
[2025-12-30T11:21:02.699+0000] {process_utils.py:190} INFO -      ━━━━━━━━━━━━━━━━━━━━━━━━━━━━━━━━━━━━━━━ 58.9/58.9 kB 460.4 kB/s eta 0:00:00
[2025-12-30T11:21:02.858+0000] {process_utils.py:190} INFO - Collecting querystring-parser<2 (from mlflow==2.10.2->-r /tmp/venvs9f9e7dc/requirements.txt (line 1))
[2025-12-30T11:21:02.932+0000] {process_utils.py:190} INFO -   Downloading querystring_parser-1.2.4-py2.py3-none-any.whl.metadata (559 bytes)
[2025-12-30T11:21:04.523+0000] {process_utils.py:190} INFO - Collecting sqlalchemy<3,>=1.4.0 (from mlflow==2.10.2->-r /tmp/venvs9f9e7dc/requirements.txt (line 1))
[2025-12-30T11:21:04.599+0000] {process_utils.py:190} INFO -   Downloading sqlalchemy-2.0.45-cp38-cp38-manylinux2014_x86_64.manylinux_2_17_x86_64.manylinux_2_28_x86_64.whl.metadata (9.6 kB)
[2025-12-30T11:21:05.116+0000] {process_utils.py:190} INFO - Collecting pyarrow<16,>=4.0.0 (from mlflow==2.10.2->-r /tmp/venvs9f9e7dc/requirements.txt (line 1))
[2025-12-30T11:21:05.222+0000] {process_utils.py:190} INFO -   Downloading pyarrow-15.0.2-cp38-cp38-manylinux_2_28_x86_64.whl.metadata (3.0 kB)
[2025-12-30T11:21:05.381+0000] {process_utils.py:190} INFO - Collecting markdown<4,>=3.3 (from mlflow==2.10.2->-r /tmp/venvs9f9e7dc/requirements.txt (line 1))
[2025-12-30T11:21:05.449+0000] {process_utils.py:190} INFO -   Downloading Markdown-3.7-py3-none-any.whl.metadata (7.0 kB)
[2025-12-30T11:21:06.628+0000] {process_utils.py:190} INFO - Collecting matplotlib<4 (from mlflow==2.10.2->-r /tmp/venvs9f9e7dc/requirements.txt (line 1))
[2025-12-30T11:21:06.935+0000] {process_utils.py:190} INFO -   Downloading matplotlib-3.7.5-cp38-cp38-manylinux_2_12_x86_64.manylinux2010_x86_64.whl.metadata (5.7 kB)
[2025-12-30T11:21:07.138+0000] {process_utils.py:190} INFO - Collecting gunicorn<22 (from mlflow==2.10.2->-r /tmp/venvs9f9e7dc/requirements.txt (line 1))
[2025-12-30T11:21:07.203+0000] {process_utils.py:190} INFO -   Downloading gunicorn-21.2.0-py3-none-any.whl.metadata (4.1 kB)
[2025-12-30T11:21:07.325+0000] {process_utils.py:190} INFO - Collecting Jinja2<4,>=2.11 (from mlflow==2.10.2->-r /tmp/venvs9f9e7dc/requirements.txt (line 1))
[2025-12-30T11:21:07.419+0000] {process_utils.py:190} INFO -   Downloading jinja2-3.1.6-py3-none-any.whl.metadata (2.9 kB)
[2025-12-30T11:21:08.619+0000] {process_utils.py:190} INFO - Collecting python-dateutil>=2.8.2 (from pandas->-r /tmp/venvs9f9e7dc/requirements.txt (line 2))
[2025-12-30T11:21:08.789+0000] {process_utils.py:190} INFO -   Downloading python_dateutil-2.9.0.post0-py2.py3-none-any.whl.metadata (8.4 kB)
[2025-12-30T11:21:09.007+0000] {process_utils.py:190} INFO - Collecting tzdata>=2022.1 (from pandas->-r /tmp/venvs9f9e7dc/requirements.txt (line 2))
[2025-12-30T11:21:09.113+0000] {process_utils.py:190} INFO -   Downloading tzdata-2025.3-py2.py3-none-any.whl.metadata (1.4 kB)
[2025-12-30T11:21:09.517+0000] {process_utils.py:190} INFO - Collecting joblib>=1.1.1 (from scikit-learn->-r /tmp/venvs9f9e7dc/requirements.txt (line 3))
[2025-12-30T11:21:09.587+0000] {process_utils.py:190} INFO -   Downloading joblib-1.4.2-py3-none-any.whl.metadata (5.4 kB)
[2025-12-30T11:21:09.697+0000] {process_utils.py:190} INFO - Collecting threadpoolctl>=2.0.0 (from scikit-learn->-r /tmp/venvs9f9e7dc/requirements.txt (line 3))
[2025-12-30T11:21:09.766+0000] {process_utils.py:190} INFO -   Downloading threadpoolctl-3.5.0-py3-none-any.whl.metadata (13 kB)
[2025-12-30T11:21:10.131+0000] {process_utils.py:190} INFO - Collecting Mako (from alembic!=1.10.0,<2->mlflow==2.10.2->-r /tmp/venvs9f9e7dc/requirements.txt (line 1))
[2025-12-30T11:21:10.450+0000] {process_utils.py:190} INFO -   Downloading mako-1.3.10-py3-none-any.whl.metadata (2.9 kB)
[2025-12-30T11:21:10.682+0000] {process_utils.py:190} INFO - Collecting importlib-resources (from alembic!=1.10.0,<2->mlflow==2.10.2->-r /tmp/venvs9f9e7dc/requirements.txt (line 1))
[2025-12-30T11:21:10.786+0000] {process_utils.py:190} INFO -   Downloading importlib_resources-6.4.5-py3-none-any.whl.metadata (4.0 kB)
[2025-12-30T11:21:10.967+0000] {process_utils.py:190} INFO - Collecting typing-extensions>=4 (from alembic!=1.10.0,<2->mlflow==2.10.2->-r /tmp/venvs9f9e7dc/requirements.txt (line 1))
[2025-12-30T11:21:11.022+0000] {process_utils.py:190} INFO -   Downloading typing_extensions-4.13.2-py3-none-any.whl.metadata (3.0 kB)
[2025-12-30T11:21:11.391+0000] {process_utils.py:190} INFO - Collecting urllib3>=1.26.0 (from docker<8,>=4.0.0->mlflow==2.10.2->-r /tmp/venvs9f9e7dc/requirements.txt (line 1))
[2025-12-30T11:21:11.447+0000] {process_utils.py:190} INFO -   Downloading urllib3-2.2.3-py3-none-any.whl.metadata (6.5 kB)
[2025-12-30T11:21:11.667+0000] {process_utils.py:190} INFO - Collecting Werkzeug>=3.0.0 (from Flask<4->mlflow==2.10.2->-r /tmp/venvs9f9e7dc/requirements.txt (line 1))
[2025-12-30T11:21:11.721+0000] {process_utils.py:190} INFO -   Downloading werkzeug-3.0.6-py3-none-any.whl.metadata (3.7 kB)
[2025-12-30T11:21:11.974+0000] {process_utils.py:190} INFO - Collecting itsdangerous>=2.1.2 (from Flask<4->mlflow==2.10.2->-r /tmp/venvs9f9e7dc/requirements.txt (line 1))
[2025-12-30T11:21:12.068+0000] {process_utils.py:190} INFO -   Downloading itsdangerous-2.2.0-py3-none-any.whl.metadata (1.9 kB)
[2025-12-30T11:21:12.186+0000] {process_utils.py:190} INFO - Collecting blinker>=1.6.2 (from Flask<4->mlflow==2.10.2->-r /tmp/venvs9f9e7dc/requirements.txt (line 1))
[2025-12-30T11:21:12.250+0000] {process_utils.py:190} INFO -   Downloading blinker-1.8.2-py3-none-any.whl.metadata (1.6 kB)
[2025-12-30T11:21:12.536+0000] {process_utils.py:190} INFO - Collecting gitdb<5,>=4.0.1 (from gitpython<4,>=2.1.0->mlflow==2.10.2->-r /tmp/venvs9f9e7dc/requirements.txt (line 1))
[2025-12-30T11:21:12.647+0000] {process_utils.py:190} INFO -   Downloading gitdb-4.0.12-py3-none-any.whl.metadata (1.2 kB)
[2025-12-30T11:21:12.959+0000] {process_utils.py:190} INFO - Collecting zipp>=0.5 (from importlib-metadata!=4.7.0,<8,>=3.7.0->mlflow==2.10.2->-r /tmp/venvs9f9e7dc/requirements.txt (line 1))
[2025-12-30T11:21:13.188+0000] {process_utils.py:190} INFO -   Downloading zipp-3.20.2-py3-none-any.whl.metadata (3.7 kB)
[2025-12-30T11:21:13.675+0000] {process_utils.py:190} INFO - Collecting MarkupSafe>=2.0 (from Jinja2<4,>=2.11->mlflow==2.10.2->-r /tmp/venvs9f9e7dc/requirements.txt (line 1))
[2025-12-30T11:21:13.880+0000] {process_utils.py:190} INFO -   Downloading MarkupSafe-2.1.5-cp38-cp38-manylinux_2_17_x86_64.manylinux2014_x86_64.whl.metadata (3.0 kB)
[2025-12-30T11:21:14.397+0000] {process_utils.py:190} INFO - Collecting contourpy>=1.0.1 (from matplotlib<4->mlflow==2.10.2->-r /tmp/venvs9f9e7dc/requirements.txt (line 1))
[2025-12-30T11:21:14.559+0000] {process_utils.py:190} INFO -   Downloading contourpy-1.1.1-cp38-cp38-manylinux_2_17_x86_64.manylinux2014_x86_64.whl.metadata (5.9 kB)
[2025-12-30T11:21:14.737+0000] {process_utils.py:190} INFO - Collecting cycler>=0.10 (from matplotlib<4->mlflow==2.10.2->-r /tmp/venvs9f9e7dc/requirements.txt (line 1))
[2025-12-30T11:21:14.837+0000] {process_utils.py:190} INFO -   Downloading cycler-0.12.1-py3-none-any.whl.metadata (3.8 kB)
[2025-12-30T11:21:15.544+0000] {process_utils.py:190} INFO - Collecting fonttools>=4.22.0 (from matplotlib<4->mlflow==2.10.2->-r /tmp/venvs9f9e7dc/requirements.txt (line 1))
[2025-12-30T11:21:15.648+0000] {process_utils.py:190} INFO -   Downloading fonttools-4.57.0-cp38-cp38-manylinux_2_17_x86_64.manylinux2014_x86_64.whl.metadata (102 kB)
[2025-12-30T11:21:15.808+0000] {process_utils.py:190} INFO -      ━━━━━━━━━━━━━━━━━━━━━━━━━━━━━━━━━━━━━ 102.3/102.3 kB 648.3 kB/s eta 0:00:00
[2025-12-30T11:21:16.337+0000] {process_utils.py:190} INFO - Collecting kiwisolver>=1.0.1 (from matplotlib<4->mlflow==2.10.2->-r /tmp/venvs9f9e7dc/requirements.txt (line 1))
[2025-12-30T11:21:16.514+0000] {process_utils.py:190} INFO -   Downloading kiwisolver-1.4.7-cp38-cp38-manylinux_2_5_x86_64.manylinux1_x86_64.whl.metadata (6.3 kB)
[2025-12-30T11:21:17.374+0000] {process_utils.py:190} INFO - Collecting pillow>=6.2.0 (from matplotlib<4->mlflow==2.10.2->-r /tmp/venvs9f9e7dc/requirements.txt (line 1))
[2025-12-30T11:21:17.587+0000] {process_utils.py:190} INFO -   Downloading pillow-10.4.0-cp38-cp38-manylinux_2_28_x86_64.whl.metadata (9.2 kB)
[2025-12-30T11:21:17.888+0000] {process_utils.py:190} INFO - Collecting pyparsing>=2.3.1 (from matplotlib<4->mlflow==2.10.2->-r /tmp/venvs9f9e7dc/requirements.txt (line 1))
[2025-12-30T11:21:18.023+0000] {process_utils.py:190} INFO -   Downloading pyparsing-3.1.4-py3-none-any.whl.metadata (5.1 kB)
[2025-12-30T11:21:18.414+0000] {process_utils.py:190} INFO - Collecting six>=1.5 (from python-dateutil>=2.8.2->pandas->-r /tmp/venvs9f9e7dc/requirements.txt (line 2))
[2025-12-30T11:21:18.486+0000] {process_utils.py:190} INFO -   Downloading six-1.17.0-py2.py3-none-any.whl.metadata (1.7 kB)
[2025-12-30T11:21:18.940+0000] {process_utils.py:190} INFO - Collecting charset_normalizer<4,>=2 (from requests<3,>=2.17.3->mlflow==2.10.2->-r /tmp/venvs9f9e7dc/requirements.txt (line 1))
[2025-12-30T11:21:19.170+0000] {process_utils.py:190} INFO -   Downloading charset_normalizer-3.4.4-cp38-cp38-manylinux2014_x86_64.manylinux_2_17_x86_64.manylinux_2_28_x86_64.whl.metadata (37 kB)
[2025-12-30T11:21:19.314+0000] {process_utils.py:190} INFO - Collecting idna<4,>=2.5 (from requests<3,>=2.17.3->mlflow==2.10.2->-r /tmp/venvs9f9e7dc/requirements.txt (line 1))
[2025-12-30T11:21:19.395+0000] {process_utils.py:190} INFO -   Downloading idna-3.11-py3-none-any.whl.metadata (8.4 kB)
[2025-12-30T11:21:19.582+0000] {process_utils.py:190} INFO - Collecting certifi>=2017.4.17 (from requests<3,>=2.17.3->mlflow==2.10.2->-r /tmp/venvs9f9e7dc/requirements.txt (line 1))
[2025-12-30T11:21:19.858+0000] {process_utils.py:190} INFO -   Downloading certifi-2025.11.12-py3-none-any.whl.metadata (2.5 kB)
[2025-12-30T11:21:20.717+0000] {process_utils.py:190} INFO - Collecting greenlet>=1 (from sqlalchemy<3,>=1.4.0->mlflow==2.10.2->-r /tmp/venvs9f9e7dc/requirements.txt (line 1))
[2025-12-30T11:21:20.799+0000] {process_utils.py:190} INFO -   Downloading greenlet-3.1.1-cp38-cp38-manylinux_2_24_x86_64.manylinux_2_28_x86_64.whl.metadata (3.8 kB)
[2025-12-30T11:21:21.412+0000] {process_utils.py:190} INFO - Collecting smmap<6,>=3.0.1 (from gitdb<5,>=4.0.1->gitpython<4,>=2.1.0->mlflow==2.10.2->-r /tmp/venvs9f9e7dc/requirements.txt (line 1))
[2025-12-30T11:21:21.479+0000] {process_utils.py:190} INFO -   Downloading smmap-5.0.2-py3-none-any.whl.metadata (4.3 kB)
[2025-12-30T11:21:21.967+0000] {process_utils.py:190} INFO - Downloading mlflow-2.10.2-py3-none-any.whl (19.5 MB)
[2025-12-30T11:21:41.471+0000] {process_utils.py:190} INFO -    ━━━━━━━━━━━━━━━━━━━━━━━━━━━━━━━━━━━━━━━━ 19.5/19.5 MB 880.0 kB/s eta 0:00:00
[2025-12-30T11:21:41.594+0000] {process_utils.py:190} INFO - Downloading pandas-2.0.3-cp38-cp38-manylinux_2_17_x86_64.manylinux2014_x86_64.whl (12.4 MB)
[2025-12-30T11:22:03.636+0000] {process_utils.py:190} INFO -    ━━━━━━━━╸                                2.7/12.4 MB 392.2 kB/s eta 0:00:25
[2025-12-30T11:22:03.657+0000] {process_utils.py:190} INFO - ERROR: Exception:
[2025-12-30T11:22:03.658+0000] {process_utils.py:190} INFO - Traceback (most recent call last):
[2025-12-30T11:22:03.660+0000] {process_utils.py:190} INFO -   File "/tmp/venvs9f9e7dc/lib/python3.8/site-packages/pip/_vendor/urllib3/response.py", line 438, in _error_catcher
[2025-12-30T11:22:03.664+0000] {process_utils.py:190} INFO -     yield
[2025-12-30T11:22:03.665+0000] {process_utils.py:190} INFO -   File "/tmp/venvs9f9e7dc/lib/python3.8/site-packages/pip/_vendor/urllib3/response.py", line 561, in read
[2025-12-30T11:22:03.667+0000] {process_utils.py:190} INFO -     data = self._fp_read(amt) if not fp_closed else b""
[2025-12-30T11:22:03.668+0000] {process_utils.py:190} INFO -   File "/tmp/venvs9f9e7dc/lib/python3.8/site-packages/pip/_vendor/urllib3/response.py", line 527, in _fp_read
[2025-12-30T11:22:03.669+0000] {process_utils.py:190} INFO -     return self._fp.read(amt) if amt is not None else self._fp.read()
[2025-12-30T11:22:03.671+0000] {process_utils.py:190} INFO -   File "/tmp/venvs9f9e7dc/lib/python3.8/site-packages/pip/_vendor/cachecontrol/filewrapper.py", line 98, in read
[2025-12-30T11:22:03.674+0000] {process_utils.py:190} INFO -     data: bytes = self.__fp.read(amt)
[2025-12-30T11:22:03.676+0000] {process_utils.py:190} INFO -   File "/usr/local/lib/python3.8/http/client.py", line 459, in read
[2025-12-30T11:22:03.677+0000] {process_utils.py:190} INFO -     n = self.readinto(b)
[2025-12-30T11:22:03.678+0000] {process_utils.py:190} INFO -   File "/usr/local/lib/python3.8/http/client.py", line 503, in readinto
[2025-12-30T11:22:03.679+0000] {process_utils.py:190} INFO -     n = self.fp.readinto(b)
[2025-12-30T11:22:03.681+0000] {process_utils.py:190} INFO -   File "/usr/local/lib/python3.8/socket.py", line 669, in readinto
[2025-12-30T11:22:03.682+0000] {process_utils.py:190} INFO -     return self._sock.recv_into(b)
[2025-12-30T11:22:03.683+0000] {process_utils.py:190} INFO -   File "/usr/local/lib/python3.8/ssl.py", line 1274, in recv_into
[2025-12-30T11:22:03.685+0000] {process_utils.py:190} INFO -     return self.read(nbytes, buffer)
[2025-12-30T11:22:03.686+0000] {process_utils.py:190} INFO -   File "/usr/local/lib/python3.8/ssl.py", line 1132, in read
[2025-12-30T11:22:03.688+0000] {process_utils.py:190} INFO -     return self._sslobj.read(len, buffer)
[2025-12-30T11:22:03.690+0000] {process_utils.py:190} INFO - socket.timeout: The read operation timed out
[2025-12-30T11:22:03.691+0000] {process_utils.py:190} INFO - 
[2025-12-30T11:22:03.693+0000] {process_utils.py:190} INFO - During handling of the above exception, another exception occurred:
[2025-12-30T11:22:03.695+0000] {process_utils.py:190} INFO - 
[2025-12-30T11:22:03.696+0000] {process_utils.py:190} INFO - Traceback (most recent call last):
[2025-12-30T11:22:03.698+0000] {process_utils.py:190} INFO -   File "/tmp/venvs9f9e7dc/lib/python3.8/site-packages/pip/_internal/cli/base_command.py", line 180, in exc_logging_wrapper
[2025-12-30T11:22:03.699+0000] {process_utils.py:190} INFO -     status = run_func(*args)
[2025-12-30T11:22:03.701+0000] {process_utils.py:190} INFO -   File "/tmp/venvs9f9e7dc/lib/python3.8/site-packages/pip/_internal/cli/req_command.py", line 245, in wrapper
[2025-12-30T11:22:03.702+0000] {process_utils.py:190} INFO -     return func(self, options, args)
[2025-12-30T11:22:03.703+0000] {process_utils.py:190} INFO -   File "/tmp/venvs9f9e7dc/lib/python3.8/site-packages/pip/_internal/commands/install.py", line 377, in run
[2025-12-30T11:22:03.705+0000] {process_utils.py:190} INFO -     requirement_set = resolver.resolve(
[2025-12-30T11:22:03.707+0000] {process_utils.py:190} INFO -   File "/tmp/venvs9f9e7dc/lib/python3.8/site-packages/pip/_internal/resolution/resolvelib/resolver.py", line 179, in resolve
[2025-12-30T11:22:03.709+0000] {process_utils.py:190} INFO -     self.factory.preparer.prepare_linked_requirements_more(reqs)
[2025-12-30T11:22:03.710+0000] {process_utils.py:190} INFO -   File "/tmp/venvs9f9e7dc/lib/python3.8/site-packages/pip/_internal/operations/prepare.py", line 552, in prepare_linked_requirements_more
[2025-12-30T11:22:03.711+0000] {process_utils.py:190} INFO -     self._complete_partial_requirements(
[2025-12-30T11:22:03.713+0000] {process_utils.py:190} INFO -   File "/tmp/venvs9f9e7dc/lib/python3.8/site-packages/pip/_internal/operations/prepare.py", line 467, in _complete_partial_requirements
[2025-12-30T11:22:03.714+0000] {process_utils.py:190} INFO -     for link, (filepath, _) in batch_download:
[2025-12-30T11:22:03.716+0000] {process_utils.py:190} INFO -   File "/tmp/venvs9f9e7dc/lib/python3.8/site-packages/pip/_internal/network/download.py", line 183, in __call__
[2025-12-30T11:22:03.717+0000] {process_utils.py:190} INFO -     for chunk in chunks:
[2025-12-30T11:22:03.719+0000] {process_utils.py:190} INFO -   File "/tmp/venvs9f9e7dc/lib/python3.8/site-packages/pip/_internal/cli/progress_bars.py", line 53, in _rich_progress_bar
[2025-12-30T11:22:03.721+0000] {process_utils.py:190} INFO -     for chunk in iterable:
[2025-12-30T11:22:03.722+0000] {process_utils.py:190} INFO -   File "/tmp/venvs9f9e7dc/lib/python3.8/site-packages/pip/_internal/network/utils.py", line 63, in response_chunks
[2025-12-30T11:22:03.724+0000] {process_utils.py:190} INFO -     for chunk in response.raw.stream(
[2025-12-30T11:22:03.725+0000] {process_utils.py:190} INFO -   File "/tmp/venvs9f9e7dc/lib/python3.8/site-packages/pip/_vendor/urllib3/response.py", line 622, in stream
[2025-12-30T11:22:03.727+0000] {process_utils.py:190} INFO -     data = self.read(amt=amt, decode_content=decode_content)
[2025-12-30T11:22:03.729+0000] {process_utils.py:190} INFO -   File "/tmp/venvs9f9e7dc/lib/python3.8/site-packages/pip/_vendor/urllib3/response.py", line 587, in read
[2025-12-30T11:22:03.731+0000] {process_utils.py:190} INFO -     raise IncompleteRead(self._fp_bytes_read, self.length_remaining)
[2025-12-30T11:22:03.732+0000] {process_utils.py:190} INFO -   File "/usr/local/lib/python3.8/contextlib.py", line 131, in __exit__
[2025-12-30T11:22:03.733+0000] {process_utils.py:190} INFO -     self.gen.throw(type, value, traceback)
[2025-12-30T11:22:03.735+0000] {process_utils.py:190} INFO -   File "/tmp/venvs9f9e7dc/lib/python3.8/site-packages/pip/_vendor/urllib3/response.py", line 443, in _error_catcher
[2025-12-30T11:22:03.736+0000] {process_utils.py:190} INFO -     raise ReadTimeoutError(self._pool, None, "Read timed out.")
[2025-12-30T11:22:03.738+0000] {process_utils.py:190} INFO - pip._vendor.urllib3.exceptions.ReadTimeoutError: HTTPSConnectionPool(host='files.pythonhosted.org', port=443): Read timed out.
[2025-12-30T11:22:16.220+0000] {taskinstance.py:2698} ERROR - Task failed with exception
Traceback (most recent call last):
  File "/home/airflow/.local/lib/python3.8/site-packages/airflow/models/taskinstance.py", line 433, in _execute_task
    result = execute_callable(context=context, **execute_callable_kwargs)
  File "/home/airflow/.local/lib/python3.8/site-packages/airflow/operators/python.py", line 400, in execute
    return super().execute(context=serializable_context)
  File "/home/airflow/.local/lib/python3.8/site-packages/airflow/operators/python.py", line 199, in execute
    return_value = self.execute_callable()
  File "/home/airflow/.local/lib/python3.8/site-packages/airflow/operators/python.py", line 714, in execute_callable
    self._prepare_venv(tmp_path)
  File "/home/airflow/.local/lib/python3.8/site-packages/airflow/operators/python.py", line 626, in _prepare_venv
    prepare_virtualenv(
  File "/home/airflow/.local/lib/python3.8/site-packages/airflow/utils/python_virtualenv.py", line 118, in prepare_virtualenv
    execute_in_subprocess(pip_cmd)
  File "/home/airflow/.local/lib/python3.8/site-packages/airflow/utils/process_utils.py", line 171, in execute_in_subprocess
    execute_in_subprocess_with_kwargs(cmd, cwd=cwd)
  File "/home/airflow/.local/lib/python3.8/site-packages/airflow/utils/process_utils.py", line 194, in execute_in_subprocess_with_kwargs
    raise subprocess.CalledProcessError(exit_code, cmd)
subprocess.CalledProcessError: Command '['/tmp/venvs9f9e7dc/bin/pip', 'install', '-r', '/tmp/venvs9f9e7dc/requirements.txt']' returned non-zero exit status 2.
[2025-12-30T11:22:16.262+0000] {taskinstance.py:1138} INFO - Marking task as FAILED. dag_id=train_model_sample, task_id=train_model, execution_date=20251230T112041, start_date=20251230T112043, end_date=20251230T112216
[2025-12-30T11:22:16.318+0000] {standard_task_runner.py:107} ERROR - Failed to execute job 6 for task train_model (Command '['/tmp/venvs9f9e7dc/bin/pip', 'install', '-r', '/tmp/venvs9f9e7dc/requirements.txt']' returned non-zero exit status 2.; 266)
[2025-12-30T11:22:16.338+0000] {local_task_job_runner.py:234} INFO - Task exited with return code 1
[2025-12-30T11:22:16.388+0000] {taskinstance.py:3280} INFO - 0 downstream tasks scheduled from follow-on schedule check
