[2026-01-03T15:14:38.510+0000] {processor.py:161} INFO - Started process (PID=168) to work on /opt/airflow/dags/model_sample_dags.py
[2026-01-03T15:14:38.516+0000] {processor.py:830} INFO - Processing file /opt/airflow/dags/model_sample_dags.py for tasks to queue
[2026-01-03T15:14:38.525+0000] {logging_mixin.py:188} INFO - [2026-01-03T15:14:38.523+0000] {dagbag.py:545} INFO - Filling up the DagBag from /opt/airflow/dags/model_sample_dags.py
[2026-01-03T15:14:38.644+0000] {processor.py:840} INFO - DAG(s) 'train_model_sample' retrieved from /opt/airflow/dags/model_sample_dags.py
[2026-01-03T15:14:39.230+0000] {logging_mixin.py:188} INFO - [2026-01-03T15:14:39.229+0000] {dag.py:3089} INFO - Sync 1 DAGs
[2026-01-03T15:14:39.277+0000] {logging_mixin.py:188} INFO - [2026-01-03T15:14:39.276+0000] {dag.py:3947} INFO - Setting next_dagrun for train_model_sample to None, run_after=None
[2026-01-03T15:14:39.361+0000] {processor.py:183} INFO - Processing /opt/airflow/dags/model_sample_dags.py took 0.875 seconds
[2026-01-03T15:15:09.726+0000] {processor.py:161} INFO - Started process (PID=173) to work on /opt/airflow/dags/model_sample_dags.py
[2026-01-03T15:15:09.731+0000] {processor.py:830} INFO - Processing file /opt/airflow/dags/model_sample_dags.py for tasks to queue
[2026-01-03T15:15:09.740+0000] {logging_mixin.py:188} INFO - [2026-01-03T15:15:09.739+0000] {dagbag.py:545} INFO - Filling up the DagBag from /opt/airflow/dags/model_sample_dags.py
[2026-01-03T15:15:09.827+0000] {processor.py:840} INFO - DAG(s) 'train_model_sample' retrieved from /opt/airflow/dags/model_sample_dags.py
[2026-01-03T15:15:09.916+0000] {logging_mixin.py:188} INFO - [2026-01-03T15:15:09.915+0000] {dag.py:3089} INFO - Sync 1 DAGs
[2026-01-03T15:15:09.958+0000] {logging_mixin.py:188} INFO - [2026-01-03T15:15:09.957+0000] {dag.py:3947} INFO - Setting next_dagrun for train_model_sample to None, run_after=None
[2026-01-03T15:15:10.035+0000] {processor.py:183} INFO - Processing /opt/airflow/dags/model_sample_dags.py took 0.341 seconds
[2026-01-03T15:15:40.465+0000] {processor.py:161} INFO - Started process (PID=178) to work on /opt/airflow/dags/model_sample_dags.py
[2026-01-03T15:15:40.470+0000] {processor.py:830} INFO - Processing file /opt/airflow/dags/model_sample_dags.py for tasks to queue
[2026-01-03T15:15:40.478+0000] {logging_mixin.py:188} INFO - [2026-01-03T15:15:40.476+0000] {dagbag.py:545} INFO - Filling up the DagBag from /opt/airflow/dags/model_sample_dags.py
[2026-01-03T15:15:40.579+0000] {processor.py:840} INFO - DAG(s) 'train_model_sample' retrieved from /opt/airflow/dags/model_sample_dags.py
[2026-01-03T15:15:40.691+0000] {logging_mixin.py:188} INFO - [2026-01-03T15:15:40.691+0000] {dag.py:3089} INFO - Sync 1 DAGs
[2026-01-03T15:15:40.747+0000] {logging_mixin.py:188} INFO - [2026-01-03T15:15:40.747+0000] {dag.py:3947} INFO - Setting next_dagrun for train_model_sample to None, run_after=None
[2026-01-03T15:15:40.831+0000] {processor.py:183} INFO - Processing /opt/airflow/dags/model_sample_dags.py took 0.411 seconds
[2026-01-03T15:16:12.814+0000] {processor.py:161} INFO - Started process (PID=183) to work on /opt/airflow/dags/model_sample_dags.py
[2026-01-03T15:16:12.821+0000] {processor.py:830} INFO - Processing file /opt/airflow/dags/model_sample_dags.py for tasks to queue
[2026-01-03T15:16:12.832+0000] {logging_mixin.py:188} INFO - [2026-01-03T15:16:12.831+0000] {dagbag.py:545} INFO - Filling up the DagBag from /opt/airflow/dags/model_sample_dags.py
[2026-01-03T15:16:13.049+0000] {processor.py:840} INFO - DAG(s) 'train_model_sample' retrieved from /opt/airflow/dags/model_sample_dags.py
[2026-01-03T15:16:13.281+0000] {logging_mixin.py:188} INFO - [2026-01-03T15:16:13.280+0000] {dag.py:3089} INFO - Sync 1 DAGs
[2026-01-03T15:16:13.323+0000] {logging_mixin.py:188} INFO - [2026-01-03T15:16:13.322+0000] {dag.py:3947} INFO - Setting next_dagrun for train_model_sample to None, run_after=None
[2026-01-03T15:16:13.420+0000] {processor.py:183} INFO - Processing /opt/airflow/dags/model_sample_dags.py took 0.653 seconds
[2026-01-03T15:16:44.661+0000] {processor.py:161} INFO - Started process (PID=188) to work on /opt/airflow/dags/model_sample_dags.py
[2026-01-03T15:16:44.665+0000] {processor.py:830} INFO - Processing file /opt/airflow/dags/model_sample_dags.py for tasks to queue
[2026-01-03T15:16:44.677+0000] {logging_mixin.py:188} INFO - [2026-01-03T15:16:44.673+0000] {dagbag.py:545} INFO - Filling up the DagBag from /opt/airflow/dags/model_sample_dags.py
[2026-01-03T15:16:44.779+0000] {processor.py:840} INFO - DAG(s) 'train_model_sample' retrieved from /opt/airflow/dags/model_sample_dags.py
[2026-01-03T15:16:45.279+0000] {logging_mixin.py:188} INFO - [2026-01-03T15:16:45.278+0000] {dag.py:3089} INFO - Sync 1 DAGs
[2026-01-03T15:16:45.331+0000] {logging_mixin.py:188} INFO - [2026-01-03T15:16:45.330+0000] {dag.py:3947} INFO - Setting next_dagrun for train_model_sample to None, run_after=None
[2026-01-03T15:16:45.424+0000] {processor.py:183} INFO - Processing /opt/airflow/dags/model_sample_dags.py took 0.800 seconds
[2026-01-03T15:16:57.837+0000] {processor.py:161} INFO - Started process (PID=193) to work on /opt/airflow/dags/model_sample_dags.py
[2026-01-03T15:16:57.840+0000] {processor.py:830} INFO - Processing file /opt/airflow/dags/model_sample_dags.py for tasks to queue
[2026-01-03T15:16:57.846+0000] {logging_mixin.py:188} INFO - [2026-01-03T15:16:57.845+0000] {dagbag.py:545} INFO - Filling up the DagBag from /opt/airflow/dags/model_sample_dags.py
[2026-01-03T15:16:57.977+0000] {logging_mixin.py:188} INFO - [2026-01-03T15:16:57.957+0000] {dagbag.py:355} ERROR - Failed to import: /opt/airflow/dags/model_sample_dags.py
Traceback (most recent call last):
  File "/home/airflow/.local/lib/python3.10/site-packages/airflow/models/dagbag.py", line 351, in parse
    loader.exec_module(new_module)
  File "<frozen importlib._bootstrap_external>", line 883, in exec_module
  File "<frozen importlib._bootstrap>", line 241, in _call_with_frames_removed
  File "/opt/airflow/dags/model_sample_dags.py", line 26, in <module>
    train_task = PythonOperator(
  File "/home/airflow/.local/lib/python3.10/site-packages/airflow/models/baseoperator.py", line 485, in apply_defaults
    result = func(self, **kwargs, default_args=default_args)
  File "/home/airflow/.local/lib/python3.10/site-packages/airflow/operators/python.py", line 220, in __init__
    super().__init__(**kwargs)
  File "/home/airflow/.local/lib/python3.10/site-packages/airflow/models/baseoperator.py", line 485, in apply_defaults
    result = func(self, **kwargs, default_args=default_args)
  File "/home/airflow/.local/lib/python3.10/site-packages/airflow/models/baseoperator.py", line 882, in __init__
    raise AirflowException(
airflow.exceptions.AirflowException: Invalid arguments were passed to PythonOperator (task_id: train_model). Invalid arguments were:
**kwargs: {'requirements': ['mlflow==2.10.2', 'scikit-learn', 'pandas'], 'system_site_packages': False}
[2026-01-03T15:16:57.980+0000] {processor.py:842} WARNING - No viable dags retrieved from /opt/airflow/dags/model_sample_dags.py
[2026-01-03T15:16:58.040+0000] {processor.py:183} INFO - Processing /opt/airflow/dags/model_sample_dags.py took 0.222 seconds
[2026-01-03T15:17:28.545+0000] {processor.py:161} INFO - Started process (PID=198) to work on /opt/airflow/dags/model_sample_dags.py
[2026-01-03T15:17:28.550+0000] {processor.py:830} INFO - Processing file /opt/airflow/dags/model_sample_dags.py for tasks to queue
[2026-01-03T15:17:28.559+0000] {logging_mixin.py:188} INFO - [2026-01-03T15:17:28.557+0000] {dagbag.py:545} INFO - Filling up the DagBag from /opt/airflow/dags/model_sample_dags.py
[2026-01-03T15:17:28.646+0000] {logging_mixin.py:188} INFO - [2026-01-03T15:17:28.628+0000] {dagbag.py:355} ERROR - Failed to import: /opt/airflow/dags/model_sample_dags.py
Traceback (most recent call last):
  File "/home/airflow/.local/lib/python3.10/site-packages/airflow/models/dagbag.py", line 351, in parse
    loader.exec_module(new_module)
  File "<frozen importlib._bootstrap_external>", line 883, in exec_module
  File "<frozen importlib._bootstrap>", line 241, in _call_with_frames_removed
  File "/opt/airflow/dags/model_sample_dags.py", line 26, in <module>
    train_task = PythonOperator(
  File "/home/airflow/.local/lib/python3.10/site-packages/airflow/models/baseoperator.py", line 485, in apply_defaults
    result = func(self, **kwargs, default_args=default_args)
  File "/home/airflow/.local/lib/python3.10/site-packages/airflow/operators/python.py", line 220, in __init__
    super().__init__(**kwargs)
  File "/home/airflow/.local/lib/python3.10/site-packages/airflow/models/baseoperator.py", line 485, in apply_defaults
    result = func(self, **kwargs, default_args=default_args)
  File "/home/airflow/.local/lib/python3.10/site-packages/airflow/models/baseoperator.py", line 882, in __init__
    raise AirflowException(
airflow.exceptions.AirflowException: Invalid arguments were passed to PythonOperator (task_id: train_model). Invalid arguments were:
**kwargs: {'requirements': ['mlflow==2.10.2', 'scikit-learn', 'pandas'], 'system_site_packages': False}
[2026-01-03T15:17:28.649+0000] {processor.py:842} WARNING - No viable dags retrieved from /opt/airflow/dags/model_sample_dags.py
[2026-01-03T15:17:28.720+0000] {processor.py:183} INFO - Processing /opt/airflow/dags/model_sample_dags.py took 0.195 seconds
[2026-01-03T15:17:58.959+0000] {processor.py:161} INFO - Started process (PID=203) to work on /opt/airflow/dags/model_sample_dags.py
[2026-01-03T15:17:58.963+0000] {processor.py:830} INFO - Processing file /opt/airflow/dags/model_sample_dags.py for tasks to queue
[2026-01-03T15:17:58.969+0000] {logging_mixin.py:188} INFO - [2026-01-03T15:17:58.968+0000] {dagbag.py:545} INFO - Filling up the DagBag from /opt/airflow/dags/model_sample_dags.py
[2026-01-03T15:17:59.065+0000] {logging_mixin.py:188} INFO - [2026-01-03T15:17:59.041+0000] {dagbag.py:355} ERROR - Failed to import: /opt/airflow/dags/model_sample_dags.py
Traceback (most recent call last):
  File "/home/airflow/.local/lib/python3.10/site-packages/airflow/models/dagbag.py", line 351, in parse
    loader.exec_module(new_module)
  File "<frozen importlib._bootstrap_external>", line 883, in exec_module
  File "<frozen importlib._bootstrap>", line 241, in _call_with_frames_removed
  File "/opt/airflow/dags/model_sample_dags.py", line 26, in <module>
    train_task = PythonOperator(
  File "/home/airflow/.local/lib/python3.10/site-packages/airflow/models/baseoperator.py", line 485, in apply_defaults
    result = func(self, **kwargs, default_args=default_args)
  File "/home/airflow/.local/lib/python3.10/site-packages/airflow/operators/python.py", line 220, in __init__
    super().__init__(**kwargs)
  File "/home/airflow/.local/lib/python3.10/site-packages/airflow/models/baseoperator.py", line 485, in apply_defaults
    result = func(self, **kwargs, default_args=default_args)
  File "/home/airflow/.local/lib/python3.10/site-packages/airflow/models/baseoperator.py", line 882, in __init__
    raise AirflowException(
airflow.exceptions.AirflowException: Invalid arguments were passed to PythonOperator (task_id: train_model). Invalid arguments were:
**kwargs: {'requirements': ['mlflow==2.10.2', 'scikit-learn', 'pandas'], 'system_site_packages': False}
[2026-01-03T15:17:59.068+0000] {processor.py:842} WARNING - No viable dags retrieved from /opt/airflow/dags/model_sample_dags.py
[2026-01-03T15:17:59.135+0000] {processor.py:183} INFO - Processing /opt/airflow/dags/model_sample_dags.py took 0.195 seconds
[2026-01-03T15:18:11.601+0000] {processor.py:161} INFO - Started process (PID=208) to work on /opt/airflow/dags/model_sample_dags.py
[2026-01-03T15:18:11.606+0000] {processor.py:830} INFO - Processing file /opt/airflow/dags/model_sample_dags.py for tasks to queue
[2026-01-03T15:18:11.630+0000] {logging_mixin.py:188} INFO - [2026-01-03T15:18:11.625+0000] {dagbag.py:545} INFO - Filling up the DagBag from /opt/airflow/dags/model_sample_dags.py
[2026-01-03T15:18:11.900+0000] {processor.py:840} INFO - DAG(s) 'train_model_sample' retrieved from /opt/airflow/dags/model_sample_dags.py
[2026-01-03T15:18:12.642+0000] {logging_mixin.py:188} INFO - [2026-01-03T15:18:12.641+0000] {dag.py:3089} INFO - Sync 1 DAGs
[2026-01-03T15:18:12.736+0000] {logging_mixin.py:188} INFO - [2026-01-03T15:18:12.735+0000] {dag.py:3947} INFO - Setting next_dagrun for train_model_sample to None, run_after=None
[2026-01-03T15:18:13.008+0000] {processor.py:183} INFO - Processing /opt/airflow/dags/model_sample_dags.py took 1.437 seconds
[2026-01-03T15:18:38.094+0000] {processor.py:161} INFO - Started process (PID=213) to work on /opt/airflow/dags/model_sample_dags.py
[2026-01-03T15:18:38.101+0000] {processor.py:830} INFO - Processing file /opt/airflow/dags/model_sample_dags.py for tasks to queue
[2026-01-03T15:18:38.107+0000] {logging_mixin.py:188} INFO - [2026-01-03T15:18:38.106+0000] {dagbag.py:545} INFO - Filling up the DagBag from /opt/airflow/dags/model_sample_dags.py
[2026-01-03T15:18:38.260+0000] {processor.py:840} INFO - DAG(s) 'train_model_sample' retrieved from /opt/airflow/dags/model_sample_dags.py
[2026-01-03T15:18:38.303+0000] {logging_mixin.py:188} INFO - [2026-01-03T15:18:38.302+0000] {dag.py:3089} INFO - Sync 1 DAGs
[2026-01-03T15:18:38.342+0000] {logging_mixin.py:188} INFO - [2026-01-03T15:18:38.341+0000] {dag.py:3947} INFO - Setting next_dagrun for train_model_sample to None, run_after=None
[2026-01-03T15:18:38.472+0000] {processor.py:183} INFO - Processing /opt/airflow/dags/model_sample_dags.py took 0.399 seconds
[2026-01-03T15:19:09.206+0000] {processor.py:161} INFO - Started process (PID=220) to work on /opt/airflow/dags/model_sample_dags.py
[2026-01-03T15:19:09.227+0000] {processor.py:830} INFO - Processing file /opt/airflow/dags/model_sample_dags.py for tasks to queue
[2026-01-03T15:19:09.237+0000] {logging_mixin.py:188} INFO - [2026-01-03T15:19:09.234+0000] {dagbag.py:545} INFO - Filling up the DagBag from /opt/airflow/dags/model_sample_dags.py
[2026-01-03T15:19:09.332+0000] {processor.py:840} INFO - DAG(s) 'train_model_sample' retrieved from /opt/airflow/dags/model_sample_dags.py
[2026-01-03T15:19:09.602+0000] {logging_mixin.py:188} INFO - [2026-01-03T15:19:09.598+0000] {dag.py:3089} INFO - Sync 1 DAGs
[2026-01-03T15:19:09.666+0000] {logging_mixin.py:188} INFO - [2026-01-03T15:19:09.665+0000] {dag.py:3947} INFO - Setting next_dagrun for train_model_sample to None, run_after=None
[2026-01-03T15:19:09.800+0000] {processor.py:183} INFO - Processing /opt/airflow/dags/model_sample_dags.py took 0.617 seconds
[2026-01-03T15:19:39.984+0000] {processor.py:161} INFO - Started process (PID=225) to work on /opt/airflow/dags/model_sample_dags.py
[2026-01-03T15:19:39.991+0000] {processor.py:830} INFO - Processing file /opt/airflow/dags/model_sample_dags.py for tasks to queue
[2026-01-03T15:19:39.997+0000] {logging_mixin.py:188} INFO - [2026-01-03T15:19:39.996+0000] {dagbag.py:545} INFO - Filling up the DagBag from /opt/airflow/dags/model_sample_dags.py
[2026-01-03T15:19:40.079+0000] {processor.py:840} INFO - DAG(s) 'train_model_sample' retrieved from /opt/airflow/dags/model_sample_dags.py
[2026-01-03T15:19:40.157+0000] {logging_mixin.py:188} INFO - [2026-01-03T15:19:40.156+0000] {dag.py:3089} INFO - Sync 1 DAGs
[2026-01-03T15:19:40.192+0000] {logging_mixin.py:188} INFO - [2026-01-03T15:19:40.192+0000] {dag.py:3947} INFO - Setting next_dagrun for train_model_sample to None, run_after=None
[2026-01-03T15:19:40.257+0000] {processor.py:183} INFO - Processing /opt/airflow/dags/model_sample_dags.py took 0.289 seconds
[2026-01-03T15:20:10.845+0000] {processor.py:161} INFO - Started process (PID=230) to work on /opt/airflow/dags/model_sample_dags.py
[2026-01-03T15:20:10.851+0000] {processor.py:830} INFO - Processing file /opt/airflow/dags/model_sample_dags.py for tasks to queue
[2026-01-03T15:20:10.865+0000] {logging_mixin.py:188} INFO - [2026-01-03T15:20:10.864+0000] {dagbag.py:545} INFO - Filling up the DagBag from /opt/airflow/dags/model_sample_dags.py
[2026-01-03T15:20:10.949+0000] {processor.py:840} INFO - DAG(s) 'train_model_sample' retrieved from /opt/airflow/dags/model_sample_dags.py
[2026-01-03T15:20:11.093+0000] {logging_mixin.py:188} INFO - [2026-01-03T15:20:11.092+0000] {dag.py:3089} INFO - Sync 1 DAGs
[2026-01-03T15:20:11.149+0000] {logging_mixin.py:188} INFO - [2026-01-03T15:20:11.148+0000] {dag.py:3947} INFO - Setting next_dagrun for train_model_sample to None, run_after=None
[2026-01-03T15:20:11.247+0000] {processor.py:183} INFO - Processing /opt/airflow/dags/model_sample_dags.py took 0.474 seconds
[2026-01-03T15:20:22.089+0000] {processor.py:161} INFO - Started process (PID=235) to work on /opt/airflow/dags/model_sample_dags.py
[2026-01-03T15:20:22.093+0000] {processor.py:830} INFO - Processing file /opt/airflow/dags/model_sample_dags.py for tasks to queue
[2026-01-03T15:20:22.100+0000] {logging_mixin.py:188} INFO - [2026-01-03T15:20:22.099+0000] {dagbag.py:545} INFO - Filling up the DagBag from /opt/airflow/dags/model_sample_dags.py
[2026-01-03T15:20:22.230+0000] {processor.py:840} INFO - DAG(s) 'train_model_sample' retrieved from /opt/airflow/dags/model_sample_dags.py
[2026-01-03T15:20:22.320+0000] {logging_mixin.py:188} INFO - [2026-01-03T15:20:22.320+0000] {dag.py:3089} INFO - Sync 1 DAGs
[2026-01-03T15:20:22.362+0000] {logging_mixin.py:188} INFO - [2026-01-03T15:20:22.362+0000] {dag.py:3947} INFO - Setting next_dagrun for train_model_sample to None, run_after=None
[2026-01-03T15:20:22.442+0000] {processor.py:183} INFO - Processing /opt/airflow/dags/model_sample_dags.py took 0.373 seconds
[2026-01-03T15:20:53.116+0000] {processor.py:161} INFO - Started process (PID=242) to work on /opt/airflow/dags/model_sample_dags.py
[2026-01-03T15:20:53.120+0000] {processor.py:830} INFO - Processing file /opt/airflow/dags/model_sample_dags.py for tasks to queue
[2026-01-03T15:20:53.125+0000] {logging_mixin.py:188} INFO - [2026-01-03T15:20:53.124+0000] {dagbag.py:545} INFO - Filling up the DagBag from /opt/airflow/dags/model_sample_dags.py
[2026-01-03T15:20:53.189+0000] {processor.py:840} INFO - DAG(s) 'train_model_sample' retrieved from /opt/airflow/dags/model_sample_dags.py
[2026-01-03T15:20:53.266+0000] {logging_mixin.py:188} INFO - [2026-01-03T15:20:53.265+0000] {dag.py:3089} INFO - Sync 1 DAGs
[2026-01-03T15:20:53.300+0000] {logging_mixin.py:188} INFO - [2026-01-03T15:20:53.299+0000] {dag.py:3947} INFO - Setting next_dagrun for train_model_sample to None, run_after=None
[2026-01-03T15:20:53.379+0000] {processor.py:183} INFO - Processing /opt/airflow/dags/model_sample_dags.py took 0.282 seconds
[2026-01-03T15:21:23.532+0000] {processor.py:161} INFO - Started process (PID=247) to work on /opt/airflow/dags/model_sample_dags.py
[2026-01-03T15:21:23.536+0000] {processor.py:830} INFO - Processing file /opt/airflow/dags/model_sample_dags.py for tasks to queue
[2026-01-03T15:21:23.542+0000] {logging_mixin.py:188} INFO - [2026-01-03T15:21:23.541+0000] {dagbag.py:545} INFO - Filling up the DagBag from /opt/airflow/dags/model_sample_dags.py
[2026-01-03T15:21:23.618+0000] {processor.py:840} INFO - DAG(s) 'train_model_sample' retrieved from /opt/airflow/dags/model_sample_dags.py
[2026-01-03T15:21:23.709+0000] {logging_mixin.py:188} INFO - [2026-01-03T15:21:23.708+0000] {dag.py:3089} INFO - Sync 1 DAGs
[2026-01-03T15:21:23.751+0000] {logging_mixin.py:188} INFO - [2026-01-03T15:21:23.750+0000] {dag.py:3947} INFO - Setting next_dagrun for train_model_sample to None, run_after=None
[2026-01-03T15:21:23.828+0000] {processor.py:183} INFO - Processing /opt/airflow/dags/model_sample_dags.py took 0.313 seconds
[2026-01-03T15:21:54.264+0000] {processor.py:161} INFO - Started process (PID=252) to work on /opt/airflow/dags/model_sample_dags.py
[2026-01-03T15:21:54.268+0000] {processor.py:830} INFO - Processing file /opt/airflow/dags/model_sample_dags.py for tasks to queue
[2026-01-03T15:21:54.273+0000] {logging_mixin.py:188} INFO - [2026-01-03T15:21:54.273+0000] {dagbag.py:545} INFO - Filling up the DagBag from /opt/airflow/dags/model_sample_dags.py
[2026-01-03T15:21:54.348+0000] {processor.py:840} INFO - DAG(s) 'train_model_sample' retrieved from /opt/airflow/dags/model_sample_dags.py
[2026-01-03T15:21:54.426+0000] {logging_mixin.py:188} INFO - [2026-01-03T15:21:54.425+0000] {dag.py:3089} INFO - Sync 1 DAGs
[2026-01-03T15:21:54.466+0000] {logging_mixin.py:188} INFO - [2026-01-03T15:21:54.465+0000] {dag.py:3947} INFO - Setting next_dagrun for train_model_sample to None, run_after=None
[2026-01-03T15:21:54.538+0000] {processor.py:183} INFO - Processing /opt/airflow/dags/model_sample_dags.py took 0.289 seconds
[2026-01-03T15:22:24.784+0000] {processor.py:161} INFO - Started process (PID=257) to work on /opt/airflow/dags/model_sample_dags.py
[2026-01-03T15:22:24.788+0000] {processor.py:830} INFO - Processing file /opt/airflow/dags/model_sample_dags.py for tasks to queue
[2026-01-03T15:22:24.794+0000] {logging_mixin.py:188} INFO - [2026-01-03T15:22:24.793+0000] {dagbag.py:545} INFO - Filling up the DagBag from /opt/airflow/dags/model_sample_dags.py
[2026-01-03T15:22:24.879+0000] {processor.py:840} INFO - DAG(s) 'train_model_sample' retrieved from /opt/airflow/dags/model_sample_dags.py
[2026-01-03T15:22:24.967+0000] {logging_mixin.py:188} INFO - [2026-01-03T15:22:24.966+0000] {dag.py:3089} INFO - Sync 1 DAGs
[2026-01-03T15:22:25.001+0000] {logging_mixin.py:188} INFO - [2026-01-03T15:22:25.000+0000] {dag.py:3947} INFO - Setting next_dagrun for train_model_sample to None, run_after=None
[2026-01-03T15:22:25.064+0000] {processor.py:183} INFO - Processing /opt/airflow/dags/model_sample_dags.py took 0.296 seconds
[2026-01-03T15:22:55.547+0000] {processor.py:161} INFO - Started process (PID=262) to work on /opt/airflow/dags/model_sample_dags.py
[2026-01-03T15:22:55.550+0000] {processor.py:830} INFO - Processing file /opt/airflow/dags/model_sample_dags.py for tasks to queue
[2026-01-03T15:22:55.556+0000] {logging_mixin.py:188} INFO - [2026-01-03T15:22:55.555+0000] {dagbag.py:545} INFO - Filling up the DagBag from /opt/airflow/dags/model_sample_dags.py
[2026-01-03T15:22:55.633+0000] {processor.py:840} INFO - DAG(s) 'train_model_sample' retrieved from /opt/airflow/dags/model_sample_dags.py
[2026-01-03T15:22:55.719+0000] {logging_mixin.py:188} INFO - [2026-01-03T15:22:55.718+0000] {dag.py:3089} INFO - Sync 1 DAGs
[2026-01-03T15:22:55.750+0000] {logging_mixin.py:188} INFO - [2026-01-03T15:22:55.750+0000] {dag.py:3947} INFO - Setting next_dagrun for train_model_sample to None, run_after=None
[2026-01-03T15:22:55.817+0000] {processor.py:183} INFO - Processing /opt/airflow/dags/model_sample_dags.py took 0.287 seconds
[2026-01-03T15:23:26.345+0000] {processor.py:161} INFO - Started process (PID=267) to work on /opt/airflow/dags/model_sample_dags.py
[2026-01-03T15:23:26.348+0000] {processor.py:830} INFO - Processing file /opt/airflow/dags/model_sample_dags.py for tasks to queue
[2026-01-03T15:23:26.358+0000] {logging_mixin.py:188} INFO - [2026-01-03T15:23:26.355+0000] {dagbag.py:545} INFO - Filling up the DagBag from /opt/airflow/dags/model_sample_dags.py
[2026-01-03T15:23:26.423+0000] {processor.py:840} INFO - DAG(s) 'train_model_sample' retrieved from /opt/airflow/dags/model_sample_dags.py
[2026-01-03T15:23:26.520+0000] {logging_mixin.py:188} INFO - [2026-01-03T15:23:26.519+0000] {dag.py:3089} INFO - Sync 1 DAGs
[2026-01-03T15:23:26.561+0000] {logging_mixin.py:188} INFO - [2026-01-03T15:23:26.560+0000] {dag.py:3947} INFO - Setting next_dagrun for train_model_sample to None, run_after=None
[2026-01-03T15:23:26.674+0000] {processor.py:183} INFO - Processing /opt/airflow/dags/model_sample_dags.py took 0.352 seconds
[2026-01-03T15:23:57.168+0000] {processor.py:161} INFO - Started process (PID=272) to work on /opt/airflow/dags/model_sample_dags.py
[2026-01-03T15:23:57.171+0000] {processor.py:830} INFO - Processing file /opt/airflow/dags/model_sample_dags.py for tasks to queue
[2026-01-03T15:23:57.177+0000] {logging_mixin.py:188} INFO - [2026-01-03T15:23:57.176+0000] {dagbag.py:545} INFO - Filling up the DagBag from /opt/airflow/dags/model_sample_dags.py
[2026-01-03T15:23:57.253+0000] {processor.py:840} INFO - DAG(s) 'train_model_sample' retrieved from /opt/airflow/dags/model_sample_dags.py
[2026-01-03T15:23:57.341+0000] {logging_mixin.py:188} INFO - [2026-01-03T15:23:57.341+0000] {dag.py:3089} INFO - Sync 1 DAGs
[2026-01-03T15:23:57.374+0000] {logging_mixin.py:188} INFO - [2026-01-03T15:23:57.374+0000] {dag.py:3947} INFO - Setting next_dagrun for train_model_sample to None, run_after=None
[2026-01-03T15:23:57.446+0000] {processor.py:183} INFO - Processing /opt/airflow/dags/model_sample_dags.py took 0.295 seconds
[2026-01-03T15:24:27.765+0000] {processor.py:161} INFO - Started process (PID=277) to work on /opt/airflow/dags/model_sample_dags.py
[2026-01-03T15:24:27.768+0000] {processor.py:830} INFO - Processing file /opt/airflow/dags/model_sample_dags.py for tasks to queue
[2026-01-03T15:24:27.775+0000] {logging_mixin.py:188} INFO - [2026-01-03T15:24:27.774+0000] {dagbag.py:545} INFO - Filling up the DagBag from /opt/airflow/dags/model_sample_dags.py
[2026-01-03T15:24:27.849+0000] {processor.py:840} INFO - DAG(s) 'train_model_sample' retrieved from /opt/airflow/dags/model_sample_dags.py
[2026-01-03T15:24:27.930+0000] {logging_mixin.py:188} INFO - [2026-01-03T15:24:27.929+0000] {dag.py:3089} INFO - Sync 1 DAGs
[2026-01-03T15:24:27.967+0000] {logging_mixin.py:188} INFO - [2026-01-03T15:24:27.966+0000] {dag.py:3947} INFO - Setting next_dagrun for train_model_sample to None, run_after=None
[2026-01-03T15:24:28.037+0000] {processor.py:183} INFO - Processing /opt/airflow/dags/model_sample_dags.py took 0.289 seconds
[2026-01-03T15:24:58.616+0000] {processor.py:161} INFO - Started process (PID=282) to work on /opt/airflow/dags/model_sample_dags.py
[2026-01-03T15:24:58.621+0000] {processor.py:830} INFO - Processing file /opt/airflow/dags/model_sample_dags.py for tasks to queue
[2026-01-03T15:24:58.627+0000] {logging_mixin.py:188} INFO - [2026-01-03T15:24:58.626+0000] {dagbag.py:545} INFO - Filling up the DagBag from /opt/airflow/dags/model_sample_dags.py
[2026-01-03T15:24:58.709+0000] {processor.py:840} INFO - DAG(s) 'train_model_sample' retrieved from /opt/airflow/dags/model_sample_dags.py
[2026-01-03T15:24:58.786+0000] {logging_mixin.py:188} INFO - [2026-01-03T15:24:58.786+0000] {dag.py:3089} INFO - Sync 1 DAGs
[2026-01-03T15:24:58.819+0000] {logging_mixin.py:188} INFO - [2026-01-03T15:24:58.818+0000] {dag.py:3947} INFO - Setting next_dagrun for train_model_sample to None, run_after=None
[2026-01-03T15:24:58.876+0000] {processor.py:183} INFO - Processing /opt/airflow/dags/model_sample_dags.py took 0.277 seconds
[2026-01-03T15:25:29.363+0000] {processor.py:161} INFO - Started process (PID=287) to work on /opt/airflow/dags/model_sample_dags.py
[2026-01-03T15:25:29.367+0000] {processor.py:830} INFO - Processing file /opt/airflow/dags/model_sample_dags.py for tasks to queue
[2026-01-03T15:25:29.383+0000] {logging_mixin.py:188} INFO - [2026-01-03T15:25:29.379+0000] {dagbag.py:545} INFO - Filling up the DagBag from /opt/airflow/dags/model_sample_dags.py
[2026-01-03T15:25:29.485+0000] {processor.py:840} INFO - DAG(s) 'train_model_sample' retrieved from /opt/airflow/dags/model_sample_dags.py
[2026-01-03T15:25:29.653+0000] {logging_mixin.py:188} INFO - [2026-01-03T15:25:29.652+0000] {dag.py:3089} INFO - Sync 1 DAGs
[2026-01-03T15:25:29.739+0000] {logging_mixin.py:188} INFO - [2026-01-03T15:25:29.738+0000] {dag.py:3947} INFO - Setting next_dagrun for train_model_sample to None, run_after=None
[2026-01-03T15:25:29.892+0000] {processor.py:183} INFO - Processing /opt/airflow/dags/model_sample_dags.py took 0.566 seconds
[2026-01-03T15:26:00.701+0000] {processor.py:161} INFO - Started process (PID=292) to work on /opt/airflow/dags/model_sample_dags.py
[2026-01-03T15:26:00.705+0000] {processor.py:830} INFO - Processing file /opt/airflow/dags/model_sample_dags.py for tasks to queue
[2026-01-03T15:26:00.713+0000] {logging_mixin.py:188} INFO - [2026-01-03T15:26:00.712+0000] {dagbag.py:545} INFO - Filling up the DagBag from /opt/airflow/dags/model_sample_dags.py
[2026-01-03T15:26:00.795+0000] {processor.py:840} INFO - DAG(s) 'train_model_sample' retrieved from /opt/airflow/dags/model_sample_dags.py
[2026-01-03T15:26:00.884+0000] {logging_mixin.py:188} INFO - [2026-01-03T15:26:00.884+0000] {dag.py:3089} INFO - Sync 1 DAGs
[2026-01-03T15:26:00.919+0000] {logging_mixin.py:188} INFO - [2026-01-03T15:26:00.918+0000] {dag.py:3947} INFO - Setting next_dagrun for train_model_sample to None, run_after=None
[2026-01-03T15:26:01.002+0000] {processor.py:183} INFO - Processing /opt/airflow/dags/model_sample_dags.py took 0.326 seconds
[2026-01-03T15:26:31.660+0000] {processor.py:161} INFO - Started process (PID=297) to work on /opt/airflow/dags/model_sample_dags.py
[2026-01-03T15:26:31.667+0000] {processor.py:830} INFO - Processing file /opt/airflow/dags/model_sample_dags.py for tasks to queue
[2026-01-03T15:26:31.678+0000] {logging_mixin.py:188} INFO - [2026-01-03T15:26:31.677+0000] {dagbag.py:545} INFO - Filling up the DagBag from /opt/airflow/dags/model_sample_dags.py
[2026-01-03T15:26:31.783+0000] {processor.py:840} INFO - DAG(s) 'train_model_sample' retrieved from /opt/airflow/dags/model_sample_dags.py
[2026-01-03T15:26:31.932+0000] {logging_mixin.py:188} INFO - [2026-01-03T15:26:31.931+0000] {dag.py:3089} INFO - Sync 1 DAGs
[2026-01-03T15:26:31.994+0000] {logging_mixin.py:188} INFO - [2026-01-03T15:26:31.993+0000] {dag.py:3947} INFO - Setting next_dagrun for train_model_sample to None, run_after=None
[2026-01-03T15:26:32.131+0000] {processor.py:183} INFO - Processing /opt/airflow/dags/model_sample_dags.py took 0.523 seconds
[2026-01-03T15:27:02.399+0000] {processor.py:161} INFO - Started process (PID=302) to work on /opt/airflow/dags/model_sample_dags.py
[2026-01-03T15:27:02.403+0000] {processor.py:830} INFO - Processing file /opt/airflow/dags/model_sample_dags.py for tasks to queue
[2026-01-03T15:27:02.411+0000] {logging_mixin.py:188} INFO - [2026-01-03T15:27:02.409+0000] {dagbag.py:545} INFO - Filling up the DagBag from /opt/airflow/dags/model_sample_dags.py
[2026-01-03T15:27:02.487+0000] {processor.py:840} INFO - DAG(s) 'train_model_sample' retrieved from /opt/airflow/dags/model_sample_dags.py
[2026-01-03T15:27:02.564+0000] {logging_mixin.py:188} INFO - [2026-01-03T15:27:02.563+0000] {dag.py:3089} INFO - Sync 1 DAGs
[2026-01-03T15:27:02.605+0000] {logging_mixin.py:188} INFO - [2026-01-03T15:27:02.604+0000] {dag.py:3947} INFO - Setting next_dagrun for train_model_sample to None, run_after=None
[2026-01-03T15:27:02.677+0000] {processor.py:183} INFO - Processing /opt/airflow/dags/model_sample_dags.py took 0.301 seconds
[2026-01-03T15:27:33.019+0000] {processor.py:161} INFO - Started process (PID=307) to work on /opt/airflow/dags/model_sample_dags.py
[2026-01-03T15:27:33.023+0000] {processor.py:830} INFO - Processing file /opt/airflow/dags/model_sample_dags.py for tasks to queue
[2026-01-03T15:27:33.030+0000] {logging_mixin.py:188} INFO - [2026-01-03T15:27:33.029+0000] {dagbag.py:545} INFO - Filling up the DagBag from /opt/airflow/dags/model_sample_dags.py
[2026-01-03T15:27:33.115+0000] {processor.py:840} INFO - DAG(s) 'train_model_sample' retrieved from /opt/airflow/dags/model_sample_dags.py
[2026-01-03T15:27:33.205+0000] {logging_mixin.py:188} INFO - [2026-01-03T15:27:33.204+0000] {dag.py:3089} INFO - Sync 1 DAGs
[2026-01-03T15:27:33.237+0000] {logging_mixin.py:188} INFO - [2026-01-03T15:27:33.236+0000] {dag.py:3947} INFO - Setting next_dagrun for train_model_sample to None, run_after=None
[2026-01-03T15:27:33.319+0000] {processor.py:183} INFO - Processing /opt/airflow/dags/model_sample_dags.py took 0.326 seconds
[2026-01-03T15:28:03.902+0000] {processor.py:161} INFO - Started process (PID=312) to work on /opt/airflow/dags/model_sample_dags.py
[2026-01-03T15:28:03.906+0000] {processor.py:830} INFO - Processing file /opt/airflow/dags/model_sample_dags.py for tasks to queue
[2026-01-03T15:28:03.912+0000] {logging_mixin.py:188} INFO - [2026-01-03T15:28:03.911+0000] {dagbag.py:545} INFO - Filling up the DagBag from /opt/airflow/dags/model_sample_dags.py
[2026-01-03T15:28:03.988+0000] {processor.py:840} INFO - DAG(s) 'train_model_sample' retrieved from /opt/airflow/dags/model_sample_dags.py
[2026-01-03T15:28:04.061+0000] {logging_mixin.py:188} INFO - [2026-01-03T15:28:04.060+0000] {dag.py:3089} INFO - Sync 1 DAGs
[2026-01-03T15:28:04.094+0000] {logging_mixin.py:188} INFO - [2026-01-03T15:28:04.093+0000] {dag.py:3947} INFO - Setting next_dagrun for train_model_sample to None, run_after=None
[2026-01-03T15:28:04.170+0000] {processor.py:183} INFO - Processing /opt/airflow/dags/model_sample_dags.py took 0.287 seconds
[2026-01-03T15:28:34.734+0000] {processor.py:161} INFO - Started process (PID=317) to work on /opt/airflow/dags/model_sample_dags.py
[2026-01-03T15:28:34.738+0000] {processor.py:830} INFO - Processing file /opt/airflow/dags/model_sample_dags.py for tasks to queue
[2026-01-03T15:28:34.744+0000] {logging_mixin.py:188} INFO - [2026-01-03T15:28:34.743+0000] {dagbag.py:545} INFO - Filling up the DagBag from /opt/airflow/dags/model_sample_dags.py
[2026-01-03T15:28:34.879+0000] {processor.py:840} INFO - DAG(s) 'train_model_sample' retrieved from /opt/airflow/dags/model_sample_dags.py
[2026-01-03T15:28:35.013+0000] {logging_mixin.py:188} INFO - [2026-01-03T15:28:35.012+0000] {dag.py:3089} INFO - Sync 1 DAGs
[2026-01-03T15:28:35.046+0000] {logging_mixin.py:188} INFO - [2026-01-03T15:28:35.045+0000] {dag.py:3947} INFO - Setting next_dagrun for train_model_sample to None, run_after=None
[2026-01-03T15:28:35.120+0000] {processor.py:183} INFO - Processing /opt/airflow/dags/model_sample_dags.py took 0.406 seconds
[2026-01-03T15:33:03.748+0000] {processor.py:161} INFO - Started process (PID=192) to work on /opt/airflow/dags/model_sample_dags.py
[2026-01-03T15:33:03.752+0000] {processor.py:830} INFO - Processing file /opt/airflow/dags/model_sample_dags.py for tasks to queue
[2026-01-03T15:33:03.758+0000] {logging_mixin.py:188} INFO - [2026-01-03T15:33:03.758+0000] {dagbag.py:545} INFO - Filling up the DagBag from /opt/airflow/dags/model_sample_dags.py
[2026-01-03T15:33:03.833+0000] {processor.py:840} INFO - DAG(s) 'train_model_sample' retrieved from /opt/airflow/dags/model_sample_dags.py
[2026-01-03T15:33:04.448+0000] {logging_mixin.py:188} INFO - [2026-01-03T15:33:04.446+0000] {override.py:1858} INFO - Created Permission View: can delete on DAG:train_model_sample
[2026-01-03T15:33:04.478+0000] {logging_mixin.py:188} INFO - [2026-01-03T15:33:04.477+0000] {override.py:1858} INFO - Created Permission View: can edit on DAG:train_model_sample
[2026-01-03T15:33:04.500+0000] {logging_mixin.py:188} INFO - [2026-01-03T15:33:04.499+0000] {override.py:1858} INFO - Created Permission View: can read on DAG:train_model_sample
[2026-01-03T15:33:04.502+0000] {logging_mixin.py:188} INFO - [2026-01-03T15:33:04.502+0000] {dag.py:3089} INFO - Sync 1 DAGs
[2026-01-03T15:33:04.533+0000] {logging_mixin.py:188} INFO - [2026-01-03T15:33:04.533+0000] {dag.py:3111} INFO - Creating ORM DAG for train_model_sample
[2026-01-03T15:33:04.535+0000] {logging_mixin.py:188} INFO - [2026-01-03T15:33:04.535+0000] {dag.py:3947} INFO - Setting next_dagrun for train_model_sample to None, run_after=None
[2026-01-03T15:33:04.601+0000] {processor.py:183} INFO - Processing /opt/airflow/dags/model_sample_dags.py took 0.870 seconds
[2026-01-03T15:33:35.395+0000] {processor.py:161} INFO - Started process (PID=199) to work on /opt/airflow/dags/model_sample_dags.py
[2026-01-03T15:33:35.399+0000] {processor.py:830} INFO - Processing file /opt/airflow/dags/model_sample_dags.py for tasks to queue
[2026-01-03T15:33:35.404+0000] {logging_mixin.py:188} INFO - [2026-01-03T15:33:35.403+0000] {dagbag.py:545} INFO - Filling up the DagBag from /opt/airflow/dags/model_sample_dags.py
[2026-01-03T15:33:35.479+0000] {processor.py:840} INFO - DAG(s) 'train_model_sample' retrieved from /opt/airflow/dags/model_sample_dags.py
[2026-01-03T15:33:35.571+0000] {logging_mixin.py:188} INFO - [2026-01-03T15:33:35.570+0000] {dag.py:3089} INFO - Sync 1 DAGs
[2026-01-03T15:33:35.609+0000] {logging_mixin.py:188} INFO - [2026-01-03T15:33:35.608+0000] {dag.py:3947} INFO - Setting next_dagrun for train_model_sample to None, run_after=None
[2026-01-03T15:33:35.693+0000] {processor.py:183} INFO - Processing /opt/airflow/dags/model_sample_dags.py took 0.317 seconds
[2026-01-03T15:34:06.241+0000] {processor.py:161} INFO - Started process (PID=204) to work on /opt/airflow/dags/model_sample_dags.py
[2026-01-03T15:34:06.246+0000] {processor.py:830} INFO - Processing file /opt/airflow/dags/model_sample_dags.py for tasks to queue
[2026-01-03T15:34:06.259+0000] {logging_mixin.py:188} INFO - [2026-01-03T15:34:06.257+0000] {dagbag.py:545} INFO - Filling up the DagBag from /opt/airflow/dags/model_sample_dags.py
[2026-01-03T15:34:06.342+0000] {processor.py:840} INFO - DAG(s) 'train_model_sample' retrieved from /opt/airflow/dags/model_sample_dags.py
[2026-01-03T15:34:06.444+0000] {logging_mixin.py:188} INFO - [2026-01-03T15:34:06.443+0000] {dag.py:3089} INFO - Sync 1 DAGs
[2026-01-03T15:34:06.487+0000] {logging_mixin.py:188} INFO - [2026-01-03T15:34:06.486+0000] {dag.py:3947} INFO - Setting next_dagrun for train_model_sample to None, run_after=None
[2026-01-03T15:34:06.577+0000] {processor.py:183} INFO - Processing /opt/airflow/dags/model_sample_dags.py took 0.371 seconds
[2026-01-03T15:34:29.929+0000] {processor.py:161} INFO - Started process (PID=209) to work on /opt/airflow/dags/model_sample_dags.py
[2026-01-03T15:34:29.933+0000] {processor.py:830} INFO - Processing file /opt/airflow/dags/model_sample_dags.py for tasks to queue
[2026-01-03T15:34:29.942+0000] {logging_mixin.py:188} INFO - [2026-01-03T15:34:29.941+0000] {dagbag.py:545} INFO - Filling up the DagBag from /opt/airflow/dags/model_sample_dags.py
[2026-01-03T15:34:30.069+0000] {processor.py:840} INFO - DAG(s) 'train_model_sample' retrieved from /opt/airflow/dags/model_sample_dags.py
[2026-01-03T15:34:30.169+0000] {logging_mixin.py:188} INFO - [2026-01-03T15:34:30.168+0000] {dag.py:3089} INFO - Sync 1 DAGs
[2026-01-03T15:34:30.219+0000] {logging_mixin.py:188} INFO - [2026-01-03T15:34:30.218+0000] {dag.py:3947} INFO - Setting next_dagrun for train_model_sample to None, run_after=None
[2026-01-03T15:34:30.301+0000] {processor.py:183} INFO - Processing /opt/airflow/dags/model_sample_dags.py took 0.398 seconds
[2026-01-03T15:35:00.856+0000] {processor.py:161} INFO - Started process (PID=216) to work on /opt/airflow/dags/model_sample_dags.py
[2026-01-03T15:35:00.865+0000] {processor.py:830} INFO - Processing file /opt/airflow/dags/model_sample_dags.py for tasks to queue
[2026-01-03T15:35:00.877+0000] {logging_mixin.py:188} INFO - [2026-01-03T15:35:00.876+0000] {dagbag.py:545} INFO - Filling up the DagBag from /opt/airflow/dags/model_sample_dags.py
[2026-01-03T15:35:00.953+0000] {processor.py:840} INFO - DAG(s) 'train_model_sample' retrieved from /opt/airflow/dags/model_sample_dags.py
[2026-01-03T15:35:01.039+0000] {logging_mixin.py:188} INFO - [2026-01-03T15:35:01.038+0000] {dag.py:3089} INFO - Sync 1 DAGs
[2026-01-03T15:35:01.092+0000] {logging_mixin.py:188} INFO - [2026-01-03T15:35:01.091+0000] {dag.py:3947} INFO - Setting next_dagrun for train_model_sample to None, run_after=None
[2026-01-03T15:35:01.170+0000] {processor.py:183} INFO - Processing /opt/airflow/dags/model_sample_dags.py took 0.339 seconds
[2026-01-03T15:35:31.641+0000] {processor.py:161} INFO - Started process (PID=221) to work on /opt/airflow/dags/model_sample_dags.py
[2026-01-03T15:35:31.645+0000] {processor.py:830} INFO - Processing file /opt/airflow/dags/model_sample_dags.py for tasks to queue
[2026-01-03T15:35:31.655+0000] {logging_mixin.py:188} INFO - [2026-01-03T15:35:31.654+0000] {dagbag.py:545} INFO - Filling up the DagBag from /opt/airflow/dags/model_sample_dags.py
[2026-01-03T15:35:31.706+0000] {processor.py:840} INFO - DAG(s) 'train_model_sample' retrieved from /opt/airflow/dags/model_sample_dags.py
[2026-01-03T15:35:31.789+0000] {logging_mixin.py:188} INFO - [2026-01-03T15:35:31.788+0000] {dag.py:3089} INFO - Sync 1 DAGs
[2026-01-03T15:35:31.826+0000] {logging_mixin.py:188} INFO - [2026-01-03T15:35:31.826+0000] {dag.py:3947} INFO - Setting next_dagrun for train_model_sample to None, run_after=None
[2026-01-03T15:35:31.887+0000] {processor.py:183} INFO - Processing /opt/airflow/dags/model_sample_dags.py took 0.261 seconds
[2026-01-03T15:36:02.531+0000] {processor.py:161} INFO - Started process (PID=226) to work on /opt/airflow/dags/model_sample_dags.py
[2026-01-03T15:36:02.536+0000] {processor.py:830} INFO - Processing file /opt/airflow/dags/model_sample_dags.py for tasks to queue
[2026-01-03T15:36:02.542+0000] {logging_mixin.py:188} INFO - [2026-01-03T15:36:02.541+0000] {dagbag.py:545} INFO - Filling up the DagBag from /opt/airflow/dags/model_sample_dags.py
[2026-01-03T15:36:02.633+0000] {processor.py:840} INFO - DAG(s) 'train_model_sample' retrieved from /opt/airflow/dags/model_sample_dags.py
[2026-01-03T15:36:02.723+0000] {logging_mixin.py:188} INFO - [2026-01-03T15:36:02.722+0000] {dag.py:3089} INFO - Sync 1 DAGs
[2026-01-03T15:36:02.760+0000] {logging_mixin.py:188} INFO - [2026-01-03T15:36:02.759+0000] {dag.py:3947} INFO - Setting next_dagrun for train_model_sample to None, run_after=None
[2026-01-03T15:36:02.822+0000] {processor.py:183} INFO - Processing /opt/airflow/dags/model_sample_dags.py took 0.308 seconds
[2026-01-03T15:36:33.191+0000] {processor.py:161} INFO - Started process (PID=231) to work on /opt/airflow/dags/model_sample_dags.py
[2026-01-03T15:36:33.195+0000] {processor.py:830} INFO - Processing file /opt/airflow/dags/model_sample_dags.py for tasks to queue
[2026-01-03T15:36:33.201+0000] {logging_mixin.py:188} INFO - [2026-01-03T15:36:33.200+0000] {dagbag.py:545} INFO - Filling up the DagBag from /opt/airflow/dags/model_sample_dags.py
[2026-01-03T15:36:33.284+0000] {processor.py:840} INFO - DAG(s) 'train_model_sample' retrieved from /opt/airflow/dags/model_sample_dags.py
[2026-01-03T15:36:33.380+0000] {logging_mixin.py:188} INFO - [2026-01-03T15:36:33.379+0000] {dag.py:3089} INFO - Sync 1 DAGs
[2026-01-03T15:36:33.422+0000] {logging_mixin.py:188} INFO - [2026-01-03T15:36:33.421+0000] {dag.py:3947} INFO - Setting next_dagrun for train_model_sample to None, run_after=None
[2026-01-03T15:36:33.490+0000] {processor.py:183} INFO - Processing /opt/airflow/dags/model_sample_dags.py took 0.315 seconds
[2026-01-03T15:37:06.261+0000] {processor.py:161} INFO - Started process (PID=238) to work on /opt/airflow/dags/model_sample_dags.py
[2026-01-03T15:37:06.265+0000] {processor.py:830} INFO - Processing file /opt/airflow/dags/model_sample_dags.py for tasks to queue
[2026-01-03T15:37:06.271+0000] {logging_mixin.py:188} INFO - [2026-01-03T15:37:06.270+0000] {dagbag.py:545} INFO - Filling up the DagBag from /opt/airflow/dags/model_sample_dags.py
[2026-01-03T15:37:06.403+0000] {processor.py:840} INFO - DAG(s) 'train_model_sample' retrieved from /opt/airflow/dags/model_sample_dags.py
[2026-01-03T15:37:06.546+0000] {logging_mixin.py:188} INFO - [2026-01-03T15:37:06.545+0000] {dag.py:3089} INFO - Sync 1 DAGs
[2026-01-03T15:37:06.609+0000] {logging_mixin.py:188} INFO - [2026-01-03T15:37:06.608+0000] {dag.py:3947} INFO - Setting next_dagrun for train_model_sample to None, run_after=None
[2026-01-03T15:37:06.708+0000] {processor.py:183} INFO - Processing /opt/airflow/dags/model_sample_dags.py took 0.463 seconds
[2026-01-03T15:37:37.868+0000] {processor.py:161} INFO - Started process (PID=243) to work on /opt/airflow/dags/model_sample_dags.py
[2026-01-03T15:37:37.872+0000] {processor.py:830} INFO - Processing file /opt/airflow/dags/model_sample_dags.py for tasks to queue
[2026-01-03T15:37:37.878+0000] {logging_mixin.py:188} INFO - [2026-01-03T15:37:37.877+0000] {dagbag.py:545} INFO - Filling up the DagBag from /opt/airflow/dags/model_sample_dags.py
[2026-01-03T15:37:37.960+0000] {processor.py:840} INFO - DAG(s) 'train_model_sample' retrieved from /opt/airflow/dags/model_sample_dags.py
[2026-01-03T15:37:38.068+0000] {logging_mixin.py:188} INFO - [2026-01-03T15:37:38.067+0000] {dag.py:3089} INFO - Sync 1 DAGs
[2026-01-03T15:37:38.125+0000] {logging_mixin.py:188} INFO - [2026-01-03T15:37:38.124+0000] {dag.py:3947} INFO - Setting next_dagrun for train_model_sample to None, run_after=None
[2026-01-03T15:37:38.202+0000] {processor.py:183} INFO - Processing /opt/airflow/dags/model_sample_dags.py took 0.349 seconds
[2026-01-03T15:38:10.173+0000] {processor.py:161} INFO - Started process (PID=248) to work on /opt/airflow/dags/model_sample_dags.py
[2026-01-03T15:38:10.177+0000] {processor.py:830} INFO - Processing file /opt/airflow/dags/model_sample_dags.py for tasks to queue
[2026-01-03T15:38:10.188+0000] {logging_mixin.py:188} INFO - [2026-01-03T15:38:10.186+0000] {dagbag.py:545} INFO - Filling up the DagBag from /opt/airflow/dags/model_sample_dags.py
[2026-01-03T15:38:10.274+0000] {processor.py:840} INFO - DAG(s) 'train_model_sample' retrieved from /opt/airflow/dags/model_sample_dags.py
[2026-01-03T15:38:10.379+0000] {logging_mixin.py:188} INFO - [2026-01-03T15:38:10.379+0000] {dag.py:3089} INFO - Sync 1 DAGs
[2026-01-03T15:38:10.411+0000] {logging_mixin.py:188} INFO - [2026-01-03T15:38:10.410+0000] {dag.py:3947} INFO - Setting next_dagrun for train_model_sample to None, run_after=None
[2026-01-03T15:38:10.474+0000] {processor.py:183} INFO - Processing /opt/airflow/dags/model_sample_dags.py took 0.328 seconds
[2026-01-03T15:38:42.133+0000] {processor.py:161} INFO - Started process (PID=253) to work on /opt/airflow/dags/model_sample_dags.py
[2026-01-03T15:38:42.137+0000] {processor.py:830} INFO - Processing file /opt/airflow/dags/model_sample_dags.py for tasks to queue
[2026-01-03T15:38:42.144+0000] {logging_mixin.py:188} INFO - [2026-01-03T15:38:42.142+0000] {dagbag.py:545} INFO - Filling up the DagBag from /opt/airflow/dags/model_sample_dags.py
[2026-01-03T15:38:42.234+0000] {processor.py:840} INFO - DAG(s) 'train_model_sample' retrieved from /opt/airflow/dags/model_sample_dags.py
[2026-01-03T15:38:42.321+0000] {logging_mixin.py:188} INFO - [2026-01-03T15:38:42.320+0000] {dag.py:3089} INFO - Sync 1 DAGs
[2026-01-03T15:38:42.363+0000] {logging_mixin.py:188} INFO - [2026-01-03T15:38:42.362+0000] {dag.py:3947} INFO - Setting next_dagrun for train_model_sample to None, run_after=None
[2026-01-03T15:38:42.435+0000] {processor.py:183} INFO - Processing /opt/airflow/dags/model_sample_dags.py took 0.321 seconds
[2026-01-03T15:39:14.465+0000] {processor.py:161} INFO - Started process (PID=258) to work on /opt/airflow/dags/model_sample_dags.py
[2026-01-03T15:39:14.473+0000] {processor.py:830} INFO - Processing file /opt/airflow/dags/model_sample_dags.py for tasks to queue
[2026-01-03T15:39:14.494+0000] {logging_mixin.py:188} INFO - [2026-01-03T15:39:14.492+0000] {dagbag.py:545} INFO - Filling up the DagBag from /opt/airflow/dags/model_sample_dags.py
[2026-01-03T15:39:14.770+0000] {processor.py:840} INFO - DAG(s) 'train_model_sample' retrieved from /opt/airflow/dags/model_sample_dags.py
[2026-01-03T15:39:15.037+0000] {logging_mixin.py:188} INFO - [2026-01-03T15:39:15.036+0000] {dag.py:3089} INFO - Sync 1 DAGs
[2026-01-03T15:39:15.102+0000] {logging_mixin.py:188} INFO - [2026-01-03T15:39:15.101+0000] {dag.py:3947} INFO - Setting next_dagrun for train_model_sample to None, run_after=None
[2026-01-03T15:39:15.213+0000] {processor.py:183} INFO - Processing /opt/airflow/dags/model_sample_dags.py took 0.845 seconds
[2026-01-03T15:46:03.534+0000] {processor.py:161} INFO - Started process (PID=192) to work on /opt/airflow/dags/model_sample_dags.py
[2026-01-03T15:46:03.538+0000] {processor.py:830} INFO - Processing file /opt/airflow/dags/model_sample_dags.py for tasks to queue
[2026-01-03T15:46:03.545+0000] {logging_mixin.py:188} INFO - [2026-01-03T15:46:03.544+0000] {dagbag.py:545} INFO - Filling up the DagBag from /opt/airflow/dags/model_sample_dags.py
[2026-01-03T15:46:03.627+0000] {processor.py:840} INFO - DAG(s) 'train_model_sample' retrieved from /opt/airflow/dags/model_sample_dags.py
[2026-01-03T15:46:04.327+0000] {logging_mixin.py:188} INFO - [2026-01-03T15:46:04.324+0000] {override.py:1858} INFO - Created Permission View: can read on DAG:train_model_sample
[2026-01-03T15:46:04.387+0000] {logging_mixin.py:188} INFO - [2026-01-03T15:46:04.384+0000] {override.py:1858} INFO - Created Permission View: can edit on DAG:train_model_sample
[2026-01-03T15:46:04.422+0000] {logging_mixin.py:188} INFO - [2026-01-03T15:46:04.421+0000] {override.py:1858} INFO - Created Permission View: can delete on DAG:train_model_sample
[2026-01-03T15:46:04.425+0000] {logging_mixin.py:188} INFO - [2026-01-03T15:46:04.425+0000] {dag.py:3089} INFO - Sync 1 DAGs
[2026-01-03T15:46:04.463+0000] {logging_mixin.py:188} INFO - [2026-01-03T15:46:04.462+0000] {dag.py:3111} INFO - Creating ORM DAG for train_model_sample
[2026-01-03T15:46:04.467+0000] {logging_mixin.py:188} INFO - [2026-01-03T15:46:04.467+0000] {dag.py:3947} INFO - Setting next_dagrun for train_model_sample to None, run_after=None
[2026-01-03T15:46:04.644+0000] {processor.py:183} INFO - Processing /opt/airflow/dags/model_sample_dags.py took 1.129 seconds
[2026-01-03T15:46:35.129+0000] {processor.py:161} INFO - Started process (PID=197) to work on /opt/airflow/dags/model_sample_dags.py
[2026-01-03T15:46:35.132+0000] {processor.py:830} INFO - Processing file /opt/airflow/dags/model_sample_dags.py for tasks to queue
[2026-01-03T15:46:35.141+0000] {logging_mixin.py:188} INFO - [2026-01-03T15:46:35.140+0000] {dagbag.py:545} INFO - Filling up the DagBag from /opt/airflow/dags/model_sample_dags.py
[2026-01-03T15:46:35.206+0000] {processor.py:840} INFO - DAG(s) 'train_model_sample' retrieved from /opt/airflow/dags/model_sample_dags.py
[2026-01-03T15:46:35.286+0000] {logging_mixin.py:188} INFO - [2026-01-03T15:46:35.286+0000] {dag.py:3089} INFO - Sync 1 DAGs
[2026-01-03T15:46:35.320+0000] {logging_mixin.py:188} INFO - [2026-01-03T15:46:35.319+0000] {dag.py:3947} INFO - Setting next_dagrun for train_model_sample to None, run_after=None
[2026-01-03T15:46:35.379+0000] {processor.py:183} INFO - Processing /opt/airflow/dags/model_sample_dags.py took 0.269 seconds
[2026-01-03T15:47:05.835+0000] {processor.py:161} INFO - Started process (PID=202) to work on /opt/airflow/dags/model_sample_dags.py
[2026-01-03T15:47:05.839+0000] {processor.py:830} INFO - Processing file /opt/airflow/dags/model_sample_dags.py for tasks to queue
[2026-01-03T15:47:05.847+0000] {logging_mixin.py:188} INFO - [2026-01-03T15:47:05.846+0000] {dagbag.py:545} INFO - Filling up the DagBag from /opt/airflow/dags/model_sample_dags.py
[2026-01-03T15:47:05.924+0000] {processor.py:840} INFO - DAG(s) 'train_model_sample' retrieved from /opt/airflow/dags/model_sample_dags.py
[2026-01-03T15:47:06.013+0000] {logging_mixin.py:188} INFO - [2026-01-03T15:47:06.012+0000] {dag.py:3089} INFO - Sync 1 DAGs
[2026-01-03T15:47:06.059+0000] {logging_mixin.py:188} INFO - [2026-01-03T15:47:06.058+0000] {dag.py:3947} INFO - Setting next_dagrun for train_model_sample to None, run_after=None
[2026-01-03T15:47:06.130+0000] {processor.py:183} INFO - Processing /opt/airflow/dags/model_sample_dags.py took 0.315 seconds
[2026-01-03T15:47:36.759+0000] {processor.py:161} INFO - Started process (PID=207) to work on /opt/airflow/dags/model_sample_dags.py
[2026-01-03T15:47:36.765+0000] {processor.py:830} INFO - Processing file /opt/airflow/dags/model_sample_dags.py for tasks to queue
[2026-01-03T15:47:36.775+0000] {logging_mixin.py:188} INFO - [2026-01-03T15:47:36.774+0000] {dagbag.py:545} INFO - Filling up the DagBag from /opt/airflow/dags/model_sample_dags.py
[2026-01-03T15:47:36.862+0000] {processor.py:840} INFO - DAG(s) 'train_model_sample' retrieved from /opt/airflow/dags/model_sample_dags.py
[2026-01-03T15:47:36.997+0000] {logging_mixin.py:188} INFO - [2026-01-03T15:47:36.995+0000] {dag.py:3089} INFO - Sync 1 DAGs
[2026-01-03T15:47:37.055+0000] {logging_mixin.py:188} INFO - [2026-01-03T15:47:37.054+0000] {dag.py:3947} INFO - Setting next_dagrun for train_model_sample to None, run_after=None
[2026-01-03T15:47:37.144+0000] {processor.py:183} INFO - Processing /opt/airflow/dags/model_sample_dags.py took 0.408 seconds
[2026-01-03T15:48:07.684+0000] {processor.py:161} INFO - Started process (PID=214) to work on /opt/airflow/dags/model_sample_dags.py
[2026-01-03T15:48:07.687+0000] {processor.py:830} INFO - Processing file /opt/airflow/dags/model_sample_dags.py for tasks to queue
[2026-01-03T15:48:07.693+0000] {logging_mixin.py:188} INFO - [2026-01-03T15:48:07.692+0000] {dagbag.py:545} INFO - Filling up the DagBag from /opt/airflow/dags/model_sample_dags.py
[2026-01-03T15:48:07.766+0000] {processor.py:840} INFO - DAG(s) 'train_model_sample' retrieved from /opt/airflow/dags/model_sample_dags.py
[2026-01-03T15:48:07.860+0000] {logging_mixin.py:188} INFO - [2026-01-03T15:48:07.860+0000] {dag.py:3089} INFO - Sync 1 DAGs
[2026-01-03T15:48:07.890+0000] {logging_mixin.py:188} INFO - [2026-01-03T15:48:07.890+0000] {dag.py:3947} INFO - Setting next_dagrun for train_model_sample to None, run_after=None
[2026-01-03T15:48:07.965+0000] {processor.py:183} INFO - Processing /opt/airflow/dags/model_sample_dags.py took 0.299 seconds
[2026-01-03T15:48:38.702+0000] {processor.py:161} INFO - Started process (PID=219) to work on /opt/airflow/dags/model_sample_dags.py
[2026-01-03T15:48:38.706+0000] {processor.py:830} INFO - Processing file /opt/airflow/dags/model_sample_dags.py for tasks to queue
[2026-01-03T15:48:38.713+0000] {logging_mixin.py:188} INFO - [2026-01-03T15:48:38.712+0000] {dagbag.py:545} INFO - Filling up the DagBag from /opt/airflow/dags/model_sample_dags.py
[2026-01-03T15:48:38.797+0000] {processor.py:840} INFO - DAG(s) 'train_model_sample' retrieved from /opt/airflow/dags/model_sample_dags.py
[2026-01-03T15:48:38.896+0000] {logging_mixin.py:188} INFO - [2026-01-03T15:48:38.895+0000] {dag.py:3089} INFO - Sync 1 DAGs
[2026-01-03T15:48:38.930+0000] {logging_mixin.py:188} INFO - [2026-01-03T15:48:38.929+0000] {dag.py:3947} INFO - Setting next_dagrun for train_model_sample to None, run_after=None
[2026-01-03T15:48:39.004+0000] {processor.py:183} INFO - Processing /opt/airflow/dags/model_sample_dags.py took 0.332 seconds
[2026-01-03T15:49:09.386+0000] {processor.py:161} INFO - Started process (PID=230) to work on /opt/airflow/dags/model_sample_dags.py
[2026-01-03T15:49:09.392+0000] {processor.py:830} INFO - Processing file /opt/airflow/dags/model_sample_dags.py for tasks to queue
[2026-01-03T15:49:09.400+0000] {logging_mixin.py:188} INFO - [2026-01-03T15:49:09.399+0000] {dagbag.py:545} INFO - Filling up the DagBag from /opt/airflow/dags/model_sample_dags.py
[2026-01-03T15:49:09.475+0000] {processor.py:840} INFO - DAG(s) 'train_model_sample' retrieved from /opt/airflow/dags/model_sample_dags.py
[2026-01-03T15:49:09.567+0000] {logging_mixin.py:188} INFO - [2026-01-03T15:49:09.566+0000] {dag.py:3089} INFO - Sync 1 DAGs
[2026-01-03T15:49:09.605+0000] {logging_mixin.py:188} INFO - [2026-01-03T15:49:09.604+0000] {dag.py:3947} INFO - Setting next_dagrun for train_model_sample to None, run_after=None
[2026-01-03T15:49:09.680+0000] {processor.py:183} INFO - Processing /opt/airflow/dags/model_sample_dags.py took 0.314 seconds
[2026-01-03T15:49:40.533+0000] {processor.py:161} INFO - Started process (PID=241) to work on /opt/airflow/dags/model_sample_dags.py
[2026-01-03T15:49:40.537+0000] {processor.py:830} INFO - Processing file /opt/airflow/dags/model_sample_dags.py for tasks to queue
[2026-01-03T15:49:40.542+0000] {logging_mixin.py:188} INFO - [2026-01-03T15:49:40.542+0000] {dagbag.py:545} INFO - Filling up the DagBag from /opt/airflow/dags/model_sample_dags.py
[2026-01-03T15:49:40.628+0000] {processor.py:840} INFO - DAG(s) 'train_model_sample' retrieved from /opt/airflow/dags/model_sample_dags.py
[2026-01-03T15:49:40.709+0000] {logging_mixin.py:188} INFO - [2026-01-03T15:49:40.709+0000] {dag.py:3089} INFO - Sync 1 DAGs
[2026-01-03T15:49:40.747+0000] {logging_mixin.py:188} INFO - [2026-01-03T15:49:40.747+0000] {dag.py:3947} INFO - Setting next_dagrun for train_model_sample to None, run_after=None
[2026-01-03T15:49:40.818+0000] {processor.py:183} INFO - Processing /opt/airflow/dags/model_sample_dags.py took 0.301 seconds
[2026-01-03T15:50:11.345+0000] {processor.py:161} INFO - Started process (PID=246) to work on /opt/airflow/dags/model_sample_dags.py
[2026-01-03T15:50:11.350+0000] {processor.py:830} INFO - Processing file /opt/airflow/dags/model_sample_dags.py for tasks to queue
[2026-01-03T15:50:11.358+0000] {logging_mixin.py:188} INFO - [2026-01-03T15:50:11.356+0000] {dagbag.py:545} INFO - Filling up the DagBag from /opt/airflow/dags/model_sample_dags.py
[2026-01-03T15:50:11.445+0000] {processor.py:840} INFO - DAG(s) 'train_model_sample' retrieved from /opt/airflow/dags/model_sample_dags.py
[2026-01-03T15:50:11.529+0000] {logging_mixin.py:188} INFO - [2026-01-03T15:50:11.528+0000] {dag.py:3089} INFO - Sync 1 DAGs
[2026-01-03T15:50:11.575+0000] {logging_mixin.py:188} INFO - [2026-01-03T15:50:11.574+0000] {dag.py:3947} INFO - Setting next_dagrun for train_model_sample to None, run_after=None
[2026-01-03T15:50:11.656+0000] {processor.py:183} INFO - Processing /opt/airflow/dags/model_sample_dags.py took 0.336 seconds
[2026-01-03T15:50:42.435+0000] {processor.py:161} INFO - Started process (PID=251) to work on /opt/airflow/dags/model_sample_dags.py
[2026-01-03T15:50:42.441+0000] {processor.py:830} INFO - Processing file /opt/airflow/dags/model_sample_dags.py for tasks to queue
[2026-01-03T15:50:42.448+0000] {logging_mixin.py:188} INFO - [2026-01-03T15:50:42.447+0000] {dagbag.py:545} INFO - Filling up the DagBag from /opt/airflow/dags/model_sample_dags.py
[2026-01-03T15:50:42.527+0000] {processor.py:840} INFO - DAG(s) 'train_model_sample' retrieved from /opt/airflow/dags/model_sample_dags.py
[2026-01-03T15:50:42.640+0000] {logging_mixin.py:188} INFO - [2026-01-03T15:50:42.639+0000] {dag.py:3089} INFO - Sync 1 DAGs
[2026-01-03T15:50:42.687+0000] {logging_mixin.py:188} INFO - [2026-01-03T15:50:42.686+0000] {dag.py:3947} INFO - Setting next_dagrun for train_model_sample to None, run_after=None
[2026-01-03T15:50:42.771+0000] {processor.py:183} INFO - Processing /opt/airflow/dags/model_sample_dags.py took 0.356 seconds
[2026-01-03T15:51:13.182+0000] {processor.py:161} INFO - Started process (PID=256) to work on /opt/airflow/dags/model_sample_dags.py
[2026-01-03T15:51:13.186+0000] {processor.py:830} INFO - Processing file /opt/airflow/dags/model_sample_dags.py for tasks to queue
[2026-01-03T15:51:13.192+0000] {logging_mixin.py:188} INFO - [2026-01-03T15:51:13.191+0000] {dagbag.py:545} INFO - Filling up the DagBag from /opt/airflow/dags/model_sample_dags.py
[2026-01-03T15:51:13.276+0000] {processor.py:840} INFO - DAG(s) 'train_model_sample' retrieved from /opt/airflow/dags/model_sample_dags.py
[2026-01-03T15:51:13.358+0000] {logging_mixin.py:188} INFO - [2026-01-03T15:51:13.357+0000] {dag.py:3089} INFO - Sync 1 DAGs
[2026-01-03T15:51:13.398+0000] {logging_mixin.py:188} INFO - [2026-01-03T15:51:13.397+0000] {dag.py:3947} INFO - Setting next_dagrun for train_model_sample to None, run_after=None
[2026-01-03T15:51:13.471+0000] {processor.py:183} INFO - Processing /opt/airflow/dags/model_sample_dags.py took 0.308 seconds
[2026-01-03T15:51:43.954+0000] {processor.py:161} INFO - Started process (PID=261) to work on /opt/airflow/dags/model_sample_dags.py
[2026-01-03T15:51:43.958+0000] {processor.py:830} INFO - Processing file /opt/airflow/dags/model_sample_dags.py for tasks to queue
[2026-01-03T15:51:43.966+0000] {logging_mixin.py:188} INFO - [2026-01-03T15:51:43.965+0000] {dagbag.py:545} INFO - Filling up the DagBag from /opt/airflow/dags/model_sample_dags.py
[2026-01-03T15:51:44.042+0000] {processor.py:840} INFO - DAG(s) 'train_model_sample' retrieved from /opt/airflow/dags/model_sample_dags.py
[2026-01-03T15:51:44.180+0000] {logging_mixin.py:188} INFO - [2026-01-03T15:51:44.172+0000] {dag.py:3089} INFO - Sync 1 DAGs
[2026-01-03T15:51:44.277+0000] {logging_mixin.py:188} INFO - [2026-01-03T15:51:44.275+0000] {dag.py:3947} INFO - Setting next_dagrun for train_model_sample to None, run_after=None
[2026-01-03T15:51:44.400+0000] {processor.py:183} INFO - Processing /opt/airflow/dags/model_sample_dags.py took 0.468 seconds
[2026-01-03T15:52:15.076+0000] {processor.py:161} INFO - Started process (PID=266) to work on /opt/airflow/dags/model_sample_dags.py
[2026-01-03T15:52:15.080+0000] {processor.py:830} INFO - Processing file /opt/airflow/dags/model_sample_dags.py for tasks to queue
[2026-01-03T15:52:15.085+0000] {logging_mixin.py:188} INFO - [2026-01-03T15:52:15.084+0000] {dagbag.py:545} INFO - Filling up the DagBag from /opt/airflow/dags/model_sample_dags.py
[2026-01-03T15:52:15.151+0000] {processor.py:840} INFO - DAG(s) 'train_model_sample' retrieved from /opt/airflow/dags/model_sample_dags.py
[2026-01-03T15:52:15.248+0000] {logging_mixin.py:188} INFO - [2026-01-03T15:52:15.247+0000] {dag.py:3089} INFO - Sync 1 DAGs
[2026-01-03T15:52:15.298+0000] {logging_mixin.py:188} INFO - [2026-01-03T15:52:15.298+0000] {dag.py:3947} INFO - Setting next_dagrun for train_model_sample to None, run_after=None
[2026-01-03T15:52:15.374+0000] {processor.py:183} INFO - Processing /opt/airflow/dags/model_sample_dags.py took 0.315 seconds
[2026-01-03T15:52:45.912+0000] {processor.py:161} INFO - Started process (PID=271) to work on /opt/airflow/dags/model_sample_dags.py
[2026-01-03T15:52:45.916+0000] {processor.py:830} INFO - Processing file /opt/airflow/dags/model_sample_dags.py for tasks to queue
[2026-01-03T15:52:45.923+0000] {logging_mixin.py:188} INFO - [2026-01-03T15:52:45.921+0000] {dagbag.py:545} INFO - Filling up the DagBag from /opt/airflow/dags/model_sample_dags.py
[2026-01-03T15:52:45.996+0000] {processor.py:840} INFO - DAG(s) 'train_model_sample' retrieved from /opt/airflow/dags/model_sample_dags.py
[2026-01-03T15:52:46.104+0000] {logging_mixin.py:188} INFO - [2026-01-03T15:52:46.103+0000] {dag.py:3089} INFO - Sync 1 DAGs
[2026-01-03T15:52:46.144+0000] {logging_mixin.py:188} INFO - [2026-01-03T15:52:46.143+0000] {dag.py:3947} INFO - Setting next_dagrun for train_model_sample to None, run_after=None
[2026-01-03T15:52:46.205+0000] {processor.py:183} INFO - Processing /opt/airflow/dags/model_sample_dags.py took 0.312 seconds
[2026-01-03T15:53:16.646+0000] {processor.py:161} INFO - Started process (PID=276) to work on /opt/airflow/dags/model_sample_dags.py
[2026-01-03T15:53:16.666+0000] {processor.py:830} INFO - Processing file /opt/airflow/dags/model_sample_dags.py for tasks to queue
[2026-01-03T15:53:16.688+0000] {logging_mixin.py:188} INFO - [2026-01-03T15:53:16.686+0000] {dagbag.py:545} INFO - Filling up the DagBag from /opt/airflow/dags/model_sample_dags.py
[2026-01-03T15:53:16.797+0000] {processor.py:840} INFO - DAG(s) 'train_model_sample' retrieved from /opt/airflow/dags/model_sample_dags.py
[2026-01-03T15:53:16.933+0000] {logging_mixin.py:188} INFO - [2026-01-03T15:53:16.930+0000] {dag.py:3089} INFO - Sync 1 DAGs
[2026-01-03T15:53:16.991+0000] {logging_mixin.py:188} INFO - [2026-01-03T15:53:16.990+0000] {dag.py:3947} INFO - Setting next_dagrun for train_model_sample to None, run_after=None
[2026-01-03T15:53:17.070+0000] {processor.py:183} INFO - Processing /opt/airflow/dags/model_sample_dags.py took 0.512 seconds
[2026-01-03T15:57:38.740+0000] {processor.py:161} INFO - Started process (PID=192) to work on /opt/airflow/dags/model_sample_dags.py
[2026-01-03T15:57:38.743+0000] {processor.py:830} INFO - Processing file /opt/airflow/dags/model_sample_dags.py for tasks to queue
[2026-01-03T15:57:38.750+0000] {logging_mixin.py:188} INFO - [2026-01-03T15:57:38.748+0000] {dagbag.py:545} INFO - Filling up the DagBag from /opt/airflow/dags/model_sample_dags.py
[2026-01-03T15:57:38.851+0000] {processor.py:840} INFO - DAG(s) 'train_model_sample' retrieved from /opt/airflow/dags/model_sample_dags.py
[2026-01-03T15:57:39.640+0000] {logging_mixin.py:188} INFO - [2026-01-03T15:57:39.638+0000] {override.py:1858} INFO - Created Permission View: can read on DAG:train_model_sample
[2026-01-03T15:57:39.673+0000] {logging_mixin.py:188} INFO - [2026-01-03T15:57:39.672+0000] {override.py:1858} INFO - Created Permission View: can delete on DAG:train_model_sample
[2026-01-03T15:57:39.699+0000] {logging_mixin.py:188} INFO - [2026-01-03T15:57:39.698+0000] {override.py:1858} INFO - Created Permission View: can edit on DAG:train_model_sample
[2026-01-03T15:57:39.701+0000] {logging_mixin.py:188} INFO - [2026-01-03T15:57:39.701+0000] {dag.py:3089} INFO - Sync 1 DAGs
[2026-01-03T15:57:39.735+0000] {logging_mixin.py:188} INFO - [2026-01-03T15:57:39.734+0000] {dag.py:3111} INFO - Creating ORM DAG for train_model_sample
[2026-01-03T15:57:39.738+0000] {logging_mixin.py:188} INFO - [2026-01-03T15:57:39.737+0000] {dag.py:3947} INFO - Setting next_dagrun for train_model_sample to None, run_after=None
[2026-01-03T15:57:39.815+0000] {processor.py:183} INFO - Processing /opt/airflow/dags/model_sample_dags.py took 1.093 seconds
[2026-01-03T15:58:10.629+0000] {processor.py:161} INFO - Started process (PID=197) to work on /opt/airflow/dags/model_sample_dags.py
[2026-01-03T15:58:10.638+0000] {processor.py:830} INFO - Processing file /opt/airflow/dags/model_sample_dags.py for tasks to queue
[2026-01-03T15:58:10.654+0000] {logging_mixin.py:188} INFO - [2026-01-03T15:58:10.652+0000] {dagbag.py:545} INFO - Filling up the DagBag from /opt/airflow/dags/model_sample_dags.py
[2026-01-03T15:58:10.795+0000] {processor.py:840} INFO - DAG(s) 'train_model_sample' retrieved from /opt/airflow/dags/model_sample_dags.py
[2026-01-03T15:58:11.010+0000] {logging_mixin.py:188} INFO - [2026-01-03T15:58:11.008+0000] {dag.py:3089} INFO - Sync 1 DAGs
[2026-01-03T15:58:11.075+0000] {logging_mixin.py:188} INFO - [2026-01-03T15:58:11.075+0000] {dag.py:3947} INFO - Setting next_dagrun for train_model_sample to None, run_after=None
[2026-01-03T15:58:11.177+0000] {processor.py:183} INFO - Processing /opt/airflow/dags/model_sample_dags.py took 0.604 seconds
[2026-01-03T15:58:42.215+0000] {processor.py:161} INFO - Started process (PID=202) to work on /opt/airflow/dags/model_sample_dags.py
[2026-01-03T15:58:42.224+0000] {processor.py:830} INFO - Processing file /opt/airflow/dags/model_sample_dags.py for tasks to queue
[2026-01-03T15:58:42.238+0000] {logging_mixin.py:188} INFO - [2026-01-03T15:58:42.236+0000] {dagbag.py:545} INFO - Filling up the DagBag from /opt/airflow/dags/model_sample_dags.py
[2026-01-03T15:58:42.392+0000] {processor.py:840} INFO - DAG(s) 'train_model_sample' retrieved from /opt/airflow/dags/model_sample_dags.py
[2026-01-03T15:58:42.564+0000] {logging_mixin.py:188} INFO - [2026-01-03T15:58:42.562+0000] {dag.py:3089} INFO - Sync 1 DAGs
[2026-01-03T15:58:42.627+0000] {logging_mixin.py:188} INFO - [2026-01-03T15:58:42.626+0000] {dag.py:3947} INFO - Setting next_dagrun for train_model_sample to None, run_after=None
[2026-01-03T15:58:42.749+0000] {processor.py:183} INFO - Processing /opt/airflow/dags/model_sample_dags.py took 0.567 seconds
[2026-01-03T15:59:13.154+0000] {processor.py:161} INFO - Started process (PID=213) to work on /opt/airflow/dags/model_sample_dags.py
[2026-01-03T15:59:13.164+0000] {processor.py:830} INFO - Processing file /opt/airflow/dags/model_sample_dags.py for tasks to queue
[2026-01-03T15:59:13.174+0000] {logging_mixin.py:188} INFO - [2026-01-03T15:59:13.173+0000] {dagbag.py:545} INFO - Filling up the DagBag from /opt/airflow/dags/model_sample_dags.py
[2026-01-03T15:59:13.260+0000] {processor.py:840} INFO - DAG(s) 'train_model_sample' retrieved from /opt/airflow/dags/model_sample_dags.py
[2026-01-03T15:59:13.404+0000] {logging_mixin.py:188} INFO - [2026-01-03T15:59:13.403+0000] {dag.py:3089} INFO - Sync 1 DAGs
[2026-01-03T15:59:13.446+0000] {logging_mixin.py:188} INFO - [2026-01-03T15:59:13.445+0000] {dag.py:3947} INFO - Setting next_dagrun for train_model_sample to None, run_after=None
[2026-01-03T15:59:13.509+0000] {processor.py:183} INFO - Processing /opt/airflow/dags/model_sample_dags.py took 0.390 seconds
[2026-01-03T15:59:43.824+0000] {processor.py:161} INFO - Started process (PID=233) to work on /opt/airflow/dags/model_sample_dags.py
[2026-01-03T15:59:43.830+0000] {processor.py:830} INFO - Processing file /opt/airflow/dags/model_sample_dags.py for tasks to queue
[2026-01-03T15:59:43.836+0000] {logging_mixin.py:188} INFO - [2026-01-03T15:59:43.835+0000] {dagbag.py:545} INFO - Filling up the DagBag from /opt/airflow/dags/model_sample_dags.py
[2026-01-03T15:59:43.907+0000] {processor.py:840} INFO - DAG(s) 'train_model_sample' retrieved from /opt/airflow/dags/model_sample_dags.py
[2026-01-03T15:59:44.028+0000] {logging_mixin.py:188} INFO - [2026-01-03T15:59:44.027+0000] {dag.py:3089} INFO - Sync 1 DAGs
[2026-01-03T15:59:44.082+0000] {logging_mixin.py:188} INFO - [2026-01-03T15:59:44.072+0000] {dag.py:3947} INFO - Setting next_dagrun for train_model_sample to None, run_after=None
[2026-01-03T15:59:44.203+0000] {processor.py:183} INFO - Processing /opt/airflow/dags/model_sample_dags.py took 0.400 seconds
[2026-01-03T16:00:15.173+0000] {processor.py:161} INFO - Started process (PID=238) to work on /opt/airflow/dags/model_sample_dags.py
[2026-01-03T16:00:15.179+0000] {processor.py:830} INFO - Processing file /opt/airflow/dags/model_sample_dags.py for tasks to queue
[2026-01-03T16:00:15.190+0000] {logging_mixin.py:188} INFO - [2026-01-03T16:00:15.188+0000] {dagbag.py:545} INFO - Filling up the DagBag from /opt/airflow/dags/model_sample_dags.py
[2026-01-03T16:00:15.288+0000] {processor.py:840} INFO - DAG(s) 'train_model_sample' retrieved from /opt/airflow/dags/model_sample_dags.py
[2026-01-03T16:00:15.395+0000] {logging_mixin.py:188} INFO - [2026-01-03T16:00:15.394+0000] {dag.py:3089} INFO - Sync 1 DAGs
[2026-01-03T16:00:15.452+0000] {logging_mixin.py:188} INFO - [2026-01-03T16:00:15.450+0000] {dag.py:3947} INFO - Setting next_dagrun for train_model_sample to None, run_after=None
[2026-01-03T16:00:15.527+0000] {processor.py:183} INFO - Processing /opt/airflow/dags/model_sample_dags.py took 0.375 seconds
[2026-01-03T16:00:45.974+0000] {processor.py:161} INFO - Started process (PID=243) to work on /opt/airflow/dags/model_sample_dags.py
[2026-01-03T16:00:45.978+0000] {processor.py:830} INFO - Processing file /opt/airflow/dags/model_sample_dags.py for tasks to queue
[2026-01-03T16:00:45.985+0000] {logging_mixin.py:188} INFO - [2026-01-03T16:00:45.984+0000] {dagbag.py:545} INFO - Filling up the DagBag from /opt/airflow/dags/model_sample_dags.py
[2026-01-03T16:00:46.052+0000] {processor.py:840} INFO - DAG(s) 'train_model_sample' retrieved from /opt/airflow/dags/model_sample_dags.py
[2026-01-03T16:00:46.141+0000] {logging_mixin.py:188} INFO - [2026-01-03T16:00:46.140+0000] {dag.py:3089} INFO - Sync 1 DAGs
[2026-01-03T16:00:46.185+0000] {logging_mixin.py:188} INFO - [2026-01-03T16:00:46.184+0000] {dag.py:3947} INFO - Setting next_dagrun for train_model_sample to None, run_after=None
[2026-01-03T16:00:46.267+0000] {processor.py:183} INFO - Processing /opt/airflow/dags/model_sample_dags.py took 0.327 seconds
[2026-01-03T16:01:18.065+0000] {processor.py:161} INFO - Started process (PID=248) to work on /opt/airflow/dags/model_sample_dags.py
[2026-01-03T16:01:18.068+0000] {processor.py:830} INFO - Processing file /opt/airflow/dags/model_sample_dags.py for tasks to queue
[2026-01-03T16:01:18.074+0000] {logging_mixin.py:188} INFO - [2026-01-03T16:01:18.073+0000] {dagbag.py:545} INFO - Filling up the DagBag from /opt/airflow/dags/model_sample_dags.py
[2026-01-03T16:01:18.149+0000] {processor.py:840} INFO - DAG(s) 'train_model_sample' retrieved from /opt/airflow/dags/model_sample_dags.py
[2026-01-03T16:01:18.231+0000] {logging_mixin.py:188} INFO - [2026-01-03T16:01:18.230+0000] {dag.py:3089} INFO - Sync 1 DAGs
[2026-01-03T16:01:18.268+0000] {logging_mixin.py:188} INFO - [2026-01-03T16:01:18.267+0000] {dag.py:3947} INFO - Setting next_dagrun for train_model_sample to None, run_after=None
[2026-01-03T16:01:18.334+0000] {processor.py:183} INFO - Processing /opt/airflow/dags/model_sample_dags.py took 0.284 seconds
[2026-01-03T16:01:50.814+0000] {processor.py:161} INFO - Started process (PID=253) to work on /opt/airflow/dags/model_sample_dags.py
[2026-01-03T16:01:50.818+0000] {processor.py:830} INFO - Processing file /opt/airflow/dags/model_sample_dags.py for tasks to queue
[2026-01-03T16:01:50.824+0000] {logging_mixin.py:188} INFO - [2026-01-03T16:01:50.823+0000] {dagbag.py:545} INFO - Filling up the DagBag from /opt/airflow/dags/model_sample_dags.py
[2026-01-03T16:01:50.893+0000] {processor.py:840} INFO - DAG(s) 'train_model_sample' retrieved from /opt/airflow/dags/model_sample_dags.py
[2026-01-03T16:01:50.989+0000] {logging_mixin.py:188} INFO - [2026-01-03T16:01:50.988+0000] {dag.py:3089} INFO - Sync 1 DAGs
[2026-01-03T16:01:51.027+0000] {logging_mixin.py:188} INFO - [2026-01-03T16:01:51.026+0000] {dag.py:3947} INFO - Setting next_dagrun for train_model_sample to None, run_after=None
[2026-01-03T16:01:51.099+0000] {processor.py:183} INFO - Processing /opt/airflow/dags/model_sample_dags.py took 0.301 seconds
[2026-01-03T16:02:22.853+0000] {processor.py:161} INFO - Started process (PID=258) to work on /opt/airflow/dags/model_sample_dags.py
[2026-01-03T16:02:22.857+0000] {processor.py:830} INFO - Processing file /opt/airflow/dags/model_sample_dags.py for tasks to queue
[2026-01-03T16:02:22.863+0000] {logging_mixin.py:188} INFO - [2026-01-03T16:02:22.862+0000] {dagbag.py:545} INFO - Filling up the DagBag from /opt/airflow/dags/model_sample_dags.py
[2026-01-03T16:02:22.943+0000] {processor.py:840} INFO - DAG(s) 'train_model_sample' retrieved from /opt/airflow/dags/model_sample_dags.py
[2026-01-03T16:02:23.025+0000] {logging_mixin.py:188} INFO - [2026-01-03T16:02:23.024+0000] {dag.py:3089} INFO - Sync 1 DAGs
[2026-01-03T16:02:23.059+0000] {logging_mixin.py:188} INFO - [2026-01-03T16:02:23.058+0000] {dag.py:3947} INFO - Setting next_dagrun for train_model_sample to None, run_after=None
[2026-01-03T16:02:23.129+0000] {processor.py:183} INFO - Processing /opt/airflow/dags/model_sample_dags.py took 0.300 seconds
[2026-01-03T16:02:54.940+0000] {processor.py:161} INFO - Started process (PID=263) to work on /opt/airflow/dags/model_sample_dags.py
[2026-01-03T16:02:54.943+0000] {processor.py:830} INFO - Processing file /opt/airflow/dags/model_sample_dags.py for tasks to queue
[2026-01-03T16:02:54.949+0000] {logging_mixin.py:188} INFO - [2026-01-03T16:02:54.948+0000] {dagbag.py:545} INFO - Filling up the DagBag from /opt/airflow/dags/model_sample_dags.py
[2026-01-03T16:02:55.018+0000] {processor.py:840} INFO - DAG(s) 'train_model_sample' retrieved from /opt/airflow/dags/model_sample_dags.py
[2026-01-03T16:02:55.228+0000] {logging_mixin.py:188} INFO - [2026-01-03T16:02:55.227+0000] {dag.py:3089} INFO - Sync 1 DAGs
[2026-01-03T16:02:55.279+0000] {logging_mixin.py:188} INFO - [2026-01-03T16:02:55.278+0000] {dag.py:3947} INFO - Setting next_dagrun for train_model_sample to None, run_after=None
[2026-01-03T16:02:55.365+0000] {processor.py:183} INFO - Processing /opt/airflow/dags/model_sample_dags.py took 0.444 seconds
[2026-01-03T16:03:27.656+0000] {processor.py:161} INFO - Started process (PID=268) to work on /opt/airflow/dags/model_sample_dags.py
[2026-01-03T16:03:27.660+0000] {processor.py:830} INFO - Processing file /opt/airflow/dags/model_sample_dags.py for tasks to queue
[2026-01-03T16:03:27.665+0000] {logging_mixin.py:188} INFO - [2026-01-03T16:03:27.664+0000] {dagbag.py:545} INFO - Filling up the DagBag from /opt/airflow/dags/model_sample_dags.py
[2026-01-03T16:03:27.733+0000] {processor.py:840} INFO - DAG(s) 'train_model_sample' retrieved from /opt/airflow/dags/model_sample_dags.py
[2026-01-03T16:03:27.827+0000] {logging_mixin.py:188} INFO - [2026-01-03T16:03:27.826+0000] {dag.py:3089} INFO - Sync 1 DAGs
[2026-01-03T16:03:27.867+0000] {logging_mixin.py:188} INFO - [2026-01-03T16:03:27.867+0000] {dag.py:3947} INFO - Setting next_dagrun for train_model_sample to None, run_after=None
[2026-01-03T16:03:27.933+0000] {processor.py:183} INFO - Processing /opt/airflow/dags/model_sample_dags.py took 0.294 seconds
[2026-01-03T16:03:59.706+0000] {processor.py:161} INFO - Started process (PID=273) to work on /opt/airflow/dags/model_sample_dags.py
[2026-01-03T16:03:59.710+0000] {processor.py:830} INFO - Processing file /opt/airflow/dags/model_sample_dags.py for tasks to queue
[2026-01-03T16:03:59.715+0000] {logging_mixin.py:188} INFO - [2026-01-03T16:03:59.714+0000] {dagbag.py:545} INFO - Filling up the DagBag from /opt/airflow/dags/model_sample_dags.py
[2026-01-03T16:03:59.769+0000] {processor.py:840} INFO - DAG(s) 'train_model_sample' retrieved from /opt/airflow/dags/model_sample_dags.py
[2026-01-03T16:03:59.851+0000] {logging_mixin.py:188} INFO - [2026-01-03T16:03:59.850+0000] {dag.py:3089} INFO - Sync 1 DAGs
[2026-01-03T16:03:59.886+0000] {logging_mixin.py:188} INFO - [2026-01-03T16:03:59.886+0000] {dag.py:3947} INFO - Setting next_dagrun for train_model_sample to None, run_after=None
[2026-01-03T16:03:59.933+0000] {processor.py:183} INFO - Processing /opt/airflow/dags/model_sample_dags.py took 0.244 seconds
[2026-01-03T16:04:32.415+0000] {processor.py:161} INFO - Started process (PID=278) to work on /opt/airflow/dags/model_sample_dags.py
[2026-01-03T16:04:32.419+0000] {processor.py:830} INFO - Processing file /opt/airflow/dags/model_sample_dags.py for tasks to queue
[2026-01-03T16:04:32.428+0000] {logging_mixin.py:188} INFO - [2026-01-03T16:04:32.426+0000] {dagbag.py:545} INFO - Filling up the DagBag from /opt/airflow/dags/model_sample_dags.py
[2026-01-03T16:04:32.485+0000] {processor.py:840} INFO - DAG(s) 'train_model_sample' retrieved from /opt/airflow/dags/model_sample_dags.py
[2026-01-03T16:04:32.580+0000] {logging_mixin.py:188} INFO - [2026-01-03T16:04:32.579+0000] {dag.py:3089} INFO - Sync 1 DAGs
[2026-01-03T16:04:32.627+0000] {logging_mixin.py:188} INFO - [2026-01-03T16:04:32.626+0000] {dag.py:3947} INFO - Setting next_dagrun for train_model_sample to None, run_after=None
[2026-01-03T16:04:32.698+0000] {processor.py:183} INFO - Processing /opt/airflow/dags/model_sample_dags.py took 0.310 seconds
