[2026-01-03T15:36:47.566+0000] {local_task_job_runner.py:120} INFO - ::group::Pre task execution logs
[2026-01-03T15:36:47.696+0000] {taskinstance.py:2076} INFO - Dependencies all met for dep_context=non-requeueable deps ti=<TaskInstance: train_model_sample.train_model manual__2026-01-03T15:36:45.958747+00:00 [queued]>
[2026-01-03T15:36:47.737+0000] {taskinstance.py:2076} INFO - Dependencies all met for dep_context=requeueable deps ti=<TaskInstance: train_model_sample.train_model manual__2026-01-03T15:36:45.958747+00:00 [queued]>
[2026-01-03T15:36:47.744+0000] {taskinstance.py:2306} INFO - Starting attempt 1 of 1
[2026-01-03T15:36:47.820+0000] {taskinstance.py:2330} INFO - Executing <Task(PythonOperator): train_model> on 2026-01-03 15:36:45.958747+00:00
[2026-01-03T15:36:47.834+0000] {standard_task_runner.py:64} INFO - Started process 237 to run task
[2026-01-03T15:36:47.844+0000] {standard_task_runner.py:90} INFO - Running: ['***', 'tasks', 'run', 'train_model_sample', 'train_model', 'manual__2026-01-03T15:36:45.958747+00:00', '--job-id', '4', '--raw', '--subdir', 'DAGS_FOLDER/model_sample_dags.py', '--cfg-path', '/tmp/tmpu17orfy5']
[2026-01-03T15:36:47.851+0000] {standard_task_runner.py:91} INFO - Job 4: Subtask train_model
[2026-01-03T15:36:48.027+0000] {task_command.py:426} INFO - Running <TaskInstance: train_model_sample.train_model manual__2026-01-03T15:36:45.958747+00:00 [running]> on host 6d1d391a4431
[2026-01-03T15:36:48.316+0000] {taskinstance.py:2648} INFO - Exporting env vars: AIRFLOW_CTX_DAG_OWNER='***' AIRFLOW_CTX_DAG_ID='train_model_sample' AIRFLOW_CTX_TASK_ID='train_model' AIRFLOW_CTX_EXECUTION_DATE='2026-01-03T15:36:45.958747+00:00' AIRFLOW_CTX_TRY_NUMBER='1' AIRFLOW_CTX_DAG_RUN_ID='manual__2026-01-03T15:36:45.958747+00:00'
[2026-01-03T15:36:48.320+0000] {taskinstance.py:430} INFO - ::endgroup::
[2026-01-03T15:36:48.378+0000] {taskinstance.py:441} INFO - ::group::Post task execution logs
[2026-01-03T15:36:48.380+0000] {taskinstance.py:2905} ERROR - Task failed with exception
Traceback (most recent call last):
  File "/home/airflow/.local/lib/python3.10/site-packages/airflow/models/taskinstance.py", line 465, in _execute_task
    result = _execute_callable(context=context, **execute_callable_kwargs)
  File "/home/airflow/.local/lib/python3.10/site-packages/airflow/models/taskinstance.py", line 432, in _execute_callable
    return execute_callable(context=context, **execute_callable_kwargs)
  File "/home/airflow/.local/lib/python3.10/site-packages/airflow/models/baseoperator.py", line 401, in wrapper
    return func(self, *args, **kwargs)
  File "/home/airflow/.local/lib/python3.10/site-packages/airflow/operators/python.py", line 235, in execute
    return_value = self.execute_callable()
  File "/home/airflow/.local/lib/python3.10/site-packages/airflow/operators/python.py", line 252, in execute_callable
    return self.python_callable(*self.op_args, **self.op_kwargs)
  File "/opt/airflow/dags/model_sample_dags.py", line 15, in train_wrapper
    from mlflow_models.model_sample.model_sample_train import train
ModuleNotFoundError: No module named 'mlflow_models.model_sample'
[2026-01-03T15:36:48.417+0000] {taskinstance.py:1206} INFO - Marking task as FAILED. dag_id=train_model_sample, task_id=train_model, run_id=manual__2026-01-03T15:36:45.958747+00:00, execution_date=20260103T153645, start_date=20260103T153647, end_date=20260103T153648
[2026-01-03T15:36:48.452+0000] {standard_task_runner.py:110} ERROR - Failed to execute job 4 for task train_model (No module named 'mlflow_models.model_sample'; 237)
[2026-01-03T15:36:48.503+0000] {local_task_job_runner.py:243} INFO - Task exited with return code 1
[2026-01-03T15:36:48.566+0000] {taskinstance.py:3503} INFO - 0 downstream tasks scheduled from follow-on schedule check
[2026-01-03T15:36:48.574+0000] {local_task_job_runner.py:222} INFO - ::endgroup::
