[2025-12-31T08:24:29.571+0000] {local_task_job_runner.py:120} INFO - ::group::Pre task execution logs
[2025-12-31T08:24:29.652+0000] {taskinstance.py:2076} INFO - Dependencies all met for dep_context=non-requeueable deps ti=<TaskInstance: train_model_sample.train_model manual__2025-12-31T08:24:28.054825+00:00 [queued]>
[2025-12-31T08:24:29.678+0000] {taskinstance.py:2076} INFO - Dependencies all met for dep_context=requeueable deps ti=<TaskInstance: train_model_sample.train_model manual__2025-12-31T08:24:28.054825+00:00 [queued]>
[2025-12-31T08:24:29.683+0000] {taskinstance.py:2306} INFO - Starting attempt 1 of 1
[2025-12-31T08:24:29.721+0000] {taskinstance.py:2330} INFO - Executing <Task(PythonVirtualenvOperator): train_model> on 2025-12-31 08:24:28.054825+00:00
[2025-12-31T08:24:29.735+0000] {standard_task_runner.py:64} INFO - Started process 189 to run task
[2025-12-31T08:24:29.744+0000] {standard_task_runner.py:90} INFO - Running: ['***', 'tasks', 'run', 'train_model_sample', 'train_model', 'manual__2025-12-31T08:24:28.054825+00:00', '--job-id', '6', '--raw', '--subdir', 'DAGS_FOLDER/model_sample_dags.py', '--cfg-path', '/tmp/tmp3a2otby8']
[2025-12-31T08:24:29.750+0000] {standard_task_runner.py:91} INFO - Job 6: Subtask train_model
[2025-12-31T08:24:29.881+0000] {task_command.py:426} INFO - Running <TaskInstance: train_model_sample.train_model manual__2025-12-31T08:24:28.054825+00:00 [running]> on host ea46e2a228ee
[2025-12-31T08:24:30.076+0000] {taskinstance.py:2648} INFO - Exporting env vars: AIRFLOW_CTX_DAG_OWNER='***' AIRFLOW_CTX_DAG_ID='train_model_sample' AIRFLOW_CTX_TASK_ID='train_model' AIRFLOW_CTX_EXECUTION_DATE='2025-12-31T08:24:28.054825+00:00' AIRFLOW_CTX_TRY_NUMBER='1' AIRFLOW_CTX_DAG_RUN_ID='manual__2025-12-31T08:24:28.054825+00:00'
[2025-12-31T08:24:30.078+0000] {taskinstance.py:430} INFO - ::endgroup::
[2025-12-31T08:24:30.122+0000] {baseoperator.py:400} WARNING - PythonVirtualenvOperator.execute cannot be called outside TaskInstance!
[2025-12-31T08:24:30.126+0000] {process_utils.py:183} INFO - Executing cmd: /home/***/.local/bin/python -m virtualenv /tmp/venvpeb9d2n7 --python=python
[2025-12-31T08:24:30.128+0000] {process_utils.py:187} INFO - Output:
[2025-12-31T08:24:37.740+0000] {process_utils.py:191} INFO - created virtual environment CPython3.10.14.final.0-64 in 3017ms
[2025-12-31T08:24:37.743+0000] {process_utils.py:191} INFO -   creator CPython3Posix(dest=/tmp/venvpeb9d2n7, clear=False, no_vcs_ignore=False, global=False)
[2025-12-31T08:24:37.746+0000] {process_utils.py:191} INFO -   seeder FromAppData(download=False, pip=bundle, setuptools=bundle, wheel=bundle, via=copy, app_data_dir=/home/***/.local/share/virtualenv)
[2025-12-31T08:24:37.748+0000] {process_utils.py:191} INFO -     added seed packages: pip==25.3, setuptools==80.9.0, wheel==0.45.1
[2025-12-31T08:24:37.751+0000] {process_utils.py:191} INFO -   activators BashActivator,CShellActivator,FishActivator,NushellActivator,PowerShellActivator,PythonActivator
[2025-12-31T08:24:37.963+0000] {process_utils.py:183} INFO - Executing cmd: /tmp/venvpeb9d2n7/bin/pip install -r /tmp/venvpeb9d2n7/requirements.txt
[2025-12-31T08:24:37.967+0000] {process_utils.py:187} INFO - Output:
[2025-12-31T08:24:42.665+0000] {process_utils.py:191} INFO - Collecting mlflow==2.10.2 (from -r /tmp/venvpeb9d2n7/requirements.txt (line 1))
[2025-12-31T08:24:42.682+0000] {process_utils.py:191} INFO -   Using cached mlflow-2.10.2-py3-none-any.whl.metadata (13 kB)
[2025-12-31T08:24:43.262+0000] {process_utils.py:191} INFO - Collecting pandas (from -r /tmp/venvpeb9d2n7/requirements.txt (line 2))
[2025-12-31T08:24:43.274+0000] {process_utils.py:191} INFO -   Using cached pandas-2.3.3-cp310-cp310-manylinux_2_24_x86_64.manylinux_2_28_x86_64.whl.metadata (91 kB)
[2025-12-31T08:24:43.794+0000] {process_utils.py:191} INFO - Collecting scikit-learn (from -r /tmp/venvpeb9d2n7/requirements.txt (line 3))
[2025-12-31T08:24:43.816+0000] {process_utils.py:191} INFO -   Using cached scikit_learn-1.7.2-cp310-cp310-manylinux2014_x86_64.manylinux_2_17_x86_64.whl.metadata (11 kB)
[2025-12-31T08:24:43.978+0000] {process_utils.py:191} INFO - Collecting click<9,>=7.0 (from mlflow==2.10.2->-r /tmp/venvpeb9d2n7/requirements.txt (line 1))
[2025-12-31T08:24:43.994+0000] {process_utils.py:191} INFO -   Using cached click-8.3.1-py3-none-any.whl.metadata (2.6 kB)
[2025-12-31T08:24:44.091+0000] {process_utils.py:191} INFO - Collecting cloudpickle<4 (from mlflow==2.10.2->-r /tmp/venvpeb9d2n7/requirements.txt (line 1))
[2025-12-31T08:24:44.105+0000] {process_utils.py:191} INFO -   Using cached cloudpickle-3.1.2-py3-none-any.whl.metadata (7.1 kB)
[2025-12-31T08:24:44.163+0000] {process_utils.py:191} INFO - Collecting entrypoints<1 (from mlflow==2.10.2->-r /tmp/venvpeb9d2n7/requirements.txt (line 1))
[2025-12-31T08:24:44.176+0000] {process_utils.py:191} INFO -   Using cached entrypoints-0.4-py3-none-any.whl.metadata (2.6 kB)
[2025-12-31T08:24:44.331+0000] {process_utils.py:191} INFO - Collecting gitpython<4,>=2.1.0 (from mlflow==2.10.2->-r /tmp/venvpeb9d2n7/requirements.txt (line 1))
[2025-12-31T08:24:44.351+0000] {process_utils.py:191} INFO -   Using cached gitpython-3.1.45-py3-none-any.whl.metadata (13 kB)
[2025-12-31T08:24:44.555+0000] {process_utils.py:191} INFO - Collecting pyyaml<7,>=5.1 (from mlflow==2.10.2->-r /tmp/venvpeb9d2n7/requirements.txt (line 1))
[2025-12-31T08:24:44.572+0000] {process_utils.py:191} INFO -   Using cached pyyaml-6.0.3-cp310-cp310-manylinux2014_x86_64.manylinux_2_17_x86_64.manylinux_2_28_x86_64.whl.metadata (2.4 kB)
[2025-12-31T08:24:45.377+0000] {process_utils.py:191} INFO - Collecting protobuf<5,>=3.12.0 (from mlflow==2.10.2->-r /tmp/venvpeb9d2n7/requirements.txt (line 1))
[2025-12-31T08:24:45.391+0000] {process_utils.py:191} INFO -   Using cached protobuf-4.25.8-cp37-abi3-manylinux2014_x86_64.whl.metadata (541 bytes)
[2025-12-31T08:24:45.579+0000] {process_utils.py:191} INFO - Collecting pytz<2024 (from mlflow==2.10.2->-r /tmp/venvpeb9d2n7/requirements.txt (line 1))
[2025-12-31T08:24:45.591+0000] {process_utils.py:191} INFO -   Using cached pytz-2023.4-py2.py3-none-any.whl.metadata (22 kB)
[2025-12-31T08:24:45.721+0000] {process_utils.py:191} INFO - Collecting requests<3,>=2.17.3 (from mlflow==2.10.2->-r /tmp/venvpeb9d2n7/requirements.txt (line 1))
[2025-12-31T08:24:45.734+0000] {process_utils.py:191} INFO -   Using cached requests-2.32.5-py3-none-any.whl.metadata (4.9 kB)
[2025-12-31T08:24:45.839+0000] {process_utils.py:191} INFO - Collecting packaging<24 (from mlflow==2.10.2->-r /tmp/venvpeb9d2n7/requirements.txt (line 1))
[2025-12-31T08:24:45.851+0000] {process_utils.py:191} INFO -   Using cached packaging-23.2-py3-none-any.whl.metadata (3.2 kB)
[2025-12-31T08:24:46.040+0000] {process_utils.py:191} INFO - Collecting importlib-metadata!=4.7.0,<8,>=3.7.0 (from mlflow==2.10.2->-r /tmp/venvpeb9d2n7/requirements.txt (line 1))
[2025-12-31T08:24:46.050+0000] {process_utils.py:191} INFO -   Using cached importlib_metadata-7.2.1-py3-none-any.whl.metadata (4.6 kB)
[2025-12-31T08:24:46.131+0000] {process_utils.py:191} INFO - Collecting sqlparse<1,>=0.4.0 (from mlflow==2.10.2->-r /tmp/venvpeb9d2n7/requirements.txt (line 1))
[2025-12-31T08:24:46.144+0000] {process_utils.py:191} INFO -   Using cached sqlparse-0.5.5-py3-none-any.whl.metadata (4.7 kB)
[2025-12-31T08:24:46.290+0000] {process_utils.py:191} INFO - Collecting alembic!=1.10.0,<2 (from mlflow==2.10.2->-r /tmp/venvpeb9d2n7/requirements.txt (line 1))
[2025-12-31T08:24:46.301+0000] {process_utils.py:191} INFO -   Using cached alembic-1.17.2-py3-none-any.whl.metadata (7.2 kB)
[2025-12-31T08:24:46.434+0000] {process_utils.py:191} INFO - Collecting docker<8,>=4.0.0 (from mlflow==2.10.2->-r /tmp/venvpeb9d2n7/requirements.txt (line 1))
[2025-12-31T08:24:46.444+0000] {process_utils.py:191} INFO -   Using cached docker-7.1.0-py3-none-any.whl.metadata (3.8 kB)
[2025-12-31T08:24:46.539+0000] {process_utils.py:191} INFO - Collecting Flask<4 (from mlflow==2.10.2->-r /tmp/venvpeb9d2n7/requirements.txt (line 1))
[2025-12-31T08:24:46.549+0000] {process_utils.py:191} INFO -   Using cached flask-3.1.2-py3-none-any.whl.metadata (3.2 kB)
[2025-12-31T08:24:47.777+0000] {process_utils.py:191} INFO - Collecting numpy<2 (from mlflow==2.10.2->-r /tmp/venvpeb9d2n7/requirements.txt (line 1))
[2025-12-31T08:24:47.789+0000] {process_utils.py:191} INFO -   Using cached numpy-1.26.4-cp310-cp310-manylinux_2_17_x86_64.manylinux2014_x86_64.whl.metadata (61 kB)
[2025-12-31T08:24:48.327+0000] {process_utils.py:191} INFO - Collecting scipy<2 (from mlflow==2.10.2->-r /tmp/venvpeb9d2n7/requirements.txt (line 1))
[2025-12-31T08:24:48.336+0000] {process_utils.py:191} INFO -   Using cached scipy-1.15.3-cp310-cp310-manylinux_2_17_x86_64.manylinux2014_x86_64.whl.metadata (61 kB)
[2025-12-31T08:24:48.424+0000] {process_utils.py:191} INFO - Collecting querystring-parser<2 (from mlflow==2.10.2->-r /tmp/venvpeb9d2n7/requirements.txt (line 1))
[2025-12-31T08:24:48.432+0000] {process_utils.py:191} INFO -   Using cached querystring_parser-1.2.4-py2.py3-none-any.whl.metadata (559 bytes)
[2025-12-31T08:24:49.456+0000] {process_utils.py:191} INFO - Collecting sqlalchemy<3,>=1.4.0 (from mlflow==2.10.2->-r /tmp/venvpeb9d2n7/requirements.txt (line 1))
[2025-12-31T08:24:49.466+0000] {process_utils.py:191} INFO -   Using cached sqlalchemy-2.0.45-cp310-cp310-manylinux2014_x86_64.manylinux_2_17_x86_64.manylinux_2_28_x86_64.whl.metadata (9.5 kB)
[2025-12-31T08:24:49.939+0000] {process_utils.py:191} INFO - Collecting pyarrow<16,>=4.0.0 (from mlflow==2.10.2->-r /tmp/venvpeb9d2n7/requirements.txt (line 1))
[2025-12-31T08:24:49.947+0000] {process_utils.py:191} INFO -   Using cached pyarrow-15.0.2-cp310-cp310-manylinux_2_28_x86_64.whl.metadata (3.0 kB)
[2025-12-31T08:24:50.026+0000] {process_utils.py:191} INFO - Collecting markdown<4,>=3.3 (from mlflow==2.10.2->-r /tmp/venvpeb9d2n7/requirements.txt (line 1))
[2025-12-31T08:24:50.035+0000] {process_utils.py:191} INFO -   Using cached markdown-3.10-py3-none-any.whl.metadata (5.1 kB)
[2025-12-31T08:24:50.557+0000] {process_utils.py:191} INFO - Collecting matplotlib<4 (from mlflow==2.10.2->-r /tmp/venvpeb9d2n7/requirements.txt (line 1))
[2025-12-31T08:24:50.568+0000] {process_utils.py:191} INFO -   Using cached matplotlib-3.10.8-cp310-cp310-manylinux2014_x86_64.manylinux_2_17_x86_64.whl.metadata (52 kB)
[2025-12-31T08:24:50.663+0000] {process_utils.py:191} INFO - Collecting gunicorn<22 (from mlflow==2.10.2->-r /tmp/venvpeb9d2n7/requirements.txt (line 1))
[2025-12-31T08:24:50.674+0000] {process_utils.py:191} INFO -   Using cached gunicorn-21.2.0-py3-none-any.whl.metadata (4.1 kB)
[2025-12-31T08:24:50.754+0000] {process_utils.py:191} INFO - Collecting Jinja2<4,>=2.11 (from mlflow==2.10.2->-r /tmp/venvpeb9d2n7/requirements.txt (line 1))
[2025-12-31T08:24:50.762+0000] {process_utils.py:191} INFO -   Using cached jinja2-3.1.6-py3-none-any.whl.metadata (2.9 kB)
[2025-12-31T08:24:50.851+0000] {process_utils.py:191} INFO - Collecting python-dateutil>=2.8.2 (from pandas->-r /tmp/venvpeb9d2n7/requirements.txt (line 2))
[2025-12-31T08:24:50.862+0000] {process_utils.py:191} INFO -   Using cached python_dateutil-2.9.0.post0-py2.py3-none-any.whl.metadata (8.4 kB)
[2025-12-31T08:24:50.967+0000] {process_utils.py:191} INFO - Collecting tzdata>=2022.7 (from pandas->-r /tmp/venvpeb9d2n7/requirements.txt (line 2))
[2025-12-31T08:24:50.977+0000] {process_utils.py:191} INFO -   Using cached tzdata-2025.3-py2.py3-none-any.whl.metadata (1.4 kB)
[2025-12-31T08:24:51.122+0000] {process_utils.py:191} INFO - Collecting joblib>=1.2.0 (from scikit-learn->-r /tmp/venvpeb9d2n7/requirements.txt (line 3))
[2025-12-31T08:24:51.133+0000] {process_utils.py:191} INFO -   Using cached joblib-1.5.3-py3-none-any.whl.metadata (5.5 kB)
[2025-12-31T08:24:51.194+0000] {process_utils.py:191} INFO - Collecting threadpoolctl>=3.1.0 (from scikit-learn->-r /tmp/venvpeb9d2n7/requirements.txt (line 3))
[2025-12-31T08:24:51.203+0000] {process_utils.py:191} INFO -   Using cached threadpoolctl-3.6.0-py3-none-any.whl.metadata (13 kB)
[2025-12-31T08:24:51.279+0000] {process_utils.py:191} INFO - Collecting Mako (from alembic!=1.10.0,<2->mlflow==2.10.2->-r /tmp/venvpeb9d2n7/requirements.txt (line 1))
[2025-12-31T08:24:51.288+0000] {process_utils.py:191} INFO -   Using cached mako-1.3.10-py3-none-any.whl.metadata (2.9 kB)
[2025-12-31T08:24:51.359+0000] {process_utils.py:191} INFO - Collecting typing-extensions>=4.12 (from alembic!=1.10.0,<2->mlflow==2.10.2->-r /tmp/venvpeb9d2n7/requirements.txt (line 1))
[2025-12-31T08:24:51.367+0000] {process_utils.py:191} INFO -   Using cached typing_extensions-4.15.0-py3-none-any.whl.metadata (3.3 kB)
[2025-12-31T08:24:51.440+0000] {process_utils.py:191} INFO - Collecting tomli (from alembic!=1.10.0,<2->mlflow==2.10.2->-r /tmp/venvpeb9d2n7/requirements.txt (line 1))
[2025-12-31T08:24:51.450+0000] {process_utils.py:191} INFO -   Using cached tomli-2.3.0-py3-none-any.whl.metadata (10 kB)
[2025-12-31T08:24:51.601+0000] {process_utils.py:191} INFO - Collecting urllib3>=1.26.0 (from docker<8,>=4.0.0->mlflow==2.10.2->-r /tmp/venvpeb9d2n7/requirements.txt (line 1))
[2025-12-31T08:24:51.613+0000] {process_utils.py:191} INFO -   Using cached urllib3-2.6.2-py3-none-any.whl.metadata (6.6 kB)
[2025-12-31T08:24:51.676+0000] {process_utils.py:191} INFO - Collecting blinker>=1.9.0 (from Flask<4->mlflow==2.10.2->-r /tmp/venvpeb9d2n7/requirements.txt (line 1))
[2025-12-31T08:24:51.684+0000] {process_utils.py:191} INFO -   Using cached blinker-1.9.0-py3-none-any.whl.metadata (1.6 kB)
[2025-12-31T08:24:51.761+0000] {process_utils.py:191} INFO - Collecting itsdangerous>=2.2.0 (from Flask<4->mlflow==2.10.2->-r /tmp/venvpeb9d2n7/requirements.txt (line 1))
[2025-12-31T08:24:51.771+0000] {process_utils.py:191} INFO -   Using cached itsdangerous-2.2.0-py3-none-any.whl.metadata (1.9 kB)
[2025-12-31T08:24:51.990+0000] {process_utils.py:191} INFO - Collecting markupsafe>=2.1.1 (from Flask<4->mlflow==2.10.2->-r /tmp/venvpeb9d2n7/requirements.txt (line 1))
[2025-12-31T08:24:52.006+0000] {process_utils.py:191} INFO -   Using cached markupsafe-3.0.3-cp310-cp310-manylinux2014_x86_64.manylinux_2_17_x86_64.manylinux_2_28_x86_64.whl.metadata (2.7 kB)
[2025-12-31T08:24:52.091+0000] {process_utils.py:191} INFO - Collecting werkzeug>=3.1.0 (from Flask<4->mlflow==2.10.2->-r /tmp/venvpeb9d2n7/requirements.txt (line 1))
[2025-12-31T08:24:52.100+0000] {process_utils.py:191} INFO -   Using cached werkzeug-3.1.4-py3-none-any.whl.metadata (4.0 kB)
[2025-12-31T08:24:52.159+0000] {process_utils.py:191} INFO - Collecting gitdb<5,>=4.0.1 (from gitpython<4,>=2.1.0->mlflow==2.10.2->-r /tmp/venvpeb9d2n7/requirements.txt (line 1))
[2025-12-31T08:24:52.168+0000] {process_utils.py:191} INFO -   Using cached gitdb-4.0.12-py3-none-any.whl.metadata (1.2 kB)
[2025-12-31T08:24:52.223+0000] {process_utils.py:191} INFO - Collecting smmap<6,>=3.0.1 (from gitdb<5,>=4.0.1->gitpython<4,>=2.1.0->mlflow==2.10.2->-r /tmp/venvpeb9d2n7/requirements.txt (line 1))
[2025-12-31T08:24:52.232+0000] {process_utils.py:191} INFO -   Using cached smmap-5.0.2-py3-none-any.whl.metadata (4.3 kB)
[2025-12-31T08:24:52.322+0000] {process_utils.py:191} INFO - Collecting zipp>=0.5 (from importlib-metadata!=4.7.0,<8,>=3.7.0->mlflow==2.10.2->-r /tmp/venvpeb9d2n7/requirements.txt (line 1))
[2025-12-31T08:24:52.331+0000] {process_utils.py:191} INFO -   Using cached zipp-3.23.0-py3-none-any.whl.metadata (3.6 kB)
[2025-12-31T08:24:52.716+0000] {process_utils.py:191} INFO - Collecting contourpy>=1.0.1 (from matplotlib<4->mlflow==2.10.2->-r /tmp/venvpeb9d2n7/requirements.txt (line 1))
[2025-12-31T08:24:52.726+0000] {process_utils.py:191} INFO -   Using cached contourpy-1.3.2-cp310-cp310-manylinux_2_17_x86_64.manylinux2014_x86_64.whl.metadata (5.5 kB)
[2025-12-31T08:24:52.782+0000] {process_utils.py:191} INFO - Collecting cycler>=0.10 (from matplotlib<4->mlflow==2.10.2->-r /tmp/venvpeb9d2n7/requirements.txt (line 1))
[2025-12-31T08:24:52.789+0000] {process_utils.py:191} INFO -   Using cached cycler-0.12.1-py3-none-any.whl.metadata (3.8 kB)
[2025-12-31T08:24:53.348+0000] {process_utils.py:191} INFO - Collecting fonttools>=4.22.0 (from matplotlib<4->mlflow==2.10.2->-r /tmp/venvpeb9d2n7/requirements.txt (line 1))
[2025-12-31T08:24:53.360+0000] {process_utils.py:191} INFO -   Using cached fonttools-4.61.1-cp310-cp310-manylinux2014_x86_64.manylinux_2_17_x86_64.whl.metadata (114 kB)
[2025-12-31T08:24:53.669+0000] {process_utils.py:191} INFO - Collecting kiwisolver>=1.3.1 (from matplotlib<4->mlflow==2.10.2->-r /tmp/venvpeb9d2n7/requirements.txt (line 1))
[2025-12-31T08:24:53.683+0000] {process_utils.py:191} INFO -   Using cached kiwisolver-1.4.9-cp310-cp310-manylinux_2_12_x86_64.manylinux2010_x86_64.whl.metadata (6.3 kB)
[2025-12-31T08:24:54.345+0000] {process_utils.py:191} INFO - Collecting pillow>=8 (from matplotlib<4->mlflow==2.10.2->-r /tmp/venvpeb9d2n7/requirements.txt (line 1))
[2025-12-31T08:24:54.355+0000] {process_utils.py:191} INFO -   Using cached pillow-12.0.0-cp310-cp310-manylinux_2_27_x86_64.manylinux_2_28_x86_64.whl.metadata (8.8 kB)
[2025-12-31T08:24:54.467+0000] {process_utils.py:191} INFO - Collecting pyparsing>=3 (from matplotlib<4->mlflow==2.10.2->-r /tmp/venvpeb9d2n7/requirements.txt (line 1))
[2025-12-31T08:24:54.479+0000] {process_utils.py:191} INFO -   Using cached pyparsing-3.3.1-py3-none-any.whl.metadata (5.6 kB)
[2025-12-31T08:24:54.601+0000] {process_utils.py:191} INFO - Collecting six (from querystring-parser<2->mlflow==2.10.2->-r /tmp/venvpeb9d2n7/requirements.txt (line 1))
[2025-12-31T08:24:54.613+0000] {process_utils.py:191} INFO -   Using cached six-1.17.0-py2.py3-none-any.whl.metadata (1.7 kB)
[2025-12-31T08:24:55.045+0000] {process_utils.py:191} INFO - Collecting charset_normalizer<4,>=2 (from requests<3,>=2.17.3->mlflow==2.10.2->-r /tmp/venvpeb9d2n7/requirements.txt (line 1))
[2025-12-31T08:24:55.054+0000] {process_utils.py:191} INFO -   Using cached charset_normalizer-3.4.4-cp310-cp310-manylinux2014_x86_64.manylinux_2_17_x86_64.manylinux_2_28_x86_64.whl.metadata (37 kB)
[2025-12-31T08:24:55.117+0000] {process_utils.py:191} INFO - Collecting idna<4,>=2.5 (from requests<3,>=2.17.3->mlflow==2.10.2->-r /tmp/venvpeb9d2n7/requirements.txt (line 1))
[2025-12-31T08:24:55.126+0000] {process_utils.py:191} INFO -   Using cached idna-3.11-py3-none-any.whl.metadata (8.4 kB)
[2025-12-31T08:24:55.251+0000] {process_utils.py:191} INFO - Collecting certifi>=2017.4.17 (from requests<3,>=2.17.3->mlflow==2.10.2->-r /tmp/venvpeb9d2n7/requirements.txt (line 1))
[2025-12-31T08:24:55.260+0000] {process_utils.py:191} INFO -   Using cached certifi-2025.11.12-py3-none-any.whl.metadata (2.5 kB)
[2025-12-31T08:24:55.748+0000] {process_utils.py:191} INFO - Collecting greenlet>=1 (from sqlalchemy<3,>=1.4.0->mlflow==2.10.2->-r /tmp/venvpeb9d2n7/requirements.txt (line 1))
[2025-12-31T08:24:55.759+0000] {process_utils.py:191} INFO -   Using cached greenlet-3.3.0-cp310-cp310-manylinux_2_24_x86_64.manylinux_2_28_x86_64.whl.metadata (4.1 kB)
[2025-12-31T08:24:55.927+0000] {process_utils.py:191} INFO - Using cached mlflow-2.10.2-py3-none-any.whl (19.5 MB)
[2025-12-31T08:24:56.056+0000] {process_utils.py:191} INFO - Using cached pandas-2.3.3-cp310-cp310-manylinux_2_24_x86_64.manylinux_2_28_x86_64.whl (12.8 MB)
[2025-12-31T08:24:56.141+0000] {process_utils.py:191} INFO - Using cached scikit_learn-1.7.2-cp310-cp310-manylinux2014_x86_64.manylinux_2_17_x86_64.whl (9.7 MB)
[2025-12-31T08:24:56.205+0000] {process_utils.py:191} INFO - Using cached alembic-1.17.2-py3-none-any.whl (248 kB)
[2025-12-31T08:24:56.215+0000] {process_utils.py:191} INFO - Using cached click-8.3.1-py3-none-any.whl (108 kB)
[2025-12-31T08:24:56.227+0000] {process_utils.py:191} INFO - Using cached cloudpickle-3.1.2-py3-none-any.whl (22 kB)
[2025-12-31T08:24:56.238+0000] {process_utils.py:191} INFO - Using cached docker-7.1.0-py3-none-any.whl (147 kB)
[2025-12-31T08:24:56.250+0000] {process_utils.py:191} INFO - Using cached entrypoints-0.4-py3-none-any.whl (5.3 kB)
[2025-12-31T08:24:56.261+0000] {process_utils.py:191} INFO - Using cached flask-3.1.2-py3-none-any.whl (103 kB)
[2025-12-31T08:24:56.273+0000] {process_utils.py:191} INFO - Using cached gitpython-3.1.45-py3-none-any.whl (208 kB)
[2025-12-31T08:24:56.282+0000] {process_utils.py:191} INFO - Using cached gitdb-4.0.12-py3-none-any.whl (62 kB)
[2025-12-31T08:24:56.292+0000] {process_utils.py:191} INFO - Using cached gunicorn-21.2.0-py3-none-any.whl (80 kB)
[2025-12-31T08:24:56.301+0000] {process_utils.py:191} INFO - Using cached importlib_metadata-7.2.1-py3-none-any.whl (25 kB)
[2025-12-31T08:24:56.309+0000] {process_utils.py:191} INFO - Using cached jinja2-3.1.6-py3-none-any.whl (134 kB)
[2025-12-31T08:24:56.318+0000] {process_utils.py:191} INFO - Using cached markdown-3.10-py3-none-any.whl (107 kB)
[2025-12-31T08:24:56.329+0000] {process_utils.py:191} INFO - Using cached matplotlib-3.10.8-cp310-cp310-manylinux2014_x86_64.manylinux_2_17_x86_64.whl (8.7 MB)
[2025-12-31T08:24:56.384+0000] {process_utils.py:191} INFO - Using cached numpy-1.26.4-cp310-cp310-manylinux_2_17_x86_64.manylinux2014_x86_64.whl (18.2 MB)
[2025-12-31T08:24:56.497+0000] {process_utils.py:191} INFO - Using cached packaging-23.2-py3-none-any.whl (53 kB)
[2025-12-31T08:24:56.508+0000] {process_utils.py:191} INFO - Using cached protobuf-4.25.8-cp37-abi3-manylinux2014_x86_64.whl (294 kB)
[2025-12-31T08:24:56.519+0000] {process_utils.py:191} INFO - Using cached pyarrow-15.0.2-cp310-cp310-manylinux_2_28_x86_64.whl (38.3 MB)
[2025-12-31T08:24:56.828+0000] {process_utils.py:191} INFO - Using cached pytz-2023.4-py2.py3-none-any.whl (506 kB)
[2025-12-31T08:24:56.847+0000] {process_utils.py:191} INFO - Using cached pyyaml-6.0.3-cp310-cp310-manylinux2014_x86_64.manylinux_2_17_x86_64.manylinux_2_28_x86_64.whl (770 kB)
[2025-12-31T08:24:56.873+0000] {process_utils.py:191} INFO - Using cached querystring_parser-1.2.4-py2.py3-none-any.whl (7.9 kB)
[2025-12-31T08:24:56.887+0000] {process_utils.py:191} INFO - Using cached requests-2.32.5-py3-none-any.whl (64 kB)
[2025-12-31T08:24:56.903+0000] {process_utils.py:191} INFO - Using cached charset_normalizer-3.4.4-cp310-cp310-manylinux2014_x86_64.manylinux_2_17_x86_64.manylinux_2_28_x86_64.whl (153 kB)
[2025-12-31T08:24:56.917+0000] {process_utils.py:191} INFO - Using cached idna-3.11-py3-none-any.whl (71 kB)
[2025-12-31T08:24:56.937+0000] {process_utils.py:191} INFO - Using cached scipy-1.15.3-cp310-cp310-manylinux_2_17_x86_64.manylinux2014_x86_64.whl (37.7 MB)
[2025-12-31T08:24:57.332+0000] {process_utils.py:191} INFO - Using cached smmap-5.0.2-py3-none-any.whl (24 kB)
[2025-12-31T08:24:57.342+0000] {process_utils.py:191} INFO - Using cached sqlalchemy-2.0.45-cp310-cp310-manylinux2014_x86_64.manylinux_2_17_x86_64.manylinux_2_28_x86_64.whl (3.2 MB)
[2025-12-31T08:24:57.371+0000] {process_utils.py:191} INFO - Using cached sqlparse-0.5.5-py3-none-any.whl (46 kB)
[2025-12-31T08:24:57.379+0000] {process_utils.py:191} INFO - Using cached urllib3-2.6.2-py3-none-any.whl (131 kB)
[2025-12-31T08:24:57.389+0000] {process_utils.py:191} INFO - Using cached blinker-1.9.0-py3-none-any.whl (8.5 kB)
[2025-12-31T08:24:57.397+0000] {process_utils.py:191} INFO - Using cached certifi-2025.11.12-py3-none-any.whl (159 kB)
[2025-12-31T08:24:57.408+0000] {process_utils.py:191} INFO - Using cached contourpy-1.3.2-cp310-cp310-manylinux_2_17_x86_64.manylinux2014_x86_64.whl (325 kB)
[2025-12-31T08:24:57.417+0000] {process_utils.py:191} INFO - Using cached cycler-0.12.1-py3-none-any.whl (8.3 kB)
[2025-12-31T08:24:57.427+0000] {process_utils.py:191} INFO - Using cached fonttools-4.61.1-cp310-cp310-manylinux2014_x86_64.manylinux_2_17_x86_64.whl (4.9 MB)
[2025-12-31T08:24:57.470+0000] {process_utils.py:191} INFO - Using cached greenlet-3.3.0-cp310-cp310-manylinux_2_24_x86_64.manylinux_2_28_x86_64.whl (586 kB)
[2025-12-31T08:24:57.486+0000] {process_utils.py:191} INFO - Using cached itsdangerous-2.2.0-py3-none-any.whl (16 kB)
[2025-12-31T08:24:57.497+0000] {process_utils.py:191} INFO - Using cached joblib-1.5.3-py3-none-any.whl (309 kB)
[2025-12-31T08:24:57.510+0000] {process_utils.py:191} INFO - Using cached kiwisolver-1.4.9-cp310-cp310-manylinux_2_12_x86_64.manylinux2010_x86_64.whl (1.6 MB)
[2025-12-31T08:24:57.530+0000] {process_utils.py:191} INFO - Using cached markupsafe-3.0.3-cp310-cp310-manylinux2014_x86_64.manylinux_2_17_x86_64.manylinux_2_28_x86_64.whl (20 kB)
[2025-12-31T08:24:57.538+0000] {process_utils.py:191} INFO - Using cached pillow-12.0.0-cp310-cp310-manylinux_2_27_x86_64.manylinux_2_28_x86_64.whl (7.0 MB)
[2025-12-31T08:24:57.591+0000] {process_utils.py:191} INFO - Using cached pyparsing-3.3.1-py3-none-any.whl (121 kB)
[2025-12-31T08:24:57.602+0000] {process_utils.py:191} INFO - Using cached python_dateutil-2.9.0.post0-py2.py3-none-any.whl (229 kB)
[2025-12-31T08:24:57.614+0000] {process_utils.py:191} INFO - Using cached six-1.17.0-py2.py3-none-any.whl (11 kB)
[2025-12-31T08:24:57.624+0000] {process_utils.py:191} INFO - Using cached threadpoolctl-3.6.0-py3-none-any.whl (18 kB)
[2025-12-31T08:24:57.634+0000] {process_utils.py:191} INFO - Using cached typing_extensions-4.15.0-py3-none-any.whl (44 kB)
[2025-12-31T08:24:57.645+0000] {process_utils.py:191} INFO - Using cached tzdata-2025.3-py2.py3-none-any.whl (348 kB)
[2025-12-31T08:24:57.657+0000] {process_utils.py:191} INFO - Using cached werkzeug-3.1.4-py3-none-any.whl (224 kB)
[2025-12-31T08:24:57.668+0000] {process_utils.py:191} INFO - Using cached zipp-3.23.0-py3-none-any.whl (10 kB)
[2025-12-31T08:24:57.677+0000] {process_utils.py:191} INFO - Using cached mako-1.3.10-py3-none-any.whl (78 kB)
[2025-12-31T08:24:57.687+0000] {process_utils.py:191} INFO - Using cached tomli-2.3.0-py3-none-any.whl (14 kB)
[2025-12-31T08:24:59.053+0000] {process_utils.py:191} INFO - Installing collected packages: pytz, zipp, urllib3, tzdata, typing-extensions, tomli, threadpoolctl, sqlparse, smmap, six, pyyaml, pyparsing, protobuf, pillow, packaging, numpy, markupsafe, markdown, kiwisolver, joblib, itsdangerous, idna, greenlet, fonttools, entrypoints, cycler, cloudpickle, click, charset_normalizer, certifi, blinker, werkzeug, sqlalchemy, scipy, requests, querystring-parser, python-dateutil, pyarrow, Mako, Jinja2, importlib-metadata, gunicorn, gitdb, contourpy, scikit-learn, pandas, matplotlib, gitpython, Flask, docker, alembic, mlflow
[2025-12-31T08:25:41.523+0000] {process_utils.py:191} INFO - 
[2025-12-31T08:25:41.557+0000] {process_utils.py:191} INFO - Successfully installed Flask-3.1.2 Jinja2-3.1.6 Mako-1.3.10 alembic-1.17.2 blinker-1.9.0 certifi-2025.11.12 charset_normalizer-3.4.4 click-8.3.1 cloudpickle-3.1.2 contourpy-1.3.2 cycler-0.12.1 docker-7.1.0 entrypoints-0.4 fonttools-4.61.1 gitdb-4.0.12 gitpython-3.1.45 greenlet-3.3.0 gunicorn-21.2.0 idna-3.11 importlib-metadata-7.2.1 itsdangerous-2.2.0 joblib-1.5.3 kiwisolver-1.4.9 markdown-3.10 markupsafe-3.0.3 matplotlib-3.10.8 mlflow-2.10.2 numpy-1.26.4 packaging-23.2 pandas-2.3.3 pillow-12.0.0 protobuf-4.25.8 pyarrow-15.0.2 pyparsing-3.3.1 python-dateutil-2.9.0.post0 pytz-2023.4 pyyaml-6.0.3 querystring-parser-1.2.4 requests-2.32.5 scikit-learn-1.7.2 scipy-1.15.3 six-1.17.0 smmap-5.0.2 sqlalchemy-2.0.45 sqlparse-0.5.5 threadpoolctl-3.6.0 tomli-2.3.0 typing-extensions-4.15.0 tzdata-2025.3 urllib3-2.6.2 werkzeug-3.1.4 zipp-3.23.0
[2025-12-31T08:25:43.626+0000] {process_utils.py:183} INFO - Executing cmd: /tmp/venvpeb9d2n7/bin/python /tmp/venv-call5zfn1f21/script.py /tmp/venv-call5zfn1f21/script.in /tmp/venv-call5zfn1f21/script.out /tmp/venv-call5zfn1f21/string_args.txt /tmp/venv-call5zfn1f21/termination.log
[2025-12-31T08:25:43.631+0000] {process_utils.py:187} INFO - Output:
[2025-12-31T08:25:43.988+0000] {process_utils.py:191} INFO - Traceback (most recent call last):
[2025-12-31T08:25:43.991+0000] {process_utils.py:191} INFO -   File "/tmp/venv-call5zfn1f21/script.py", line 50, in <module>
[2025-12-31T08:25:43.994+0000] {process_utils.py:191} INFO -     res = train_wrapper(*arg_dict["args"], **arg_dict["kwargs"])
[2025-12-31T08:25:43.997+0000] {process_utils.py:191} INFO -   File "/tmp/venv-call5zfn1f21/script.py", line 22, in train_wrapper
[2025-12-31T08:25:44.001+0000] {process_utils.py:191} INFO -     from model_sample_train import train
[2025-12-31T08:25:44.003+0000] {process_utils.py:191} INFO - ModuleNotFoundError: No module named 'model_sample_train'
[2025-12-31T08:25:45.401+0000] {taskinstance.py:441} INFO - ::group::Post task execution logs
[2025-12-31T08:25:45.432+0000] {taskinstance.py:2905} ERROR - Task failed with exception
Traceback (most recent call last):
  File "/home/airflow/.local/lib/python3.10/site-packages/airflow/models/taskinstance.py", line 465, in _execute_task
    result = _execute_callable(context=context, **execute_callable_kwargs)
  File "/home/airflow/.local/lib/python3.10/site-packages/airflow/models/taskinstance.py", line 432, in _execute_callable
    return execute_callable(context=context, **execute_callable_kwargs)
  File "/home/airflow/.local/lib/python3.10/site-packages/airflow/models/baseoperator.py", line 401, in wrapper
    return func(self, *args, **kwargs)
  File "/home/airflow/.local/lib/python3.10/site-packages/airflow/operators/python.py", line 437, in execute
    return super().execute(context=serializable_context)
  File "/home/airflow/.local/lib/python3.10/site-packages/airflow/models/baseoperator.py", line 401, in wrapper
    return func(self, *args, **kwargs)
  File "/home/airflow/.local/lib/python3.10/site-packages/airflow/operators/python.py", line 235, in execute
    return_value = self.execute_callable()
  File "/home/airflow/.local/lib/python3.10/site-packages/airflow/operators/python.py", line 759, in execute_callable
    result = self._execute_python_callable_in_subprocess(python_path)
  File "/home/airflow/.local/lib/python3.10/site-packages/airflow/operators/python.py", line 514, in _execute_python_callable_in_subprocess
    raise AirflowException(error_msg) from None
airflow.exceptions.AirflowException: Process returned non-zero exit status 1.
No module named 'model_sample_train'
[2025-12-31T08:25:45.444+0000] {taskinstance.py:1206} INFO - Marking task as FAILED. dag_id=train_model_sample, task_id=train_model, run_id=manual__2025-12-31T08:24:28.054825+00:00, execution_date=20251231T082428, start_date=20251231T082429, end_date=20251231T082545
[2025-12-31T08:25:45.490+0000] {standard_task_runner.py:110} ERROR - Failed to execute job 6 for task train_model (Process returned non-zero exit status 1.
No module named 'model_sample_train'; 189)
[2025-12-31T08:25:45.537+0000] {local_task_job_runner.py:243} INFO - Task exited with return code 1
[2025-12-31T08:25:45.590+0000] {taskinstance.py:3503} INFO - 0 downstream tasks scheduled from follow-on schedule check
[2025-12-31T08:25:45.598+0000] {local_task_job_runner.py:222} INFO - ::endgroup::
