[2026-01-01T19:28:57.543+0000] {local_task_job_runner.py:120} INFO - ::group::Pre task execution logs
[2026-01-01T19:28:57.721+0000] {taskinstance.py:2076} INFO - Dependencies all met for dep_context=non-requeueable deps ti=<TaskInstance: train_model_sample.train_model manual__2026-01-01T19:28:55.914538+00:00 [queued]>
[2026-01-01T19:28:57.759+0000] {taskinstance.py:2076} INFO - Dependencies all met for dep_context=requeueable deps ti=<TaskInstance: train_model_sample.train_model manual__2026-01-01T19:28:55.914538+00:00 [queued]>
[2026-01-01T19:28:57.762+0000] {taskinstance.py:2306} INFO - Starting attempt 1 of 1
[2026-01-01T19:28:57.831+0000] {taskinstance.py:2330} INFO - Executing <Task(PythonVirtualenvOperator): train_model> on 2026-01-01 19:28:55.914538+00:00
[2026-01-01T19:28:57.844+0000] {standard_task_runner.py:64} INFO - Started process 189 to run task
[2026-01-01T19:28:57.855+0000] {standard_task_runner.py:90} INFO - Running: ['***', 'tasks', 'run', 'train_model_sample', 'train_model', 'manual__2026-01-01T19:28:55.914538+00:00', '--job-id', '2', '--raw', '--subdir', 'DAGS_FOLDER/model_sample_dags.py', '--cfg-path', '/tmp/tmpsf_c8dnf']
[2026-01-01T19:28:57.863+0000] {standard_task_runner.py:91} INFO - Job 2: Subtask train_model
[2026-01-01T19:28:58.059+0000] {task_command.py:426} INFO - Running <TaskInstance: train_model_sample.train_model manual__2026-01-01T19:28:55.914538+00:00 [running]> on host 1cb670125edd
[2026-01-01T19:28:58.372+0000] {taskinstance.py:2648} INFO - Exporting env vars: AIRFLOW_CTX_DAG_OWNER='***' AIRFLOW_CTX_DAG_ID='train_model_sample' AIRFLOW_CTX_TASK_ID='train_model' AIRFLOW_CTX_EXECUTION_DATE='2026-01-01T19:28:55.914538+00:00' AIRFLOW_CTX_TRY_NUMBER='1' AIRFLOW_CTX_DAG_RUN_ID='manual__2026-01-01T19:28:55.914538+00:00'
[2026-01-01T19:28:58.378+0000] {taskinstance.py:430} INFO - ::endgroup::
[2026-01-01T19:28:58.498+0000] {baseoperator.py:400} WARNING - PythonVirtualenvOperator.execute cannot be called outside TaskInstance!
[2026-01-01T19:28:58.504+0000] {process_utils.py:183} INFO - Executing cmd: /home/***/.local/bin/python -m virtualenv /tmp/venv_chbxpbe --python=python
[2026-01-01T19:28:58.507+0000] {process_utils.py:187} INFO - Output:
[2026-01-01T19:29:08.269+0000] {process_utils.py:191} INFO - created virtual environment CPython3.10.14.final.0-64 in 5615ms
[2026-01-01T19:29:08.278+0000] {process_utils.py:191} INFO -   creator CPython3Posix(dest=/tmp/venv_chbxpbe, clear=False, no_vcs_ignore=False, global=False)
[2026-01-01T19:29:08.281+0000] {process_utils.py:191} INFO -   seeder FromAppData(download=False, pip=bundle, setuptools=bundle, wheel=bundle, via=copy, app_data_dir=/home/***/.local/share/virtualenv)
[2026-01-01T19:29:08.284+0000] {process_utils.py:191} INFO -     added seed packages: pip==24.1, setuptools==70.1.0, wheel==0.43.0
[2026-01-01T19:29:08.285+0000] {process_utils.py:191} INFO -   activators BashActivator,CShellActivator,FishActivator,NushellActivator,PowerShellActivator,PythonActivator
[2026-01-01T19:29:08.545+0000] {process_utils.py:183} INFO - Executing cmd: /tmp/venv_chbxpbe/bin/pip install -r /tmp/venv_chbxpbe/requirements.txt
[2026-01-01T19:29:08.548+0000] {process_utils.py:187} INFO - Output:
[2026-01-01T19:29:15.982+0000] {process_utils.py:191} INFO - Collecting mlflow==2.10.2 (from -r /tmp/venv_chbxpbe/requirements.txt (line 1))
[2026-01-01T19:29:16.111+0000] {process_utils.py:191} INFO -   Downloading mlflow-2.10.2-py3-none-any.whl.metadata (13 kB)
[2026-01-01T19:29:17.166+0000] {process_utils.py:191} INFO - Collecting pandas (from -r /tmp/venv_chbxpbe/requirements.txt (line 2))
[2026-01-01T19:29:17.194+0000] {process_utils.py:191} INFO -   Downloading pandas-2.3.3-cp310-cp310-manylinux_2_24_x86_64.manylinux_2_28_x86_64.whl.metadata (91 kB)
[2026-01-01T19:29:17.251+0000] {process_utils.py:191} INFO -      ━━━━━━━━━━━━━━━━━━━━━━━━━━━━━━━━━━━━━━━━ 91.2/91.2 kB 1.8 MB/s eta 0:00:00
[2026-01-01T19:29:17.951+0000] {process_utils.py:191} INFO - Collecting scikit-learn (from -r /tmp/venv_chbxpbe/requirements.txt (line 3))
[2026-01-01T19:29:17.985+0000] {process_utils.py:191} INFO -   Downloading scikit_learn-1.7.2-cp310-cp310-manylinux2014_x86_64.manylinux_2_17_x86_64.whl.metadata (11 kB)
[2026-01-01T19:29:18.213+0000] {process_utils.py:191} INFO - Collecting click<9,>=7.0 (from mlflow==2.10.2->-r /tmp/venv_chbxpbe/requirements.txt (line 1))
[2026-01-01T19:29:18.237+0000] {process_utils.py:191} INFO -   Downloading click-8.3.1-py3-none-any.whl.metadata (2.6 kB)
[2026-01-01T19:29:18.376+0000] {process_utils.py:191} INFO - Collecting cloudpickle<4 (from mlflow==2.10.2->-r /tmp/venv_chbxpbe/requirements.txt (line 1))
[2026-01-01T19:29:18.413+0000] {process_utils.py:191} INFO -   Downloading cloudpickle-3.1.2-py3-none-any.whl.metadata (7.1 kB)
[2026-01-01T19:29:18.529+0000] {process_utils.py:191} INFO - Collecting entrypoints<1 (from mlflow==2.10.2->-r /tmp/venv_chbxpbe/requirements.txt (line 1))
[2026-01-01T19:29:18.559+0000] {process_utils.py:191} INFO -   Downloading entrypoints-0.4-py3-none-any.whl.metadata (2.6 kB)
[2026-01-01T19:29:18.895+0000] {process_utils.py:191} INFO - Collecting gitpython<4,>=2.1.0 (from mlflow==2.10.2->-r /tmp/venv_chbxpbe/requirements.txt (line 1))
[2026-01-01T19:29:18.931+0000] {process_utils.py:191} INFO -   Downloading gitpython-3.1.46-py3-none-any.whl.metadata (13 kB)
[2026-01-01T19:29:19.239+0000] {process_utils.py:191} INFO - Collecting pyyaml<7,>=5.1 (from mlflow==2.10.2->-r /tmp/venv_chbxpbe/requirements.txt (line 1))
[2026-01-01T19:29:19.267+0000] {process_utils.py:191} INFO -   Downloading pyyaml-6.0.3-cp310-cp310-manylinux2014_x86_64.manylinux_2_17_x86_64.manylinux_2_28_x86_64.whl.metadata (2.4 kB)
[2026-01-01T19:29:21.035+0000] {process_utils.py:191} INFO - Collecting protobuf<5,>=3.12.0 (from mlflow==2.10.2->-r /tmp/venv_chbxpbe/requirements.txt (line 1))
[2026-01-01T19:29:21.060+0000] {process_utils.py:191} INFO -   Downloading protobuf-4.25.8-cp37-abi3-manylinux2014_x86_64.whl.metadata (541 bytes)
[2026-01-01T19:29:21.356+0000] {process_utils.py:191} INFO - Collecting pytz<2024 (from mlflow==2.10.2->-r /tmp/venv_chbxpbe/requirements.txt (line 1))
[2026-01-01T19:29:21.388+0000] {process_utils.py:191} INFO -   Downloading pytz-2023.4-py2.py3-none-any.whl.metadata (22 kB)
[2026-01-01T19:29:21.780+0000] {process_utils.py:191} INFO - Collecting requests<3,>=2.17.3 (from mlflow==2.10.2->-r /tmp/venv_chbxpbe/requirements.txt (line 1))
[2026-01-01T19:29:21.805+0000] {process_utils.py:191} INFO -   Downloading requests-2.32.5-py3-none-any.whl.metadata (4.9 kB)
[2026-01-01T19:29:22.005+0000] {process_utils.py:191} INFO - Collecting packaging<24 (from mlflow==2.10.2->-r /tmp/venv_chbxpbe/requirements.txt (line 1))
[2026-01-01T19:29:22.036+0000] {process_utils.py:191} INFO -   Downloading packaging-23.2-py3-none-any.whl.metadata (3.2 kB)
[2026-01-01T19:29:22.586+0000] {process_utils.py:191} INFO - Collecting importlib-metadata!=4.7.0,<8,>=3.7.0 (from mlflow==2.10.2->-r /tmp/venv_chbxpbe/requirements.txt (line 1))
[2026-01-01T19:29:22.626+0000] {process_utils.py:191} INFO -   Downloading importlib_metadata-7.2.1-py3-none-any.whl.metadata (4.6 kB)
[2026-01-01T19:29:22.848+0000] {process_utils.py:191} INFO - Collecting sqlparse<1,>=0.4.0 (from mlflow==2.10.2->-r /tmp/venv_chbxpbe/requirements.txt (line 1))
[2026-01-01T19:29:22.876+0000] {process_utils.py:191} INFO -   Downloading sqlparse-0.5.5-py3-none-any.whl.metadata (4.7 kB)
[2026-01-01T19:29:23.189+0000] {process_utils.py:191} INFO - Collecting alembic!=1.10.0,<2 (from mlflow==2.10.2->-r /tmp/venv_chbxpbe/requirements.txt (line 1))
[2026-01-01T19:29:23.217+0000] {process_utils.py:191} INFO -   Downloading alembic-1.17.2-py3-none-any.whl.metadata (7.2 kB)
[2026-01-01T19:29:23.403+0000] {process_utils.py:191} INFO - Collecting docker<8,>=4.0.0 (from mlflow==2.10.2->-r /tmp/venv_chbxpbe/requirements.txt (line 1))
[2026-01-01T19:29:23.428+0000] {process_utils.py:191} INFO -   Downloading docker-7.1.0-py3-none-any.whl.metadata (3.8 kB)
[2026-01-01T19:29:23.617+0000] {process_utils.py:191} INFO - Collecting Flask<4 (from mlflow==2.10.2->-r /tmp/venv_chbxpbe/requirements.txt (line 1))
[2026-01-01T19:29:23.643+0000] {process_utils.py:191} INFO -   Downloading flask-3.1.2-py3-none-any.whl.metadata (3.2 kB)
[2026-01-01T19:29:24.776+0000] {process_utils.py:191} INFO - Collecting numpy<2 (from mlflow==2.10.2->-r /tmp/venv_chbxpbe/requirements.txt (line 1))
[2026-01-01T19:29:24.806+0000] {process_utils.py:191} INFO -   Downloading numpy-1.26.4-cp310-cp310-manylinux_2_17_x86_64.manylinux2014_x86_64.whl.metadata (61 kB)
[2026-01-01T19:29:24.837+0000] {process_utils.py:191} INFO -      ━━━━━━━━━━━━━━━━━━━━━━━━━━━━━━━━━━━━━━━━ 61.0/61.0 kB 2.2 MB/s eta 0:00:00
[2026-01-01T19:29:25.525+0000] {process_utils.py:191} INFO - Collecting scipy<2 (from mlflow==2.10.2->-r /tmp/venv_chbxpbe/requirements.txt (line 1))
[2026-01-01T19:29:25.551+0000] {process_utils.py:191} INFO -   Downloading scipy-1.15.3-cp310-cp310-manylinux_2_17_x86_64.manylinux2014_x86_64.whl.metadata (61 kB)
[2026-01-01T19:29:25.584+0000] {process_utils.py:191} INFO -      ━━━━━━━━━━━━━━━━━━━━━━━━━━━━━━━━━━━━━━━━ 62.0/62.0 kB 2.1 MB/s eta 0:00:00
[2026-01-01T19:29:25.693+0000] {process_utils.py:191} INFO - Collecting querystring-parser<2 (from mlflow==2.10.2->-r /tmp/venv_chbxpbe/requirements.txt (line 1))
[2026-01-01T19:29:25.719+0000] {process_utils.py:191} INFO -   Downloading querystring_parser-1.2.4-py2.py3-none-any.whl.metadata (559 bytes)
[2026-01-01T19:29:27.274+0000] {process_utils.py:191} INFO - Collecting sqlalchemy<3,>=1.4.0 (from mlflow==2.10.2->-r /tmp/venv_chbxpbe/requirements.txt (line 1))
[2026-01-01T19:29:27.328+0000] {process_utils.py:191} INFO -   Downloading sqlalchemy-2.0.45-cp310-cp310-manylinux2014_x86_64.manylinux_2_17_x86_64.manylinux_2_28_x86_64.whl.metadata (9.5 kB)
[2026-01-01T19:29:27.850+0000] {process_utils.py:191} INFO - Collecting pyarrow<16,>=4.0.0 (from mlflow==2.10.2->-r /tmp/venv_chbxpbe/requirements.txt (line 1))
[2026-01-01T19:29:27.880+0000] {process_utils.py:191} INFO -   Downloading pyarrow-15.0.2-cp310-cp310-manylinux_2_28_x86_64.whl.metadata (3.0 kB)
[2026-01-01T19:29:28.025+0000] {process_utils.py:191} INFO - Collecting markdown<4,>=3.3 (from mlflow==2.10.2->-r /tmp/venv_chbxpbe/requirements.txt (line 1))
[2026-01-01T19:29:28.057+0000] {process_utils.py:191} INFO -   Downloading markdown-3.10-py3-none-any.whl.metadata (5.1 kB)
[2026-01-01T19:29:28.799+0000] {process_utils.py:191} INFO - Collecting matplotlib<4 (from mlflow==2.10.2->-r /tmp/venv_chbxpbe/requirements.txt (line 1))
[2026-01-01T19:29:28.836+0000] {process_utils.py:191} INFO -   Downloading matplotlib-3.10.8-cp310-cp310-manylinux2014_x86_64.manylinux_2_17_x86_64.whl.metadata (52 kB)
[2026-01-01T19:29:28.865+0000] {process_utils.py:191} INFO -      ━━━━━━━━━━━━━━━━━━━━━━━━━━━━━━━━━━━━━━━━ 52.8/52.8 kB 2.1 MB/s eta 0:00:00
[2026-01-01T19:29:29.003+0000] {process_utils.py:191} INFO - Collecting gunicorn<22 (from mlflow==2.10.2->-r /tmp/venv_chbxpbe/requirements.txt (line 1))
[2026-01-01T19:29:29.045+0000] {process_utils.py:191} INFO -   Downloading gunicorn-21.2.0-py3-none-any.whl.metadata (4.1 kB)
[2026-01-01T19:29:29.181+0000] {process_utils.py:191} INFO - Collecting Jinja2<4,>=2.11 (from mlflow==2.10.2->-r /tmp/venv_chbxpbe/requirements.txt (line 1))
[2026-01-01T19:29:29.204+0000] {process_utils.py:191} INFO -   Downloading jinja2-3.1.6-py3-none-any.whl.metadata (2.9 kB)
[2026-01-01T19:29:29.358+0000] {process_utils.py:191} INFO - Collecting python-dateutil>=2.8.2 (from pandas->-r /tmp/venv_chbxpbe/requirements.txt (line 2))
[2026-01-01T19:29:29.387+0000] {process_utils.py:191} INFO -   Downloading python_dateutil-2.9.0.post0-py2.py3-none-any.whl.metadata (8.4 kB)
[2026-01-01T19:29:29.522+0000] {process_utils.py:191} INFO - Collecting tzdata>=2022.7 (from pandas->-r /tmp/venv_chbxpbe/requirements.txt (line 2))
[2026-01-01T19:29:29.545+0000] {process_utils.py:191} INFO -   Downloading tzdata-2025.3-py2.py3-none-any.whl.metadata (1.4 kB)
[2026-01-01T19:29:29.742+0000] {process_utils.py:191} INFO - Collecting joblib>=1.2.0 (from scikit-learn->-r /tmp/venv_chbxpbe/requirements.txt (line 3))
[2026-01-01T19:29:29.765+0000] {process_utils.py:191} INFO -   Downloading joblib-1.5.3-py3-none-any.whl.metadata (5.5 kB)
[2026-01-01T19:29:29.865+0000] {process_utils.py:191} INFO - Collecting threadpoolctl>=3.1.0 (from scikit-learn->-r /tmp/venv_chbxpbe/requirements.txt (line 3))
[2026-01-01T19:29:29.886+0000] {process_utils.py:191} INFO -   Downloading threadpoolctl-3.6.0-py3-none-any.whl.metadata (13 kB)
[2026-01-01T19:29:30.036+0000] {process_utils.py:191} INFO - Collecting Mako (from alembic!=1.10.0,<2->mlflow==2.10.2->-r /tmp/venv_chbxpbe/requirements.txt (line 1))
[2026-01-01T19:29:30.067+0000] {process_utils.py:191} INFO -   Downloading mako-1.3.10-py3-none-any.whl.metadata (2.9 kB)
[2026-01-01T19:29:30.201+0000] {process_utils.py:191} INFO - Collecting typing-extensions>=4.12 (from alembic!=1.10.0,<2->mlflow==2.10.2->-r /tmp/venv_chbxpbe/requirements.txt (line 1))
[2026-01-01T19:29:30.223+0000] {process_utils.py:191} INFO -   Downloading typing_extensions-4.15.0-py3-none-any.whl.metadata (3.3 kB)
[2026-01-01T19:29:30.343+0000] {process_utils.py:191} INFO - Collecting tomli (from alembic!=1.10.0,<2->mlflow==2.10.2->-r /tmp/venv_chbxpbe/requirements.txt (line 1))
[2026-01-01T19:29:30.369+0000] {process_utils.py:191} INFO -   Downloading tomli-2.3.0-py3-none-any.whl.metadata (10 kB)
[2026-01-01T19:29:30.692+0000] {process_utils.py:191} INFO - Collecting urllib3>=1.26.0 (from docker<8,>=4.0.0->mlflow==2.10.2->-r /tmp/venv_chbxpbe/requirements.txt (line 1))
[2026-01-01T19:29:30.720+0000] {process_utils.py:191} INFO -   Downloading urllib3-2.6.2-py3-none-any.whl.metadata (6.6 kB)
[2026-01-01T19:29:30.932+0000] {process_utils.py:191} INFO - Collecting blinker>=1.9.0 (from Flask<4->mlflow==2.10.2->-r /tmp/venv_chbxpbe/requirements.txt (line 1))
[2026-01-01T19:29:30.969+0000] {process_utils.py:191} INFO -   Downloading blinker-1.9.0-py3-none-any.whl.metadata (1.6 kB)
[2026-01-01T19:29:31.121+0000] {process_utils.py:191} INFO - Collecting itsdangerous>=2.2.0 (from Flask<4->mlflow==2.10.2->-r /tmp/venv_chbxpbe/requirements.txt (line 1))
[2026-01-01T19:29:31.143+0000] {process_utils.py:191} INFO -   Downloading itsdangerous-2.2.0-py3-none-any.whl.metadata (1.9 kB)
[2026-01-01T19:29:31.650+0000] {process_utils.py:191} INFO - Collecting markupsafe>=2.1.1 (from Flask<4->mlflow==2.10.2->-r /tmp/venv_chbxpbe/requirements.txt (line 1))
[2026-01-01T19:29:31.675+0000] {process_utils.py:191} INFO -   Downloading markupsafe-3.0.3-cp310-cp310-manylinux2014_x86_64.manylinux_2_17_x86_64.manylinux_2_28_x86_64.whl.metadata (2.7 kB)
[2026-01-01T19:29:31.850+0000] {process_utils.py:191} INFO - Collecting werkzeug>=3.1.0 (from Flask<4->mlflow==2.10.2->-r /tmp/venv_chbxpbe/requirements.txt (line 1))
[2026-01-01T19:29:31.874+0000] {process_utils.py:191} INFO -   Downloading werkzeug-3.1.4-py3-none-any.whl.metadata (4.0 kB)
[2026-01-01T19:29:31.981+0000] {process_utils.py:191} INFO - Collecting gitdb<5,>=4.0.1 (from gitpython<4,>=2.1.0->mlflow==2.10.2->-r /tmp/venv_chbxpbe/requirements.txt (line 1))
[2026-01-01T19:29:32.009+0000] {process_utils.py:191} INFO -   Downloading gitdb-4.0.12-py3-none-any.whl.metadata (1.2 kB)
[2026-01-01T19:29:32.173+0000] {process_utils.py:191} INFO - Collecting zipp>=0.5 (from importlib-metadata!=4.7.0,<8,>=3.7.0->mlflow==2.10.2->-r /tmp/venv_chbxpbe/requirements.txt (line 1))
[2026-01-01T19:29:32.195+0000] {process_utils.py:191} INFO -   Downloading zipp-3.23.0-py3-none-any.whl.metadata (3.6 kB)
[2026-01-01T19:29:32.564+0000] {process_utils.py:191} INFO - Collecting contourpy>=1.0.1 (from matplotlib<4->mlflow==2.10.2->-r /tmp/venv_chbxpbe/requirements.txt (line 1))
[2026-01-01T19:29:32.590+0000] {process_utils.py:191} INFO -   Downloading contourpy-1.3.2-cp310-cp310-manylinux_2_17_x86_64.manylinux2014_x86_64.whl.metadata (5.5 kB)
[2026-01-01T19:29:32.685+0000] {process_utils.py:191} INFO - Collecting cycler>=0.10 (from matplotlib<4->mlflow==2.10.2->-r /tmp/venv_chbxpbe/requirements.txt (line 1))
[2026-01-01T19:29:32.711+0000] {process_utils.py:191} INFO -   Downloading cycler-0.12.1-py3-none-any.whl.metadata (3.8 kB)
[2026-01-01T19:29:33.519+0000] {process_utils.py:191} INFO - Collecting fonttools>=4.22.0 (from matplotlib<4->mlflow==2.10.2->-r /tmp/venv_chbxpbe/requirements.txt (line 1))
[2026-01-01T19:29:33.548+0000] {process_utils.py:191} INFO -   Downloading fonttools-4.61.1-cp310-cp310-manylinux2014_x86_64.manylinux_2_17_x86_64.whl.metadata (114 kB)
[2026-01-01T19:29:33.588+0000] {process_utils.py:191} INFO -      ━━━━━━━━━━━━━━━━━━━━━━━━━━━━━━━━━━━━━━━ 114.2/114.2 kB 3.4 MB/s eta 0:00:00
[2026-01-01T19:29:33.975+0000] {process_utils.py:191} INFO - Collecting kiwisolver>=1.3.1 (from matplotlib<4->mlflow==2.10.2->-r /tmp/venv_chbxpbe/requirements.txt (line 1))
[2026-01-01T19:29:34.003+0000] {process_utils.py:191} INFO -   Downloading kiwisolver-1.4.9-cp310-cp310-manylinux_2_12_x86_64.manylinux2010_x86_64.whl.metadata (6.3 kB)
[2026-01-01T19:29:35.164+0000] {process_utils.py:191} INFO - Collecting pillow>=8 (from matplotlib<4->mlflow==2.10.2->-r /tmp/venv_chbxpbe/requirements.txt (line 1))
[2026-01-01T19:29:35.191+0000] {process_utils.py:191} INFO -   Downloading pillow-12.0.0-cp310-cp310-manylinux_2_27_x86_64.manylinux_2_28_x86_64.whl.metadata (8.8 kB)
[2026-01-01T19:29:35.398+0000] {process_utils.py:191} INFO - Collecting pyparsing>=3 (from matplotlib<4->mlflow==2.10.2->-r /tmp/venv_chbxpbe/requirements.txt (line 1))
[2026-01-01T19:29:35.427+0000] {process_utils.py:191} INFO -   Downloading pyparsing-3.3.1-py3-none-any.whl.metadata (5.6 kB)
[2026-01-01T19:29:35.594+0000] {process_utils.py:191} INFO - Collecting six>=1.5 (from python-dateutil>=2.8.2->pandas->-r /tmp/venv_chbxpbe/requirements.txt (line 2))
[2026-01-01T19:29:35.617+0000] {process_utils.py:191} INFO -   Downloading six-1.17.0-py2.py3-none-any.whl.metadata (1.7 kB)
[2026-01-01T19:29:36.068+0000] {process_utils.py:191} INFO - Collecting charset_normalizer<4,>=2 (from requests<3,>=2.17.3->mlflow==2.10.2->-r /tmp/venv_chbxpbe/requirements.txt (line 1))
[2026-01-01T19:29:36.102+0000] {process_utils.py:191} INFO -   Downloading charset_normalizer-3.4.4-cp310-cp310-manylinux2014_x86_64.manylinux_2_17_x86_64.manylinux_2_28_x86_64.whl.metadata (37 kB)
[2026-01-01T19:29:36.205+0000] {process_utils.py:191} INFO - Collecting idna<4,>=2.5 (from requests<3,>=2.17.3->mlflow==2.10.2->-r /tmp/venv_chbxpbe/requirements.txt (line 1))
[2026-01-01T19:29:36.230+0000] {process_utils.py:191} INFO -   Downloading idna-3.11-py3-none-any.whl.metadata (8.4 kB)
[2026-01-01T19:29:36.392+0000] {process_utils.py:191} INFO - Collecting certifi>=2017.4.17 (from requests<3,>=2.17.3->mlflow==2.10.2->-r /tmp/venv_chbxpbe/requirements.txt (line 1))
[2026-01-01T19:29:36.418+0000] {process_utils.py:191} INFO -   Downloading certifi-2025.11.12-py3-none-any.whl.metadata (2.5 kB)
[2026-01-01T19:29:37.012+0000] {process_utils.py:191} INFO - Collecting greenlet>=1 (from sqlalchemy<3,>=1.4.0->mlflow==2.10.2->-r /tmp/venv_chbxpbe/requirements.txt (line 1))
[2026-01-01T19:29:37.042+0000] {process_utils.py:191} INFO -   Downloading greenlet-3.3.0-cp310-cp310-manylinux_2_24_x86_64.manylinux_2_28_x86_64.whl.metadata (4.1 kB)
[2026-01-01T19:29:37.230+0000] {process_utils.py:191} INFO - Collecting smmap<6,>=3.0.1 (from gitdb<5,>=4.0.1->gitpython<4,>=2.1.0->mlflow==2.10.2->-r /tmp/venv_chbxpbe/requirements.txt (line 1))
[2026-01-01T19:29:37.254+0000] {process_utils.py:191} INFO -   Downloading smmap-5.0.2-py3-none-any.whl.metadata (4.3 kB)
[2026-01-01T19:29:37.413+0000] {process_utils.py:191} INFO - Downloading mlflow-2.10.2-py3-none-any.whl (19.5 MB)
[2026-01-01T19:29:39.977+0000] {process_utils.py:191} INFO -    ━━━━━━━━━━━━━━━━━━━━━━━━━━━━━━━━━━━━━━━━ 19.5/19.5 MB 7.8 MB/s eta 0:00:00
[2026-01-01T19:29:40.003+0000] {process_utils.py:191} INFO - Downloading pandas-2.3.3-cp310-cp310-manylinux_2_24_x86_64.manylinux_2_28_x86_64.whl (12.8 MB)
[2026-01-01T19:29:41.907+0000] {process_utils.py:191} INFO -    ━━━━━━━━━━━━━━━━━━━━━━━━━━━━━━━━━━━━━━━━ 12.8/12.8 MB 6.7 MB/s eta 0:00:00
[2026-01-01T19:29:41.933+0000] {process_utils.py:191} INFO - Downloading scikit_learn-1.7.2-cp310-cp310-manylinux2014_x86_64.manylinux_2_17_x86_64.whl (9.7 MB)
[2026-01-01T19:29:43.742+0000] {process_utils.py:191} INFO -    ━━━━━━━━━━━━━━━━━━━━━━━━━━━━━━━━━━━━━━━━ 9.7/9.7 MB 5.4 MB/s eta 0:00:00
[2026-01-01T19:29:43.797+0000] {process_utils.py:191} INFO - Downloading alembic-1.17.2-py3-none-any.whl (248 kB)
[2026-01-01T19:29:43.877+0000] {process_utils.py:191} INFO -    ━━━━━━━━━━━━━━━━━━━━━━━━━━━━━━━━━━━━━━━━ 248.6/248.6 kB 3.4 MB/s eta 0:00:00
[2026-01-01T19:29:43.905+0000] {process_utils.py:191} INFO - Downloading click-8.3.1-py3-none-any.whl (108 kB)
[2026-01-01T19:29:43.936+0000] {process_utils.py:191} INFO -    ━━━━━━━━━━━━━━━━━━━━━━━━━━━━━━━━━━━━━━━━ 108.3/108.3 kB 4.3 MB/s eta 0:00:00
[2026-01-01T19:29:43.979+0000] {process_utils.py:191} INFO - Downloading cloudpickle-3.1.2-py3-none-any.whl (22 kB)
[2026-01-01T19:29:44.064+0000] {process_utils.py:191} INFO - Downloading docker-7.1.0-py3-none-any.whl (147 kB)
[2026-01-01T19:29:44.125+0000] {process_utils.py:191} INFO -    ━━━━━━━━━━━━━━━━━━━━━━━━━━━━━━━━━━━━━━━━ 147.8/147.8 kB 3.4 MB/s eta 0:00:00
[2026-01-01T19:29:44.147+0000] {process_utils.py:191} INFO - Downloading entrypoints-0.4-py3-none-any.whl (5.3 kB)
[2026-01-01T19:29:44.189+0000] {process_utils.py:191} INFO - Downloading flask-3.1.2-py3-none-any.whl (103 kB)
[2026-01-01T19:29:44.229+0000] {process_utils.py:191} INFO -    ━━━━━━━━━━━━━━━━━━━━━━━━━━━━━━━━━━━━━━━━ 103.3/103.3 kB 3.2 MB/s eta 0:00:00
[2026-01-01T19:29:44.258+0000] {process_utils.py:191} INFO - Downloading gitpython-3.1.46-py3-none-any.whl (208 kB)
[2026-01-01T19:29:44.315+0000] {process_utils.py:191} INFO -    ━━━━━━━━━━━━━━━━━━━━━━━━━━━━━━━━━━━━━━━━ 208.6/208.6 kB 4.2 MB/s eta 0:00:00
[2026-01-01T19:29:44.342+0000] {process_utils.py:191} INFO - Downloading gunicorn-21.2.0-py3-none-any.whl (80 kB)
[2026-01-01T19:29:44.374+0000] {process_utils.py:191} INFO -    ━━━━━━━━━━━━━━━━━━━━━━━━━━━━━━━━━━━━━━━━ 80.2/80.2 kB 3.2 MB/s eta 0:00:00
[2026-01-01T19:29:44.400+0000] {process_utils.py:191} INFO - Downloading importlib_metadata-7.2.1-py3-none-any.whl (25 kB)
[2026-01-01T19:29:44.451+0000] {process_utils.py:191} INFO - Downloading jinja2-3.1.6-py3-none-any.whl (134 kB)
[2026-01-01T19:29:44.493+0000] {process_utils.py:191} INFO -    ━━━━━━━━━━━━━━━━━━━━━━━━━━━━━━━━━━━━━━━━ 134.9/134.9 kB 3.6 MB/s eta 0:00:00
[2026-01-01T19:29:44.522+0000] {process_utils.py:191} INFO - Downloading joblib-1.5.3-py3-none-any.whl (309 kB)
[2026-01-01T19:29:44.585+0000] {process_utils.py:191} INFO -    ━━━━━━━━━━━━━━━━━━━━━━━━━━━━━━━━━━━━━━━━ 309.1/309.1 kB 5.5 MB/s eta 0:00:00
[2026-01-01T19:29:44.614+0000] {process_utils.py:191} INFO - Downloading markdown-3.10-py3-none-any.whl (107 kB)
[2026-01-01T19:29:44.653+0000] {process_utils.py:191} INFO -    ━━━━━━━━━━━━━━━━━━━━━━━━━━━━━━━━━━━━━━━━ 107.7/107.7 kB 3.4 MB/s eta 0:00:00
[2026-01-01T19:29:44.680+0000] {process_utils.py:191} INFO - Downloading matplotlib-3.10.8-cp310-cp310-manylinux2014_x86_64.manylinux_2_17_x86_64.whl (8.7 MB)
[2026-01-01T19:29:45.725+0000] {process_utils.py:191} INFO -    ━━━━━━━━━━━━━━━━━━━━━━━━━━━━━━━━━━━━━━━━ 8.7/8.7 MB 8.4 MB/s eta 0:00:00
[2026-01-01T19:29:45.752+0000] {process_utils.py:191} INFO - Downloading numpy-1.26.4-cp310-cp310-manylinux_2_17_x86_64.manylinux2014_x86_64.whl (18.2 MB)
[2026-01-01T19:29:48.012+0000] {process_utils.py:191} INFO -    ━━━━━━━━━━━━━━━━━━━━━━━━━━━━━━━━━━━━━━━━ 18.2/18.2 MB 7.3 MB/s eta 0:00:00
[2026-01-01T19:29:48.037+0000] {process_utils.py:191} INFO - Downloading packaging-23.2-py3-none-any.whl (53 kB)
[2026-01-01T19:29:48.066+0000] {process_utils.py:191} INFO -    ━━━━━━━━━━━━━━━━━━━━━━━━━━━━━━━━━━━━━━━━ 53.0/53.0 kB 2.1 MB/s eta 0:00:00
[2026-01-01T19:29:48.088+0000] {process_utils.py:191} INFO - Downloading protobuf-4.25.8-cp37-abi3-manylinux2014_x86_64.whl (294 kB)
[2026-01-01T19:29:48.149+0000] {process_utils.py:191} INFO -    ━━━━━━━━━━━━━━━━━━━━━━━━━━━━━━━━━━━━━━━━ 294.9/294.9 kB 5.4 MB/s eta 0:00:00
[2026-01-01T19:29:48.172+0000] {process_utils.py:191} INFO - Downloading pyarrow-15.0.2-cp310-cp310-manylinux_2_28_x86_64.whl (38.3 MB)
[2026-01-01T19:29:53.296+0000] {process_utils.py:191} INFO -    ━━━━━━━━━━━━━━━━━━━━━━━━━━━━━━━━━━━━━━━━ 38.3/38.3 MB 7.9 MB/s eta 0:00:00
[2026-01-01T19:29:53.320+0000] {process_utils.py:191} INFO - Downloading python_dateutil-2.9.0.post0-py2.py3-none-any.whl (229 kB)
[2026-01-01T19:29:53.377+0000] {process_utils.py:191} INFO -    ━━━━━━━━━━━━━━━━━━━━━━━━━━━━━━━━━━━━━━━━ 229.9/229.9 kB 4.7 MB/s eta 0:00:00
[2026-01-01T19:29:53.401+0000] {process_utils.py:191} INFO - Downloading pytz-2023.4-py2.py3-none-any.whl (506 kB)
[2026-01-01T19:29:53.486+0000] {process_utils.py:191} INFO -    ━━━━━━━━━━━━━━━━━━━━━━━━━━━━━━━━━━━━━━━━ 506.5/506.5 kB 6.9 MB/s eta 0:00:00
[2026-01-01T19:29:53.510+0000] {process_utils.py:191} INFO - Downloading pyyaml-6.0.3-cp310-cp310-manylinux2014_x86_64.manylinux_2_17_x86_64.manylinux_2_28_x86_64.whl (770 kB)
[2026-01-01T19:29:53.645+0000] {process_utils.py:191} INFO -    ━━━━━━━━━━━━━━━━━━━━━━━━━━━━━━━━━━━━━━━━ 770.3/770.3 kB 6.0 MB/s eta 0:00:00
[2026-01-01T19:29:53.673+0000] {process_utils.py:191} INFO - Downloading querystring_parser-1.2.4-py2.py3-none-any.whl (7.9 kB)
[2026-01-01T19:29:53.730+0000] {process_utils.py:191} INFO - Downloading requests-2.32.5-py3-none-any.whl (64 kB)
[2026-01-01T19:29:53.779+0000] {process_utils.py:191} INFO -    ━━━━━━━━━━━━━━━━━━━━━━━━━━━━━━━━━━━━━━━━ 64.7/64.7 kB 1.8 MB/s eta 0:00:00
[2026-01-01T19:29:53.828+0000] {process_utils.py:191} INFO - Downloading scipy-1.15.3-cp310-cp310-manylinux_2_17_x86_64.manylinux2014_x86_64.whl (37.7 MB)
[2026-01-01T19:29:58.243+0000] {process_utils.py:191} INFO -    ━━━━━━━━━━━━━━━━━━━━━━━━━━━━━━━━━━━━━━━━ 37.7/37.7 MB 7.2 MB/s eta 0:00:00
[2026-01-01T19:29:58.269+0000] {process_utils.py:191} INFO - Downloading sqlalchemy-2.0.45-cp310-cp310-manylinux2014_x86_64.manylinux_2_17_x86_64.manylinux_2_28_x86_64.whl (3.2 MB)
[2026-01-01T19:29:58.677+0000] {process_utils.py:191} INFO -    ━━━━━━━━━━━━━━━━━━━━━━━━━━━━━━━━━━━━━━━━ 3.2/3.2 MB 8.0 MB/s eta 0:00:00
[2026-01-01T19:29:58.709+0000] {process_utils.py:191} INFO - Downloading sqlparse-0.5.5-py3-none-any.whl (46 kB)
[2026-01-01T19:29:58.732+0000] {process_utils.py:191} INFO -    ━━━━━━━━━━━━━━━━━━━━━━━━━━━━━━━━━━━━━━━━ 46.1/46.1 kB 2.3 MB/s eta 0:00:00
[2026-01-01T19:29:58.755+0000] {process_utils.py:191} INFO - Downloading threadpoolctl-3.6.0-py3-none-any.whl (18 kB)
[2026-01-01T19:29:58.801+0000] {process_utils.py:191} INFO - Downloading tzdata-2025.3-py2.py3-none-any.whl (348 kB)
[2026-01-01T19:29:58.874+0000] {process_utils.py:191} INFO -    ━━━━━━━━━━━━━━━━━━━━━━━━━━━━━━━━━━━━━━━━ 348.5/348.5 kB 5.2 MB/s eta 0:00:00
[2026-01-01T19:29:58.899+0000] {process_utils.py:191} INFO - Downloading blinker-1.9.0-py3-none-any.whl (8.5 kB)
[2026-01-01T19:29:58.940+0000] {process_utils.py:191} INFO - Downloading certifi-2025.11.12-py3-none-any.whl (159 kB)
[2026-01-01T19:29:58.993+0000] {process_utils.py:191} INFO -    ━━━━━━━━━━━━━━━━━━━━━━━━━━━━━━━━━━━━━━━━ 159.4/159.4 kB 3.3 MB/s eta 0:00:00
[2026-01-01T19:29:59.019+0000] {process_utils.py:191} INFO - Downloading charset_normalizer-3.4.4-cp310-cp310-manylinux2014_x86_64.manylinux_2_17_x86_64.manylinux_2_28_x86_64.whl (153 kB)
[2026-01-01T19:29:59.064+0000] {process_utils.py:191} INFO -    ━━━━━━━━━━━━━━━━━━━━━━━━━━━━━━━━━━━━━━━━ 153.6/153.6 kB 4.0 MB/s eta 0:00:00
[2026-01-01T19:29:59.095+0000] {process_utils.py:191} INFO - Downloading contourpy-1.3.2-cp310-cp310-manylinux_2_17_x86_64.manylinux2014_x86_64.whl (325 kB)
[2026-01-01T19:29:59.173+0000] {process_utils.py:191} INFO -    ━━━━━━━━━━━━━━━━━━━━━━━━━━━━━━━━━━━━━━━━ 325.0/325.0 kB 4.6 MB/s eta 0:00:00
[2026-01-01T19:29:59.198+0000] {process_utils.py:191} INFO - Downloading cycler-0.12.1-py3-none-any.whl (8.3 kB)
[2026-01-01T19:29:59.252+0000] {process_utils.py:191} INFO - Downloading fonttools-4.61.1-cp310-cp310-manylinux2014_x86_64.manylinux_2_17_x86_64.whl (4.9 MB)
[2026-01-01T19:29:59.861+0000] {process_utils.py:191} INFO -    ━━━━━━━━━━━━━━━━━━━━━━━━━━━━━━━━━━━━━━━━ 4.9/4.9 MB 8.1 MB/s eta 0:00:00
[2026-01-01T19:29:59.885+0000] {process_utils.py:191} INFO - Downloading gitdb-4.0.12-py3-none-any.whl (62 kB)
[2026-01-01T19:29:59.912+0000] {process_utils.py:191} INFO -    ━━━━━━━━━━━━━━━━━━━━━━━━━━━━━━━━━━━━━━━━ 62.8/62.8 kB 2.8 MB/s eta 0:00:00
[2026-01-01T19:29:59.937+0000] {process_utils.py:191} INFO - Downloading greenlet-3.3.0-cp310-cp310-manylinux_2_24_x86_64.manylinux_2_28_x86_64.whl (586 kB)
[2026-01-01T19:30:00.042+0000] {process_utils.py:191} INFO -    ━━━━━━━━━━━━━━━━━━━━━━━━━━━━━━━━━━━━━━━━ 586.9/586.9 kB 6.0 MB/s eta 0:00:00
[2026-01-01T19:30:00.065+0000] {process_utils.py:191} INFO - Downloading idna-3.11-py3-none-any.whl (71 kB)
[2026-01-01T19:30:00.117+0000] {process_utils.py:191} INFO -    ━━━━━━━━━━━━━━━━━━━━━━━━━━━━━━━━━━━━━━━━ 71.0/71.0 kB 1.9 MB/s eta 0:00:00
[2026-01-01T19:30:00.151+0000] {process_utils.py:191} INFO - Downloading itsdangerous-2.2.0-py3-none-any.whl (16 kB)
[2026-01-01T19:30:00.243+0000] {process_utils.py:191} INFO - Downloading kiwisolver-1.4.9-cp310-cp310-manylinux_2_12_x86_64.manylinux2010_x86_64.whl (1.6 MB)
[2026-01-01T19:30:00.487+0000] {process_utils.py:191} INFO -    ━━━━━━━━━━━━━━━━━━━━━━━━━━━━━━━━━━━━━━━━ 1.6/1.6 MB 6.9 MB/s eta 0:00:00
[2026-01-01T19:30:00.512+0000] {process_utils.py:191} INFO - Downloading markupsafe-3.0.3-cp310-cp310-manylinux2014_x86_64.manylinux_2_17_x86_64.manylinux_2_28_x86_64.whl (20 kB)
[2026-01-01T19:30:00.564+0000] {process_utils.py:191} INFO - Downloading pillow-12.0.0-cp310-cp310-manylinux_2_27_x86_64.manylinux_2_28_x86_64.whl (7.0 MB)
[2026-01-01T19:30:01.596+0000] {process_utils.py:191} INFO -    ━━━━━━━━━━━━━━━━━━━━━━━━━━━━━━━━━━━━━━━━ 7.0/7.0 MB 6.9 MB/s eta 0:00:00
[2026-01-01T19:30:01.622+0000] {process_utils.py:191} INFO - Downloading pyparsing-3.3.1-py3-none-any.whl (121 kB)
[2026-01-01T19:30:01.653+0000] {process_utils.py:191} INFO -    ━━━━━━━━━━━━━━━━━━━━━━━━━━━━━━━━━━━━━━━━ 121.8/121.8 kB 4.8 MB/s eta 0:00:00
[2026-01-01T19:30:01.676+0000] {process_utils.py:191} INFO - Downloading six-1.17.0-py2.py3-none-any.whl (11 kB)
[2026-01-01T19:30:01.723+0000] {process_utils.py:191} INFO - Downloading typing_extensions-4.15.0-py3-none-any.whl (44 kB)
[2026-01-01T19:30:01.752+0000] {process_utils.py:191} INFO -    ━━━━━━━━━━━━━━━━━━━━━━━━━━━━━━━━━━━━━━━━ 44.6/44.6 kB 1.7 MB/s eta 0:00:00
[2026-01-01T19:30:01.778+0000] {process_utils.py:191} INFO - Downloading urllib3-2.6.2-py3-none-any.whl (131 kB)
[2026-01-01T19:30:01.814+0000] {process_utils.py:191} INFO -    ━━━━━━━━━━━━━━━━━━━━━━━━━━━━━━━━━━━━━━━━ 131.2/131.2 kB 4.3 MB/s eta 0:00:00
[2026-01-01T19:30:01.838+0000] {process_utils.py:191} INFO - Downloading werkzeug-3.1.4-py3-none-any.whl (224 kB)
[2026-01-01T19:30:01.906+0000] {process_utils.py:191} INFO -    ━━━━━━━━━━━━━━━━━━━━━━━━━━━━━━━━━━━━━━━━ 225.0/225.0 kB 3.9 MB/s eta 0:00:00
[2026-01-01T19:30:01.930+0000] {process_utils.py:191} INFO - Downloading zipp-3.23.0-py3-none-any.whl (10 kB)
[2026-01-01T19:30:01.968+0000] {process_utils.py:191} INFO - Downloading mako-1.3.10-py3-none-any.whl (78 kB)
[2026-01-01T19:30:02.004+0000] {process_utils.py:191} INFO -    ━━━━━━━━━━━━━━━━━━━━━━━━━━━━━━━━━━━━━━━━ 78.5/78.5 kB 2.7 MB/s eta 0:00:00
[2026-01-01T19:30:02.028+0000] {process_utils.py:191} INFO - Downloading tomli-2.3.0-py3-none-any.whl (14 kB)
[2026-01-01T19:30:02.068+0000] {process_utils.py:191} INFO - Downloading smmap-5.0.2-py3-none-any.whl (24 kB)
[2026-01-01T19:30:03.548+0000] {process_utils.py:191} INFO - Installing collected packages: pytz, zipp, urllib3, tzdata, typing-extensions, tomli, threadpoolctl, sqlparse, smmap, six, pyyaml, pyparsing, protobuf, pillow, packaging, numpy, markupsafe, markdown, kiwisolver, joblib, itsdangerous, idna, greenlet, fonttools, entrypoints, cycler, cloudpickle, click, charset_normalizer, certifi, blinker, werkzeug, sqlalchemy, scipy, requests, querystring-parser, python-dateutil, pyarrow, Mako, Jinja2, importlib-metadata, gunicorn, gitdb, contourpy, scikit-learn, pandas, matplotlib, gitpython, Flask, docker, alembic, mlflow
[2026-01-01T19:31:04.329+0000] {process_utils.py:191} INFO - Successfully installed Flask-3.1.2 Jinja2-3.1.6 Mako-1.3.10 alembic-1.17.2 blinker-1.9.0 certifi-2025.11.12 charset_normalizer-3.4.4 click-8.3.1 cloudpickle-3.1.2 contourpy-1.3.2 cycler-0.12.1 docker-7.1.0 entrypoints-0.4 fonttools-4.61.1 gitdb-4.0.12 gitpython-3.1.46 greenlet-3.3.0 gunicorn-21.2.0 idna-3.11 importlib-metadata-7.2.1 itsdangerous-2.2.0 joblib-1.5.3 kiwisolver-1.4.9 markdown-3.10 markupsafe-3.0.3 matplotlib-3.10.8 mlflow-2.10.2 numpy-1.26.4 packaging-23.2 pandas-2.3.3 pillow-12.0.0 protobuf-4.25.8 pyarrow-15.0.2 pyparsing-3.3.1 python-dateutil-2.9.0.post0 pytz-2023.4 pyyaml-6.0.3 querystring-parser-1.2.4 requests-2.32.5 scikit-learn-1.7.2 scipy-1.15.3 six-1.17.0 smmap-5.0.2 sqlalchemy-2.0.45 sqlparse-0.5.5 threadpoolctl-3.6.0 tomli-2.3.0 typing-extensions-4.15.0 tzdata-2025.3 urllib3-2.6.2 werkzeug-3.1.4 zipp-3.23.0
[2026-01-01T19:31:04.715+0000] {process_utils.py:191} INFO - 
[2026-01-01T19:31:04.717+0000] {process_utils.py:191} INFO - [notice] A new release of pip is available: 24.1 -> 25.3
[2026-01-01T19:31:04.719+0000] {process_utils.py:191} INFO - [notice] To update, run: python -m pip install --upgrade pip
[2026-01-01T19:31:07.385+0000] {process_utils.py:183} INFO - Executing cmd: /tmp/venv_chbxpbe/bin/python /tmp/venv-callke0yov5r/script.py /tmp/venv-callke0yov5r/script.in /tmp/venv-callke0yov5r/script.out /tmp/venv-callke0yov5r/string_args.txt /tmp/venv-callke0yov5r/termination.log
[2026-01-01T19:31:07.389+0000] {process_utils.py:187} INFO - Output:
[2026-01-01T19:31:07.761+0000] {process_utils.py:191} INFO - Traceback (most recent call last):
[2026-01-01T19:31:07.765+0000] {process_utils.py:191} INFO -   File "/tmp/venv-callke0yov5r/script.py", line 51, in <module>
[2026-01-01T19:31:07.767+0000] {process_utils.py:191} INFO -     res = train_wrapper(*arg_dict["args"], **arg_dict["kwargs"])
[2026-01-01T19:31:07.770+0000] {process_utils.py:191} INFO -   File "/tmp/venv-callke0yov5r/script.py", line 23, in train_wrapper
[2026-01-01T19:31:07.773+0000] {process_utils.py:191} INFO -     from mlflow_models.model_sample.model_sample_train import train
[2026-01-01T19:31:07.776+0000] {process_utils.py:191} INFO - ModuleNotFoundError: No module named 'mlflow_models'
[2026-01-01T19:31:09.160+0000] {taskinstance.py:441} INFO - ::group::Post task execution logs
[2026-01-01T19:31:09.190+0000] {taskinstance.py:2905} ERROR - Task failed with exception
Traceback (most recent call last):
  File "/home/airflow/.local/lib/python3.10/site-packages/airflow/models/taskinstance.py", line 465, in _execute_task
    result = _execute_callable(context=context, **execute_callable_kwargs)
  File "/home/airflow/.local/lib/python3.10/site-packages/airflow/models/taskinstance.py", line 432, in _execute_callable
    return execute_callable(context=context, **execute_callable_kwargs)
  File "/home/airflow/.local/lib/python3.10/site-packages/airflow/models/baseoperator.py", line 401, in wrapper
    return func(self, *args, **kwargs)
  File "/home/airflow/.local/lib/python3.10/site-packages/airflow/operators/python.py", line 437, in execute
    return super().execute(context=serializable_context)
  File "/home/airflow/.local/lib/python3.10/site-packages/airflow/models/baseoperator.py", line 401, in wrapper
    return func(self, *args, **kwargs)
  File "/home/airflow/.local/lib/python3.10/site-packages/airflow/operators/python.py", line 235, in execute
    return_value = self.execute_callable()
  File "/home/airflow/.local/lib/python3.10/site-packages/airflow/operators/python.py", line 759, in execute_callable
    result = self._execute_python_callable_in_subprocess(python_path)
  File "/home/airflow/.local/lib/python3.10/site-packages/airflow/operators/python.py", line 514, in _execute_python_callable_in_subprocess
    raise AirflowException(error_msg) from None
airflow.exceptions.AirflowException: Process returned non-zero exit status 1.
No module named 'mlflow_models'
[2026-01-01T19:31:09.201+0000] {taskinstance.py:1206} INFO - Marking task as FAILED. dag_id=train_model_sample, task_id=train_model, run_id=manual__2026-01-01T19:28:55.914538+00:00, execution_date=20260101T192855, start_date=20260101T192857, end_date=20260101T193109
[2026-01-01T19:31:09.241+0000] {standard_task_runner.py:110} ERROR - Failed to execute job 2 for task train_model (Process returned non-zero exit status 1.
No module named 'mlflow_models'; 189)
[2026-01-01T19:31:09.267+0000] {local_task_job_runner.py:243} INFO - Task exited with return code 1
[2026-01-01T19:31:09.310+0000] {taskinstance.py:3503} INFO - 0 downstream tasks scheduled from follow-on schedule check
[2026-01-01T19:31:09.315+0000] {local_task_job_runner.py:222} INFO - ::endgroup::
